preloaded 1977 session snapshots in 11s
T0004 expires today with no quotes; closing at intrinsic
no quotes for T0010 at 2021-11-17; mark is stale
no quotes for T0010 at 2021-11-19; mark is stale
d0.05_w5_dte7 -5.213414634146342
T0009 expires today with no quotes; closing at intrinsic
no quotes for T0022 at 2021-01-05; mark is stale
no quotes for T0029 at 2021-11-17; mark is stale
no quotes for T0030 at 2021-11-17; mark is stale
no quotes for T0029 at 2021-11-19; mark is stale
no quotes for T0030 at 2021-11-19; mark is stale
T0036 expires today with no quotes; closing at intrinsic
no quotes for T0038 at 2023-12-28; mark is stale
T0038 expires today with no quotes; closing at intrinsic
d0.05_w5_dte14 -1.9950980392156863
T0009 expires today with no quotes; closing at intrinsic
no quotes for T0021 at 2021-01-05; mark is stale
no quotes for T0025 at 2021-07-21; mark is stale
no quotes for T0027 at 2021-11-17; mark is stale
no quotes for T0028 at 2021-11-17; mark is stale
no quotes for T0027 at 2021-11-19; mark is stale
no quotes for T0028 at 2021-11-19; mark is stale
no quotes for T0038 at 2023-12-28; mark is stale
d0.05_w5_dte21 -1.2901785714285694
no quotes for T0013 at 2020-06-23; mark is stale
no quotes for T0017 at 2021-01-05; mark is stale
no quotes for T0018 at 2021-01-05; mark is stale
no quotes for T0021 at 2021-07-21; mark is stale
no quotes for T0022 at 2021-07-21; mark is stale
no quotes for T0024 at 2021-11-17; mark is stale
no quotes for T0025 at 2021-11-17; mark is stale
no quotes for T0024 at 2021-11-19; mark is stale
no quotes for T0025 at 2021-11-19; mark is stale
no quotes for T0032 at 2023-08-24; mark is stale
no quotes for T0033 at 2023-12-28; mark is stale
d0.05_w5_dte30 -3.5000000000000013
T0009 expires today with no quotes; closing at intrinsic
no quotes for T0013 at 2020-06-23; mark is stale
no quotes for T0015 at 2021-01-05; mark is stale
no quotes for T0016 at 2021-01-05; mark is stale
no quotes for T0019 at 2021-07-21; mark is stale
no quotes for T0020 at 2021-07-21; mark is stale
no quotes for T0019 at 2021-08-05; mark is stale
no quotes for T0020 at 2021-08-05; mark is stale
T0019 expires today with no quotes; closing at intrinsic
no quotes for T0020 at 2021-08-06; mark is stale
no quotes for T0021 at 2021-09-10; mark is stale
no quotes for T0022 at 2021-11-17; mark is stale
no quotes for T0023 at 2021-11-17; mark is stale
no quotes for T0022 at 2021-11-19; mark is stale
no quotes for T0023 at 2021-11-19; mark is stale
no quotes for T0029 at 2023-08-24; mark is stale
no quotes for T0030 at 2023-08-24; mark is stale
no quotes for T0031 at 2023-12-28; mark is stale
d0.05_w5_dte45 1.0625
T0004 expires today with no quotes; closing at intrinsic
no quotes for T0011 at 2021-11-17; mark is stale
no quotes for T0011 at 2021-11-19; mark is stale
d0.05_w10_dte7 -13.357142857142858
T0009 expires today with no quotes; closing at intrinsic
no quotes for T0022 at 2021-01-05; mark is stale
no quotes for T0029 at 2021-11-17; mark is stale
no quotes for T0030 at 2021-11-17; mark is stale
no quotes for T0029 at 2021-11-19; mark is stale
no quotes for T0030 at 2021-11-19; mark is stale
T0036 expires today with no quotes; closing at intrinsic
no quotes for T0038 at 2023-12-28; mark is stale
T0038 expires today with no quotes; closing at intrinsic
d0.05_w10_dte14 -2.8088235294117645
T0009 expires today with no quotes; closing at intrinsic
no quotes for T0021 at 2021-01-05; mark is stale
no quotes for T0025 at 2021-07-21; mark is stale
no quotes for T0027 at 2021-11-17; mark is stale
no quotes for T0028 at 2021-11-17; mark is stale
no quotes for T0027 at 2021-11-19; mark is stale
no quotes for T0028 at 2021-11-19; mark is stale
no quotes for T0038 at 2023-12-28; mark is stale
d0.05_w10_dte21 4.558035714285716
no quotes for T0013 at 2020-06-23; mark is stale
no quotes for T0017 at 2021-01-05; mark is stale
no quotes for T0018 at 2021-01-05; mark is stale
no quotes for T0021 at 2021-07-21; mark is stale
no quotes for T0022 at 2021-07-21; mark is stale
no quotes for T0024 at 2021-11-17; mark is stale
no quotes for T0025 at 2021-11-17; mark is stale
no quotes for T0024 at 2021-11-19; mark is stale
no quotes for T0025 at 2021-11-19; mark is stale
no quotes for T0032 at 2023-08-24; mark is stale
no quotes for T0033 at 2023-12-28; mark is stale
d0.05_w10_dte30 -7.34375
T0009 expires today with no quotes; closing at intrinsic
no quotes for T0013 at 2020-06-23; mark is stale
no quotes for T0015 at 2021-01-05; mark is stale
no quotes for T0016 at 2021-01-05; mark is stale
no quotes for T0019 at 2021-07-21; mark is stale
no quotes for T0020 at 2021-07-21; mark is stale
no quotes for T0019 at 2021-08-05; mark is stale
no quotes for T0020 at 2021-08-05; mark is stale
T0019 expires today with no quotes; closing at intrinsic
no quotes for T0020 at 2021-08-06; mark is stale
no quotes for T0021 at 2021-09-10; mark is stale
no quotes for T0022 at 2021-11-17; mark is stale
no quotes for T0023 at 2021-11-17; mark is stale
no quotes for T0022 at 2021-11-19; mark is stale
no quotes for T0023 at 2021-11-19; mark is stale
no quotes for T0029 at 2023-08-24; mark is stale
no quotes for T0030 at 2023-08-24; mark is stale
no quotes for T0031 at 2023-12-28; mark is stale
d0.05_w10_dte45 8.664772727272727
T0004 expires today with no quotes; closing at intrinsic
no quotes for T0011 at 2021-11-17; mark is stale
no quotes for T0011 at 2021-11-19; mark is stale
d0.05_w15_dte7 -23.625
T0009 expires today with no quotes; closing at intrinsic
no quotes for T0022 at 2021-01-05; mark is stale
no quotes for T0029 at 2021-11-17; mark is stale
no quotes for T0030 at 2021-11-17; mark is stale
no quotes for T0029 at 2021-11-19; mark is stale
no quotes for T0030 at 2021-11-19; mark is stale
T0036 expires today with no quotes; closing at intrinsic
no quotes for T0038 at 2023-12-28; mark is stale
T0038 expires today with no quotes; closing at intrinsic
d0.05_w15_dte14 -1.1813725490196079
T0009 expires today with no quotes; closing at intrinsic
no quotes for T0021 at 2021-01-05; mark is stale
no quotes for T0025 at 2021-07-21; mark is stale
no quotes for T0027 at 2021-11-17; mark is stale
no quotes for T0028 at 2021-11-17; mark is stale
no quotes for T0027 at 2021-11-19; mark is stale
no quotes for T0028 at 2021-11-19; mark is stale
no quotes for T0038 at 2023-12-28; mark is stale
d0.05_w15_dte21 7.5669642857142865
no quotes for T0013 at 2020-06-23; mark is stale
no quotes for T0017 at 2021-01-05; mark is stale
no quotes for T0018 at 2021-01-05; mark is stale
no quotes for T0021 at 2021-07-21; mark is stale
no quotes for T0022 at 2021-07-21; mark is stale
no quotes for T0024 at 2021-11-17; mark is stale
no quotes for T0025 at 2021-11-17; mark is stale
no quotes for T0024 at 2021-11-19; mark is stale
no quotes for T0025 at 2021-11-19; mark is stale
no quotes for T0032 at 2023-08-24; mark is stale
no quotes for T0033 at 2023-12-28; mark is stale
d0.05_w15_dte30 -9.645833333333334
T0009 expires today with no quotes; closing at intrinsic
no quotes for T0013 at 2020-06-23; mark is stale
no quotes for T0015 at 2021-01-05; mark is stale
no quotes for T0016 at 2021-01-05; mark is stale
no quotes for T0019 at 2021-07-21; mark is stale
no quotes for T0020 at 2021-07-21; mark is stale
no quotes for T0019 at 2021-08-05; mark is stale
no quotes for T0020 at 2021-08-05; mark is stale
T0019 expires today with no quotes; closing at intrinsic
no quotes for T0020 at 2021-08-06; mark is stale
no quotes for T0021 at 2021-09-10; mark is stale
no quotes for T0022 at 2021-11-17; mark is stale
no quotes for T0023 at 2021-11-17; mark is stale
no quotes for T0022 at 2021-11-19; mark is stale
no quotes for T0023 at 2021-11-19; mark is stale
no quotes for T0029 at 2023-08-24; mark is stale
no quotes for T0030 at 2023-08-24; mark is stale
no quotes for T0031 at 2023-12-28; mark is stale
d0.05_w15_dte45 13.477272727272727
T0004 expires today with no quotes; closing at intrinsic
no quotes for T0011 at 2021-11-17; mark is stale
no quotes for T0011 at 2021-11-19; mark is stale
d0.08_w5_dte7 -11.327380952380953
T0011 expires today with no quotes; closing at intrinsic
no quotes for T0025 at 2021-01-05; mark is stale
no quotes for T0032 at 2021-11-17; mark is stale
no quotes for T0033 at 2021-11-17; mark is stale
no quotes for T0032 at 2021-11-19; mark is stale
no quotes for T0033 at 2021-11-19; mark is stale
T0040 expires today with no quotes; closing at intrinsic
no quotes for T0042 at 2023-12-28; mark is stale
T0042 expires today with no quotes; closing at intrinsic
d0.08_w5_dte14 -5.530701754385963
T0009 expires today with no quotes; closing at intrinsic
no quotes for T0016 at 2020-06-23; mark is stale
no quotes for T0022 at 2021-01-05; mark is stale
no quotes for T0026 at 2021-07-21; mark is stale
no quotes for T0028 at 2021-11-17; mark is stale
no quotes for T0029 at 2021-11-17; mark is stale
no quotes for T0028 at 2021-11-19; mark is stale
no quotes for T0029 at 2021-11-19; mark is stale
no quotes for T0039 at 2023-12-28; mark is stale
no quotes for T0039 at 2023-12-29; mark is stale
no quotes for T0039 at 2024-01-02; mark is stale
no quotes for T0039 at 2024-01-03; mark is stale
no quotes for T0039 at 2024-01-04; mark is stale
T0039 expires today with no quotes; closing at intrinsic
d0.08_w5_dte21 -5.5131578947368425
no quotes for T0014 at 2020-06-23; mark is stale
no quotes for T0018 at 2021-01-05; mark is stale
no quotes for T0019 at 2021-01-05; mark is stale
no quotes for T0022 at 2021-07-21; mark is stale
no quotes for T0023 at 2021-07-21; mark is stale
no quotes for T0025 at 2021-11-17; mark is stale
no quotes for T0026 at 2021-11-17; mark is stale
no quotes for T0025 at 2021-11-19; mark is stale
no quotes for T0026 at 2021-11-19; mark is stale
no quotes for T0033 at 2023-08-24; mark is stale
no quotes for T0034 at 2023-12-28; mark is stale
d0.08_w5_dte30 -21.010204081632654
T0009 expires today with no quotes; closing at intrinsic
no quotes for T0013 at 2020-06-23; mark is stale
no quotes for T0016 at 2021-01-05; mark is stale
no quotes for T0017 at 2021-01-05; mark is stale
no quotes for T0020 at 2021-07-21; mark is stale
no quotes for T0021 at 2021-07-21; mark is stale
no quotes for T0020 at 2021-08-05; mark is stale
no quotes for T0021 at 2021-08-05; mark is stale
T0020 expires today with no quotes; closing at intrinsic
no quotes for T0021 at 2021-08-06; mark is stale
no quotes for T0022 at 2021-09-10; mark is stale
no quotes for T0023 at 2021-11-17; mark is stale
no quotes for T0024 at 2021-11-17; mark is stale
no quotes for T0023 at 2021-11-19; mark is stale
no quotes for T0024 at 2021-11-19; mark is stale
no quotes for T0030 at 2023-08-24; mark is stale
no quotes for T0031 at 2023-08-24; mark is stale
no quotes for T0032 at 2023-12-28; mark is stale
d0.08_w5_dte45 -13.350380084509613
T0004 expires today with no quotes; closing at intrinsic
no quotes for T0011 at 2021-11-17; mark is stale
no quotes for T0011 at 2021-11-19; mark is stale
d0.08_w10_dte7 -21.285714285714285
T0011 expires today with no quotes; closing at intrinsic
no quotes for T0025 at 2021-01-05; mark is stale
no quotes for T0032 at 2021-11-17; mark is stale
no quotes for T0033 at 2021-11-17; mark is stale
no quotes for T0032 at 2021-11-19; mark is stale
no quotes for T0033 at 2021-11-19; mark is stale
T0040 expires today with no quotes; closing at intrinsic
no quotes for T0042 at 2023-12-28; mark is stale
T0042 expires today with no quotes; closing at intrinsic
d0.08_w10_dte14 -9.118421052631579
T0009 expires today with no quotes; closing at intrinsic
no quotes for T0016 at 2020-06-23; mark is stale
no quotes for T0022 at 2021-01-05; mark is stale
no quotes for T0026 at 2021-07-21; mark is stale
no quotes for T0028 at 2021-11-17; mark is stale
no quotes for T0029 at 2021-11-17; mark is stale
no quotes for T0028 at 2021-11-19; mark is stale
no quotes for T0029 at 2021-11-19; mark is stale
no quotes for T0039 at 2023-12-28; mark is stale
no quotes for T0039 at 2023-12-29; mark is stale
no quotes for T0039 at 2024-01-02; mark is stale
no quotes for T0039 at 2024-01-03; mark is stale
no quotes for T0039 at 2024-01-04; mark is stale
T0039 expires today with no quotes; closing at intrinsic
d0.08_w10_dte21 -1.2456140350877194
no quotes for T0014 at 2020-06-23; mark is stale
no quotes for T0018 at 2021-01-05; mark is stale
no quotes for T0019 at 2021-01-05; mark is stale
no quotes for T0022 at 2021-07-21; mark is stale
no quotes for T0023 at 2021-07-21; mark is stale
no quotes for T0025 at 2021-11-17; mark is stale
no quotes for T0026 at 2021-11-17; mark is stale
no quotes for T0025 at 2021-11-19; mark is stale
no quotes for T0026 at 2021-11-19; mark is stale
no quotes for T0033 at 2023-08-24; mark is stale
no quotes for T0034 at 2023-12-28; mark is stale
d0.08_w10_dte30 -19.520408163265312
T0009 expires today with no quotes; closing at intrinsic
no quotes for T0013 at 2020-06-23; mark is stale
no quotes for T0016 at 2021-01-05; mark is stale
no quotes for T0017 at 2021-01-05; mark is stale
no quotes for T0020 at 2021-07-21; mark is stale
no quotes for T0021 at 2021-07-21; mark is stale
no quotes for T0020 at 2021-08-05; mark is stale
no quotes for T0021 at 2021-08-05; mark is stale
T0020 expires today with no quotes; closing at intrinsic
no quotes for T0021 at 2021-08-06; mark is stale
no quotes for T0022 at 2021-09-10; mark is stale
no quotes for T0023 at 2021-11-17; mark is stale
no quotes for T0024 at 2021-11-17; mark is stale
no quotes for T0023 at 2021-11-19; mark is stale
no quotes for T0024 at 2021-11-19; mark is stale
no quotes for T0030 at 2023-08-24; mark is stale
no quotes for T0031 at 2023-08-24; mark is stale
no quotes for T0032 at 2023-12-28; mark is stale
d0.08_w10_dte45 -4.649293127987871
T0004 expires today with no quotes; closing at intrinsic
no quotes for T0011 at 2021-11-17; mark is stale
no quotes for T0011 at 2021-11-19; mark is stale
d0.08_w15_dte7 -30.452380952380953
T0011 expires today with no quotes; closing at intrinsic
no quotes for T0025 at 2021-01-05; mark is stale
no quotes for T0032 at 2021-11-17; mark is stale
no quotes for T0033 at 2021-11-17; mark is stale
no quotes for T0032 at 2021-11-19; mark is stale
no quotes for T0033 at 2021-11-19; mark is stale
T0040 expires today with no quotes; closing at intrinsic
no quotes for T0042 at 2023-12-28; mark is stale
T0042 expires today with no quotes; closing at intrinsic
d0.08_w15_dte14 -14.820175438596491
T0009 expires today with no quotes; closing at intrinsic
no quotes for T0016 at 2020-06-23; mark is stale
no quotes for T0022 at 2021-01-05; mark is stale
no quotes for T0026 at 2021-07-21; mark is stale
no quotes for T0028 at 2021-11-17; mark is stale
no quotes for T0029 at 2021-11-17; mark is stale
no quotes for T0028 at 2021-11-19; mark is stale
no quotes for T0029 at 2021-11-19; mark is stale
no quotes for T0039 at 2023-12-28; mark is stale
no quotes for T0039 at 2023-12-29; mark is stale
no quotes for T0039 at 2024-01-02; mark is stale
no quotes for T0039 at 2024-01-03; mark is stale
no quotes for T0039 at 2024-01-04; mark is stale
T0039 expires today with no quotes; closing at intrinsic
d0.08_w15_dte21 4.039473684210522
no quotes for T0014 at 2020-06-23; mark is stale
no quotes for T0018 at 2021-01-05; mark is stale
no quotes for T0019 at 2021-01-05; mark is stale
no quotes for T0022 at 2021-07-21; mark is stale
no quotes for T0023 at 2021-07-21; mark is stale
no quotes for T0025 at 2021-11-17; mark is stale
no quotes for T0026 at 2021-11-17; mark is stale
no quotes for T0025 at 2021-11-19; mark is stale
no quotes for T0026 at 2021-11-19; mark is stale
no quotes for T0033 at 2023-08-24; mark is stale
no quotes for T0034 at 2023-12-28; mark is stale
d0.08_w15_dte30 -22.887755102040817
T0009 expires today with no quotes; closing at intrinsic
no quotes for T0013 at 2020-06-23; mark is stale
no quotes for T0016 at 2021-01-05; mark is stale
no quotes for T0017 at 2021-01-05; mark is stale
no quotes for T0020 at 2021-07-21; mark is stale
no quotes for T0021 at 2021-07-21; mark is stale
no quotes for T0020 at 2021-08-05; mark is stale
no quotes for T0021 at 2021-08-05; mark is stale
T0020 expires today with no quotes; closing at intrinsic
no quotes for T0021 at 2021-08-06; mark is stale
no quotes for T0022 at 2021-09-10; mark is stale
no quotes for T0023 at 2021-11-17; mark is stale
no quotes for T0024 at 2021-11-17; mark is stale
no quotes for T0023 at 2021-11-19; mark is stale
no quotes for T0024 at 2021-11-19; mark is stale
no quotes for T0030 at 2023-08-24; mark is stale
no quotes for T0031 at 2023-08-24; mark is stale
no quotes for T0032 at 2023-12-28; mark is stale
d0.08_w15_dte45 3.008315567664303
T0004 expires today with no quotes; closing at intrinsic
no quotes for T0011 at 2021-11-17; mark is stale
no quotes for T0011 at 2021-11-19; mark is stale
d0.10_w5_dte7 -16.916666666666668
T0011 expires today with no quotes; closing at intrinsic
no quotes for T0025 at 2021-01-05; mark is stale
no quotes for T0032 at 2021-11-17; mark is stale
no quotes for T0033 at 2021-11-17; mark is stale
no quotes for T0032 at 2021-11-19; mark is stale
no quotes for T0033 at 2021-11-19; mark is stale
T0040 expires today with no quotes; closing at intrinsic
no quotes for T0042 at 2023-12-28; mark is stale
T0042 expires today with no quotes; closing at intrinsic
d0.10_w5_dte14 -20.311403508771935
T0009 expires today with no quotes; closing at intrinsic
no quotes for T0016 at 2020-06-23; mark is stale
no quotes for T0022 at 2021-01-05; mark is stale
no quotes for T0026 at 2021-07-21; mark is stale
no quotes for T0028 at 2021-11-17; mark is stale
no quotes for T0029 at 2021-11-17; mark is stale
no quotes for T0028 at 2021-11-19; mark is stale
no quotes for T0029 at 2021-11-19; mark is stale
no quotes for T0039 at 2023-12-28; mark is stale
d0.10_w5_dte21 -3.6096491228070176
no quotes for T0014 at 2020-06-23; mark is stale
no quotes for T0018 at 2021-01-05; mark is stale
no quotes for T0019 at 2021-01-05; mark is stale
no quotes for T0022 at 2021-07-21; mark is stale
no quotes for T0023 at 2021-07-21; mark is stale
no quotes for T0025 at 2021-11-17; mark is stale
no quotes for T0026 at 2021-11-17; mark is stale
no quotes for T0025 at 2021-11-19; mark is stale
no quotes for T0026 at 2021-11-19; mark is stale
no quotes for T0034 at 2023-08-24; mark is stale
no quotes for T0035 at 2023-12-28; mark is stale
d0.10_w5_dte30 -25.292999999999832
T0009 expires today with no quotes; closing at intrinsic
no quotes for T0013 at 2020-06-23; mark is stale
no quotes for T0016 at 2021-01-05; mark is stale
no quotes for T0017 at 2021-01-05; mark is stale
no quotes for T0020 at 2021-07-21; mark is stale
no quotes for T0021 at 2021-07-21; mark is stale
no quotes for T0020 at 2021-08-05; mark is stale
no quotes for T0021 at 2021-08-05; mark is stale
T0020 expires today with no quotes; closing at intrinsic
no quotes for T0021 at 2021-08-06; mark is stale
no quotes for T0022 at 2021-09-10; mark is stale
no quotes for T0023 at 2021-11-17; mark is stale
no quotes for T0024 at 2021-11-17; mark is stale
no quotes for T0023 at 2021-11-19; mark is stale
no quotes for T0024 at 2021-11-19; mark is stale
no quotes for T0030 at 2023-08-24; mark is stale
no quotes for T0031 at 2023-08-24; mark is stale
no quotes for T0032 at 2023-12-28; mark is stale
d0.10_w5_dte45 -24.111249649727004
T0004 expires today with no quotes; closing at intrinsic
no quotes for T0011 at 2021-11-17; mark is stale
no quotes for T0011 at 2021-11-19; mark is stale
d0.10_w10_dte7 -15.791666666666666
T0011 expires today with no quotes; closing at intrinsic
no quotes for T0025 at 2021-01-05; mark is stale
no quotes for T0032 at 2021-11-17; mark is stale
no quotes for T0033 at 2021-11-17; mark is stale
no quotes for T0032 at 2021-11-19; mark is stale
no quotes for T0033 at 2021-11-19; mark is stale
T0040 expires today with no quotes; closing at intrinsic
no quotes for T0042 at 2023-12-28; mark is stale
T0042 expires today with no quotes; closing at intrinsic
d0.10_w10_dte14 -28.223684210526322
T0009 expires today with no quotes; closing at intrinsic
no quotes for T0016 at 2020-06-23; mark is stale
no quotes for T0022 at 2021-01-05; mark is stale
no quotes for T0026 at 2021-07-21; mark is stale
no quotes for T0028 at 2021-11-17; mark is stale
no quotes for T0029 at 2021-11-17; mark is stale
no quotes for T0028 at 2021-11-19; mark is stale
no quotes for T0029 at 2021-11-19; mark is stale
no quotes for T0039 at 2023-12-28; mark is stale
d0.10_w10_dte21 -4.114035087719298
no quotes for T0014 at 2020-06-23; mark is stale
no quotes for T0018 at 2021-01-05; mark is stale
no quotes for T0019 at 2021-01-05; mark is stale
no quotes for T0022 at 2021-07-21; mark is stale
no quotes for T0023 at 2021-07-21; mark is stale
no quotes for T0025 at 2021-11-17; mark is stale
no quotes for T0026 at 2021-11-17; mark is stale
no quotes for T0025 at 2021-11-19; mark is stale
no quotes for T0026 at 2021-11-19; mark is stale
no quotes for T0034 at 2023-08-24; mark is stale
no quotes for T0035 at 2023-12-28; mark is stale
d0.10_w10_dte30 -33.29299999999983
T0009 expires today with no quotes; closing at intrinsic
no quotes for T0013 at 2020-06-23; mark is stale
no quotes for T0016 at 2021-01-05; mark is stale
no quotes for T0017 at 2021-01-05; mark is stale
no quotes for T0020 at 2021-07-21; mark is stale
no quotes for T0021 at 2021-07-21; mark is stale
no quotes for T0020 at 2021-08-05; mark is stale
no quotes for T0021 at 2021-08-05; mark is stale
T0020 expires today with no quotes; closing at intrinsic
no quotes for T0021 at 2021-08-06; mark is stale
no quotes for T0022 at 2021-09-10; mark is stale
no quotes for T0023 at 2021-11-17; mark is stale
no quotes for T0024 at 2021-11-17; mark is stale
no quotes for T0023 at 2021-11-19; mark is stale
no quotes for T0024 at 2021-11-19; mark is stale
no quotes for T0030 at 2023-08-24; mark is stale
no quotes for T0031 at 2023-08-24; mark is stale
no quotes for T0032 at 2023-12-28; mark is stale
d0.10_w10_dte45 -23.334075736683527
T0004 expires today with no quotes; closing at intrinsic
no quotes for T0011 at 2021-11-17; mark is stale
no quotes for T0011 at 2021-11-19; mark is stale
d0.10_w15_dte7 -24.619047619047624
T0011 expires today with no quotes; closing at intrinsic
no quotes for T0025 at 2021-01-05; mark is stale
no quotes for T0032 at 2021-11-17; mark is stale
no quotes for T0033 at 2021-11-17; mark is stale
no quotes for T0032 at 2021-11-19; mark is stale
no quotes for T0033 at 2021-11-19; mark is stale
T0040 expires today with no quotes; closing at intrinsic
no quotes for T0042 at 2023-12-28; mark is stale
T0042 expires today with no quotes; closing at intrinsic
d0.10_w15_dte14 -33.328947368421055
T0009 expires today with no quotes; closing at intrinsic
no quotes for T0016 at 2020-06-23; mark is stale
no quotes for T0022 at 2021-01-05; mark is stale
no quotes for T0026 at 2021-07-21; mark is stale
no quotes for T0028 at 2021-11-17; mark is stale
no quotes for T0029 at 2021-11-17; mark is stale
no quotes for T0028 at 2021-11-19; mark is stale
no quotes for T0029 at 2021-11-19; mark is stale
no quotes for T0039 at 2023-12-28; mark is stale
d0.10_w15_dte21 0.5921052631578927
no quotes for T0014 at 2020-06-23; mark is stale
no quotes for T0018 at 2021-01-05; mark is stale
no quotes for T0019 at 2021-01-05; mark is stale
no quotes for T0022 at 2021-07-21; mark is stale
no quotes for T0023 at 2021-07-21; mark is stale
no quotes for T0025 at 2021-11-17; mark is stale
no quotes for T0026 at 2021-11-17; mark is stale
no quotes for T0025 at 2021-11-19; mark is stale
no quotes for T0026 at 2021-11-19; mark is stale
no quotes for T0034 at 2023-08-24; mark is stale
no quotes for T0035 at 2023-12-28; mark is stale
d0.10_w15_dte30 -38.51799999999984
T0009 expires today with no quotes; closing at intrinsic
no quotes for T0013 at 2020-06-23; mark is stale
no quotes for T0016 at 2021-01-05; mark is stale
no quotes for T0017 at 2021-01-05; mark is stale
no quotes for T0020 at 2021-07-21; mark is stale
no quotes for T0021 at 2021-07-21; mark is stale
no quotes for T0020 at 2021-08-05; mark is stale
no quotes for T0021 at 2021-08-05; mark is stale
T0020 expires today with no quotes; closing at intrinsic
no quotes for T0021 at 2021-08-06; mark is stale
no quotes for T0022 at 2021-09-10; mark is stale
no quotes for T0023 at 2021-11-17; mark is stale
no quotes for T0024 at 2021-11-17; mark is stale
no quotes for T0023 at 2021-11-19; mark is stale
no quotes for T0024 at 2021-11-19; mark is stale
no quotes for T0030 at 2023-08-24; mark is stale
no quotes for T0031 at 2023-08-24; mark is stale
no quotes for T0032 at 2023-12-28; mark is stale
d0.10_w15_dte45 -12.611249649726995
T0004 expires today with no quotes; closing at intrinsic
no quotes for T0011 at 2021-11-17; mark is stale
no quotes for T0011 at 2021-11-19; mark is stale
d0.12_w5_dte7 -16.422619047619047
T0011 expires today with no quotes; closing at intrinsic
no quotes for T0025 at 2021-01-05; mark is stale
no quotes for T0032 at 2021-11-17; mark is stale
no quotes for T0033 at 2021-11-17; mark is stale
no quotes for T0032 at 2021-11-19; mark is stale
no quotes for T0033 at 2021-11-19; mark is stale
T0041 expires today with no quotes; closing at intrinsic
no quotes for T0043 at 2023-12-28; mark is stale
T0043 expires today with no quotes; closing at intrinsic
d0.12_w5_dte14 -14.652542372881356
T0009 expires today with no quotes; closing at intrinsic
no quotes for T0016 at 2020-06-23; mark is stale
no quotes for T0022 at 2021-01-05; mark is stale
no quotes for T0026 at 2021-07-21; mark is stale
no quotes for T0028 at 2021-11-17; mark is stale
no quotes for T0029 at 2021-11-17; mark is stale
no quotes for T0028 at 2021-11-19; mark is stale
no quotes for T0029 at 2021-11-19; mark is stale
no quotes for T0039 at 2023-12-28; mark is stale
no quotes for T0039 at 2023-12-29; mark is stale
no quotes for T0039 at 2024-01-02; mark is stale
no quotes for T0039 at 2024-01-03; mark is stale
no quotes for T0039 at 2024-01-04; mark is stale
T0039 expires today with no quotes; closing at intrinsic
d0.12_w5_dte21 -6.280701754385965
no quotes for T0014 at 2020-06-23; mark is stale
no quotes for T0018 at 2021-01-05; mark is stale
no quotes for T0019 at 2021-01-05; mark is stale
no quotes for T0022 at 2021-07-21; mark is stale
no quotes for T0023 at 2021-07-21; mark is stale
no quotes for T0025 at 2021-11-17; mark is stale
no quotes for T0026 at 2021-11-17; mark is stale
no quotes for T0025 at 2021-11-19; mark is stale
no quotes for T0026 at 2021-11-19; mark is stale
no quotes for T0034 at 2023-08-24; mark is stale
no quotes for T0035 at 2023-12-28; mark is stale
d0.12_w5_dte30 -26.167999999999832
T0009 expires today with no quotes; closing at intrinsic
no quotes for T0013 at 2020-06-23; mark is stale
no quotes for T0016 at 2021-01-05; mark is stale
no quotes for T0017 at 2021-01-05; mark is stale
no quotes for T0020 at 2021-07-21; mark is stale
no quotes for T0021 at 2021-07-21; mark is stale
no quotes for T0020 at 2021-08-05; mark is stale
no quotes for T0021 at 2021-08-05; mark is stale
T0020 expires today with no quotes; closing at intrinsic
no quotes for T0021 at 2021-08-06; mark is stale
no quotes for T0022 at 2021-09-10; mark is stale
no quotes for T0023 at 2021-11-17; mark is stale
no quotes for T0024 at 2021-11-17; mark is stale
no quotes for T0023 at 2021-11-19; mark is stale
no quotes for T0024 at 2021-11-19; mark is stale
no quotes for T0030 at 2023-08-24; mark is stale
no quotes for T0031 at 2023-08-24; mark is stale
no quotes for T0032 at 2023-12-28; mark is stale
d0.12_w5_dte45 -26.17646704103135
T0004 expires today with no quotes; closing at intrinsic
no quotes for T0011 at 2021-11-17; mark is stale
no quotes for T0011 at 2021-11-19; mark is stale
d0.12_w10_dte7 -18.49404761904762
T0011 expires today with no quotes; closing at intrinsic
no quotes for T0025 at 2021-01-05; mark is stale
no quotes for T0032 at 2021-11-17; mark is stale
no quotes for T0033 at 2021-11-17; mark is stale
no quotes for T0032 at 2021-11-19; mark is stale
no quotes for T0033 at 2021-11-19; mark is stale
T0041 expires today with no quotes; closing at intrinsic
no quotes for T0043 at 2023-12-28; mark is stale
T0043 expires today with no quotes; closing at intrinsic
d0.12_w10_dte14 -21.402542372881356
T0009 expires today with no quotes; closing at intrinsic
no quotes for T0016 at 2020-06-23; mark is stale
no quotes for T0022 at 2021-01-05; mark is stale
no quotes for T0026 at 2021-07-21; mark is stale
no quotes for T0028 at 2021-11-17; mark is stale
no quotes for T0029 at 2021-11-17; mark is stale
no quotes for T0028 at 2021-11-19; mark is stale
no quotes for T0029 at 2021-11-19; mark is stale
no quotes for T0039 at 2023-12-28; mark is stale
d0.12_w10_dte21 -7.7631578947368425
no quotes for T0014 at 2020-06-23; mark is stale
no quotes for T0018 at 2021-01-05; mark is stale
no quotes for T0019 at 2021-01-05; mark is stale
no quotes for T0022 at 2021-07-21; mark is stale
no quotes for T0023 at 2021-07-21; mark is stale
no quotes for T0025 at 2021-11-17; mark is stale
no quotes for T0026 at 2021-11-17; mark is stale
no quotes for T0025 at 2021-11-19; mark is stale
no quotes for T0026 at 2021-11-19; mark is stale
no quotes for T0034 at 2023-08-24; mark is stale
no quotes for T0035 at 2023-12-28; mark is stale
d0.12_w10_dte30 -32.65299999999983
T0009 expires today with no quotes; closing at intrinsic
no quotes for T0013 at 2020-06-23; mark is stale
no quotes for T0016 at 2021-01-05; mark is stale
no quotes for T0017 at 2021-01-05; mark is stale
no quotes for T0020 at 2021-07-21; mark is stale
no quotes for T0021 at 2021-07-21; mark is stale
no quotes for T0020 at 2021-08-05; mark is stale
no quotes for T0021 at 2021-08-05; mark is stale
T0020 expires today with no quotes; closing at intrinsic
no quotes for T0021 at 2021-08-06; mark is stale
no quotes for T0022 at 2021-09-10; mark is stale
no quotes for T0023 at 2021-11-17; mark is stale
no quotes for T0024 at 2021-11-17; mark is stale
no quotes for T0023 at 2021-11-19; mark is stale
no quotes for T0024 at 2021-11-19; mark is stale
no quotes for T0030 at 2023-08-24; mark is stale
no quotes for T0031 at 2023-08-24; mark is stale
no quotes for T0032 at 2023-12-28; mark is stale
d0.12_w10_dte45 -29.323206171466133
T0004 expires today with no quotes; closing at intrinsic
no quotes for T0011 at 2021-11-17; mark is stale
no quotes for T0011 at 2021-11-19; mark is stale
d0.12_w15_dte7 -26.267857142857142
T0011 expires today with no quotes; closing at intrinsic
no quotes for T0025 at 2021-01-05; mark is stale
no quotes for T0032 at 2021-11-17; mark is stale
no quotes for T0033 at 2021-11-17; mark is stale
no quotes for T0032 at 2021-11-19; mark is stale
no quotes for T0033 at 2021-11-19; mark is stale
T0041 expires today with no quotes; closing at intrinsic
no quotes for T0043 at 2023-12-28; mark is stale
T0043 expires today with no quotes; closing at intrinsic
d0.12_w15_dte14 -25.072033898305083
T0009 expires today with no quotes; closing at intrinsic
no quotes for T0016 at 2020-06-23; mark is stale
no quotes for T0022 at 2021-01-05; mark is stale
no quotes for T0026 at 2021-07-21; mark is stale
no quotes for T0028 at 2021-11-17; mark is stale
no quotes for T0029 at 2021-11-17; mark is stale
no quotes for T0028 at 2021-11-19; mark is stale
no quotes for T0029 at 2021-11-19; mark is stale
no quotes for T0039 at 2023-12-28; mark is stale
d0.12_w15_dte21 -11.144736842105264
no quotes for T0014 at 2020-06-23; mark is stale
no quotes for T0018 at 2021-01-05; mark is stale
no quotes for T0019 at 2021-01-05; mark is stale
no quotes for T0022 at 2021-07-21; mark is stale
no quotes for T0023 at 2021-07-21; mark is stale
no quotes for T0025 at 2021-11-17; mark is stale
no quotes for T0026 at 2021-11-17; mark is stale
no quotes for T0025 at 2021-11-19; mark is stale
no quotes for T0026 at 2021-11-19; mark is stale
no quotes for T0034 at 2023-08-24; mark is stale
no quotes for T0035 at 2023-12-28; mark is stale
d0.12_w15_dte30 -36.32799999999984
T0009 expires today with no quotes; closing at intrinsic
no quotes for T0013 at 2020-06-23; mark is stale
no quotes for T0016 at 2021-01-05; mark is stale
no quotes for T0017 at 2021-01-05; mark is stale
no quotes for T0020 at 2021-07-21; mark is stale
no quotes for T0021 at 2021-07-21; mark is stale
no quotes for T0020 at 2021-08-05; mark is stale
no quotes for T0021 at 2021-08-05; mark is stale
T0020 expires today with no quotes; closing at intrinsic
no quotes for T0021 at 2021-08-06; mark is stale
no quotes for T0022 at 2021-09-10; mark is stale
no quotes for T0023 at 2021-11-17; mark is stale
no quotes for T0024 at 2021-11-17; mark is stale
no quotes for T0023 at 2021-11-19; mark is stale
no quotes for T0024 at 2021-11-19; mark is stale
no quotes for T0030 at 2023-08-24; mark is stale
no quotes for T0031 at 2023-08-24; mark is stale
no quotes for T0032 at 2023-12-28; mark is stale
d0.12_w15_dte45 -26.823206171466133
T0004 expires today with no quotes; closing at intrinsic
no quotes for T0011 at 2021-11-17; mark is stale
no quotes for T0011 at 2021-11-19; mark is stale
d0.15_w5_dte7 -18.898809523809526
T0011 expires today with no quotes; closing at intrinsic
no quotes for T0025 at 2021-01-05; mark is stale
no quotes for T0032 at 2021-11-17; mark is stale
no quotes for T0033 at 2021-11-17; mark is stale
no quotes for T0032 at 2021-11-19; mark is stale
no quotes for T0033 at 2021-11-19; mark is stale
T0041 expires today with no quotes; closing at intrinsic
no quotes for T0044 at 2023-12-28; mark is stale
T0044 expires today with no quotes; closing at intrinsic
d0.15_w5_dte14 -9.889344262295081
T0009 expires today with no quotes; closing at intrinsic
no quotes for T0016 at 2020-06-23; mark is stale
no quotes for T0022 at 2021-01-05; mark is stale
no quotes for T0026 at 2021-07-21; mark is stale
no quotes for T0028 at 2021-11-17; mark is stale
no quotes for T0029 at 2021-11-17; mark is stale
no quotes for T0028 at 2021-11-19; mark is stale
no quotes for T0029 at 2021-11-19; mark is stale
no quotes for T0039 at 2023-12-28; mark is stale
no quotes for T0039 at 2023-12-29; mark is stale
no quotes for T0039 at 2024-01-02; mark is stale
no quotes for T0039 at 2024-01-03; mark is stale
no quotes for T0039 at 2024-01-04; mark is stale
T0039 expires today with no quotes; closing at intrinsic
d0.15_w5_dte21 -8.394736842105267
no quotes for T0014 at 2020-06-23; mark is stale
no quotes for T0018 at 2021-01-05; mark is stale
no quotes for T0019 at 2021-01-05; mark is stale
no quotes for T0022 at 2021-07-21; mark is stale
no quotes for T0023 at 2021-07-21; mark is stale
no quotes for T0025 at 2021-11-17; mark is stale
no quotes for T0026 at 2021-11-17; mark is stale
no quotes for T0025 at 2021-11-19; mark is stale
no quotes for T0026 at 2021-11-19; mark is stale
no quotes for T0034 at 2023-08-24; mark is stale
no quotes for T0035 at 2023-12-28; mark is stale
no quotes for T0035 at 2023-12-29; mark is stale
no quotes for T0035 at 2024-01-02; mark is stale
no quotes for T0035 at 2024-01-03; mark is stale
no quotes for T0035 at 2024-01-04; mark is stale
no quotes for T0035 at 2024-01-05; mark is stale
no quotes for T0035 at 2024-01-08; mark is stale
no quotes for T0035 at 2024-01-09; mark is stale
no quotes for T0035 at 2024-01-10; mark is stale
no quotes for T0035 at 2024-01-11; mark is stale
no quotes for T0035 at 2024-01-12; mark is stale
no quotes for T0035 at 2024-01-16; mark is stale
no quotes for T0035 at 2024-01-17; mark is stale
no quotes for T0035 at 2024-01-18; mark is stale
T0035 expires today with no quotes; closing at intrinsic
d0.15_w5_dte30 -30.087999999999834
T0009 expires today with no quotes; closing at intrinsic
no quotes for T0013 at 2020-06-23; mark is stale
no quotes for T0016 at 2021-01-05; mark is stale
no quotes for T0017 at 2021-01-05; mark is stale
no quotes for T0020 at 2021-07-21; mark is stale
no quotes for T0021 at 2021-07-21; mark is stale
no quotes for T0020 at 2021-08-05; mark is stale
no quotes for T0021 at 2021-08-05; mark is stale
T0020 expires today with no quotes; closing at intrinsic
no quotes for T0021 at 2021-08-06; mark is stale
no quotes for T0022 at 2021-09-10; mark is stale
no quotes for T0023 at 2021-11-17; mark is stale
no quotes for T0024 at 2021-11-17; mark is stale
no quotes for T0023 at 2021-11-19; mark is stale
no quotes for T0024 at 2021-11-19; mark is stale
no quotes for T0030 at 2023-08-24; mark is stale
no quotes for T0031 at 2023-08-24; mark is stale
no quotes for T0032 at 2023-12-28; mark is stale
d0.15_w5_dte45 -17.864201784839064
T0004 expires today with no quotes; closing at intrinsic
no quotes for T0011 at 2021-11-17; mark is stale
no quotes for T0011 at 2021-11-19; mark is stale
d0.15_w10_dte7 -25.351190476190474
T0011 expires today with no quotes; closing at intrinsic
no quotes for T0025 at 2021-01-05; mark is stale
no quotes for T0032 at 2021-11-17; mark is stale
no quotes for T0033 at 2021-11-17; mark is stale
no quotes for T0032 at 2021-11-19; mark is stale
no quotes for T0033 at 2021-11-19; mark is stale
T0041 expires today with no quotes; closing at intrinsic
no quotes for T0044 at 2023-12-28; mark is stale
T0044 expires today with no quotes; closing at intrinsic
d0.15_w10_dte14 -18.87295081967213
T0009 expires today with no quotes; closing at intrinsic
no quotes for T0016 at 2020-06-23; mark is stale
no quotes for T0022 at 2021-01-05; mark is stale
no quotes for T0026 at 2021-07-21; mark is stale
no quotes for T0028 at 2021-11-17; mark is stale
no quotes for T0029 at 2021-11-17; mark is stale
no quotes for T0028 at 2021-11-19; mark is stale
no quotes for T0029 at 2021-11-19; mark is stale
no quotes for T0039 at 2023-12-28; mark is stale
d0.15_w10_dte21 -5.7500000000000036
no quotes for T0014 at 2020-06-23; mark is stale
no quotes for T0018 at 2021-01-05; mark is stale
no quotes for T0019 at 2021-01-05; mark is stale
no quotes for T0022 at 2021-07-21; mark is stale
no quotes for T0023 at 2021-07-21; mark is stale
no quotes for T0025 at 2021-11-17; mark is stale
no quotes for T0026 at 2021-11-17; mark is stale
no quotes for T0025 at 2021-11-19; mark is stale
no quotes for T0026 at 2021-11-19; mark is stale
no quotes for T0034 at 2023-08-24; mark is stale
no quotes for T0035 at 2023-12-28; mark is stale
no quotes for T0035 at 2023-12-29; mark is stale
no quotes for T0035 at 2024-01-02; mark is stale
no quotes for T0035 at 2024-01-03; mark is stale
no quotes for T0035 at 2024-01-04; mark is stale
no quotes for T0035 at 2024-01-05; mark is stale
no quotes for T0035 at 2024-01-08; mark is stale
no quotes for T0035 at 2024-01-09; mark is stale
no quotes for T0035 at 2024-01-10; mark is stale
no quotes for T0035 at 2024-01-11; mark is stale
no quotes for T0035 at 2024-01-12; mark is stale
no quotes for T0035 at 2024-01-16; mark is stale
no quotes for T0035 at 2024-01-17; mark is stale
no quotes for T0035 at 2024-01-18; mark is stale
T0035 expires today with no quotes; closing at intrinsic
d0.15_w10_dte30 -36.32799999999984
T0009 expires today with no quotes; closing at intrinsic
no quotes for T0013 at 2020-06-23; mark is stale
no quotes for T0016 at 2021-01-05; mark is stale
no quotes for T0017 at 2021-01-05; mark is stale
no quotes for T0020 at 2021-07-21; mark is stale
no quotes for T0021 at 2021-07-21; mark is stale
no quotes for T0020 at 2021-08-05; mark is stale
no quotes for T0021 at 2021-08-05; mark is stale
T0020 expires today with no quotes; closing at intrinsic
no quotes for T0021 at 2021-08-06; mark is stale
no quotes for T0022 at 2021-09-10; mark is stale
no quotes for T0023 at 2021-11-17; mark is stale
no quotes for T0024 at 2021-11-17; mark is stale
no quotes for T0023 at 2021-11-19; mark is stale
no quotes for T0024 at 2021-11-19; mark is stale
no quotes for T0030 at 2023-08-24; mark is stale
no quotes for T0031 at 2023-08-24; mark is stale
no quotes for T0032 at 2023-12-28; mark is stale
d0.15_w10_dte45 -14.417393274200778
T0004 expires today with no quotes; closing at intrinsic
no quotes for T0011 at 2021-11-17; mark is stale
no quotes for T0011 at 2021-11-19; mark is stale
d0.15_w15_dte7 -33.57142857142857
T0011 expires today with no quotes; closing at intrinsic
no quotes for T0025 at 2021-01-05; mark is stale
no quotes for T0032 at 2021-11-17; mark is stale
no quotes for T0033 at 2021-11-17; mark is stale
no quotes for T0032 at 2021-11-19; mark is stale
no quotes for T0033 at 2021-11-19; mark is stale
T0041 expires today with no quotes; closing at intrinsic
no quotes for T0044 at 2023-12-28; mark is stale
T0044 expires today with no quotes; closing at intrinsic
d0.15_w15_dte14 -27.307377049180324
T0009 expires today with no quotes; closing at intrinsic
no quotes for T0016 at 2020-06-23; mark is stale
no quotes for T0022 at 2021-01-05; mark is stale
no quotes for T0026 at 2021-07-21; mark is stale
no quotes for T0028 at 2021-11-17; mark is stale
no quotes for T0029 at 2021-11-17; mark is stale
no quotes for T0028 at 2021-11-19; mark is stale
no quotes for T0029 at 2021-11-19; mark is stale
no quotes for T0039 at 2023-12-28; mark is stale
d0.15_w15_dte21 -10.381578947368421
no quotes for T0014 at 2020-06-23; mark is stale
no quotes for T0018 at 2021-01-05; mark is stale
no quotes for T0019 at 2021-01-05; mark is stale
no quotes for T0022 at 2021-07-21; mark is stale
no quotes for T0023 at 2021-07-21; mark is stale
no quotes for T0025 at 2021-11-17; mark is stale
no quotes for T0026 at 2021-11-17; mark is stale
no quotes for T0025 at 2021-11-19; mark is stale
no quotes for T0026 at 2021-11-19; mark is stale
no quotes for T0034 at 2023-08-24; mark is stale
no quotes for T0035 at 2023-12-28; mark is stale
no quotes for T0035 at 2023-12-29; mark is stale
no quotes for T0035 at 2024-01-02; mark is stale
no quotes for T0035 at 2024-01-03; mark is stale
no quotes for T0035 at 2024-01-04; mark is stale
no quotes for T0035 at 2024-01-05; mark is stale
no quotes for T0035 at 2024-01-08; mark is stale
no quotes for T0035 at 2024-01-09; mark is stale
no quotes for T0035 at 2024-01-10; mark is stale
no quotes for T0035 at 2024-01-11; mark is stale
no quotes for T0035 at 2024-01-12; mark is stale
no quotes for T0035 at 2024-01-16; mark is stale
no quotes for T0035 at 2024-01-17; mark is stale
no quotes for T0035 at 2024-01-18; mark is stale
T0035 expires today with no quotes; closing at intrinsic
d0.15_w15_dte30 -43.257999999999846
T0009 expires today with no quotes; closing at intrinsic
no quotes for T0013 at 2020-06-23; mark is stale
no quotes for T0016 at 2021-01-05; mark is stale
no quotes for T0017 at 2021-01-05; mark is stale
no quotes for T0020 at 2021-07-21; mark is stale
no quotes for T0021 at 2021-07-21; mark is stale
no quotes for T0020 at 2021-08-05; mark is stale
no quotes for T0021 at 2021-08-05; mark is stale
T0020 expires today with no quotes; closing at intrinsic
no quotes for T0021 at 2021-08-06; mark is stale
no quotes for T0022 at 2021-09-10; mark is stale
no quotes for T0023 at 2021-11-17; mark is stale
no quotes for T0024 at 2021-11-17; mark is stale
no quotes for T0023 at 2021-11-19; mark is stale
no quotes for T0024 at 2021-11-19; mark is stale
no quotes for T0030 at 2023-08-24; mark is stale
no quotes for T0031 at 2023-08-24; mark is stale
no quotes for T0032 at 2023-12-28; mark is stale
d0.15_w15_dte45 -16.99718050824332
T0004 expires today with no quotes; closing at intrinsic
no quotes for T0011 at 2021-11-17; mark is stale
no quotes for T0011 at 2021-11-19; mark is stale
d0.20_w5_dte7 -21.321428571428573
T0011 expires today with no quotes; closing at intrinsic
no quotes for T0025 at 2021-01-05; mark is stale
no quotes for T0032 at 2021-11-17; mark is stale
no quotes for T0033 at 2021-11-17; mark is stale
no quotes for T0032 at 2021-11-19; mark is stale
no quotes for T0033 at 2021-11-19; mark is stale
T0041 expires today with no quotes; closing at intrinsic
no quotes for T0044 at 2023-12-28; mark is stale
d0.20_w5_dte14 -2.0163934426229497
T0009 expires today with no quotes; closing at intrinsic
no quotes for T0016 at 2020-06-23; mark is stale
no quotes for T0022 at 2021-01-05; mark is stale
no quotes for T0026 at 2021-07-21; mark is stale
no quotes for T0028 at 2021-11-17; mark is stale
no quotes for T0029 at 2021-11-17; mark is stale
no quotes for T0028 at 2021-11-19; mark is stale
no quotes for T0029 at 2021-11-19; mark is stale
no quotes for T0039 at 2023-12-28; mark is stale
d0.20_w5_dte21 -2.368421052631577
no quotes for T0014 at 2020-06-23; mark is stale
no quotes for T0018 at 2021-01-05; mark is stale
no quotes for T0019 at 2021-01-05; mark is stale
no quotes for T0022 at 2021-07-21; mark is stale
no quotes for T0023 at 2021-07-21; mark is stale
no quotes for T0025 at 2021-11-17; mark is stale
no quotes for T0026 at 2021-11-17; mark is stale
no quotes for T0025 at 2021-11-19; mark is stale
no quotes for T0026 at 2021-11-19; mark is stale
no quotes for T0034 at 2023-08-24; mark is stale
no quotes for T0035 at 2023-12-28; mark is stale
no quotes for T0035 at 2023-12-29; mark is stale
no quotes for T0035 at 2024-01-02; mark is stale
no quotes for T0035 at 2024-01-03; mark is stale
no quotes for T0035 at 2024-01-04; mark is stale
no quotes for T0035 at 2024-01-05; mark is stale
no quotes for T0035 at 2024-01-08; mark is stale
no quotes for T0035 at 2024-01-09; mark is stale
no quotes for T0035 at 2024-01-10; mark is stale
no quotes for T0035 at 2024-01-11; mark is stale
no quotes for T0035 at 2024-01-12; mark is stale
no quotes for T0035 at 2024-01-16; mark is stale
no quotes for T0035 at 2024-01-17; mark is stale
no quotes for T0035 at 2024-01-18; mark is stale
T0035 expires today with no quotes; closing at intrinsic
d0.20_w5_dte30 -34.36
T0009 expires today with no quotes; closing at intrinsic
no quotes for T0013 at 2020-06-23; mark is stale
no quotes for T0016 at 2021-01-05; mark is stale
no quotes for T0017 at 2021-01-05; mark is stale
no quotes for T0020 at 2021-07-21; mark is stale
no quotes for T0021 at 2021-07-21; mark is stale
no quotes for T0020 at 2021-08-05; mark is stale
no quotes for T0021 at 2021-08-05; mark is stale
T0020 expires today with no quotes; closing at intrinsic
no quotes for T0021 at 2021-08-06; mark is stale
no quotes for T0022 at 2021-09-10; mark is stale
no quotes for T0023 at 2021-11-17; mark is stale
no quotes for T0024 at 2021-11-17; mark is stale
no quotes for T0023 at 2021-11-19; mark is stale
no quotes for T0024 at 2021-11-19; mark is stale
no quotes for T0030 at 2023-08-24; mark is stale
no quotes for T0031 at 2023-08-24; mark is stale
no quotes for T0032 at 2023-12-28; mark is stale
d0.20_w5_dte45 -36.56914893617011
T0004 expires today with no quotes; closing at intrinsic
no quotes for T0011 at 2021-11-17; mark is stale
no quotes for T0011 at 2021-11-19; mark is stale
d0.20_w10_dte7 -34.0
T0011 expires today with no quotes; closing at intrinsic
no quotes for T0025 at 2021-01-05; mark is stale
no quotes for T0032 at 2021-11-17; mark is stale
no quotes for T0033 at 2021-11-17; mark is stale
no quotes for T0032 at 2021-11-19; mark is stale
no quotes for T0033 at 2021-11-19; mark is stale
T0041 expires today with no quotes; closing at intrinsic
no quotes for T0044 at 2023-12-28; mark is stale
T0044 expires today with no quotes; closing at intrinsic
d0.20_w10_dte14 -15.016393442622952
T0009 expires today with no quotes; closing at intrinsic
no quotes for T0016 at 2020-06-23; mark is stale
no quotes for T0022 at 2021-01-05; mark is stale
no quotes for T0026 at 2021-07-21; mark is stale
no quotes for T0028 at 2021-11-17; mark is stale
no quotes for T0029 at 2021-11-17; mark is stale
no quotes for T0028 at 2021-11-19; mark is stale
no quotes for T0029 at 2021-11-19; mark is stale
no quotes for T0039 at 2023-12-28; mark is stale
no quotes for T0039 at 2023-12-29; mark is stale
no quotes for T0039 at 2024-01-02; mark is stale
no quotes for T0039 at 2024-01-03; mark is stale
no quotes for T0039 at 2024-01-04; mark is stale
T0039 expires today with no quotes; closing at intrinsic
d0.20_w10_dte21 0.5964912280701754
no quotes for T0014 at 2020-06-23; mark is stale
no quotes for T0018 at 2021-01-05; mark is stale
no quotes for T0019 at 2021-01-05; mark is stale
no quotes for T0022 at 2021-07-21; mark is stale
no quotes for T0023 at 2021-07-21; mark is stale
no quotes for T0025 at 2021-11-17; mark is stale
no quotes for T0026 at 2021-11-17; mark is stale
no quotes for T0025 at 2021-11-19; mark is stale
no quotes for T0026 at 2021-11-19; mark is stale
no quotes for T0034 at 2023-08-24; mark is stale
no quotes for T0035 at 2023-12-28; mark is stale
d0.20_w10_dte30 -44.777999999999835
T0009 expires today with no quotes; closing at intrinsic
no quotes for T0013 at 2020-06-23; mark is stale
no quotes for T0016 at 2021-01-05; mark is stale
no quotes for T0017 at 2021-01-05; mark is stale
no quotes for T0020 at 2021-07-21; mark is stale
no quotes for T0021 at 2021-07-21; mark is stale
no quotes for T0020 at 2021-08-05; mark is stale
no quotes for T0021 at 2021-08-05; mark is stale
T0020 expires today with no quotes; closing at intrinsic
no quotes for T0021 at 2021-08-06; mark is stale
no quotes for T0022 at 2021-09-10; mark is stale
no quotes for T0023 at 2021-11-17; mark is stale
no quotes for T0024 at 2021-11-17; mark is stale
no quotes for T0023 at 2021-11-19; mark is stale
no quotes for T0024 at 2021-11-19; mark is stale
no quotes for T0030 at 2023-08-24; mark is stale
no quotes for T0031 at 2023-08-24; mark is stale
no quotes for T0032 at 2023-12-28; mark is stale
d0.20_w10_dte45 -35.502499657179506
T0004 expires today with no quotes; closing at intrinsic
no quotes for T0011 at 2021-11-17; mark is stale
no quotes for T0011 at 2021-11-19; mark is stale
d0.20_w15_dte7 -36.54761904761905
T0011 expires today with no quotes; closing at intrinsic
no quotes for T0025 at 2021-01-05; mark is stale
no quotes for T0032 at 2021-11-17; mark is stale
no quotes for T0033 at 2021-11-17; mark is stale
no quotes for T0032 at 2021-11-19; mark is stale
no quotes for T0033 at 2021-11-19; mark is stale
T0041 expires today with no quotes; closing at intrinsic
no quotes for T0044 at 2023-12-28; mark is stale
T0044 expires today with no quotes; closing at intrinsic
d0.20_w15_dte14 -20.954918032786885
T0009 expires today with no quotes; closing at intrinsic
no quotes for T0016 at 2020-06-23; mark is stale
no quotes for T0022 at 2021-01-05; mark is stale
no quotes for T0026 at 2021-07-21; mark is stale
no quotes for T0028 at 2021-11-17; mark is stale
no quotes for T0029 at 2021-11-17; mark is stale
no quotes for T0028 at 2021-11-19; mark is stale
no quotes for T0029 at 2021-11-19; mark is stale
no quotes for T0039 at 2023-12-28; mark is stale
d0.20_w15_dte21 0.9824561403508811
no quotes for T0014 at 2020-06-23; mark is stale
no quotes for T0018 at 2021-01-05; mark is stale
no quotes for T0019 at 2021-01-05; mark is stale
no quotes for T0022 at 2021-07-21; mark is stale
no quotes for T0023 at 2021-07-21; mark is stale
no quotes for T0025 at 2021-11-17; mark is stale
no quotes for T0026 at 2021-11-17; mark is stale
no quotes for T0025 at 2021-11-19; mark is stale
no quotes for T0026 at 2021-11-19; mark is stale
no quotes for T0034 at 2023-08-24; mark is stale
no quotes for T0035 at 2023-12-28; mark is stale
d0.20_w15_dte30 -44.86799999999983
T0009 expires today with no quotes; closing at intrinsic
no quotes for T0013 at 2020-06-23; mark is stale
no quotes for T0016 at 2021-01-05; mark is stale
no quotes for T0017 at 2021-01-05; mark is stale
no quotes for T0020 at 2021-07-21; mark is stale
no quotes for T0021 at 2021-07-21; mark is stale
no quotes for T0020 at 2021-08-05; mark is stale
no quotes for T0021 at 2021-08-05; mark is stale
T0020 expires today with no quotes; closing at intrinsic
no quotes for T0021 at 2021-08-06; mark is stale
no quotes for T0022 at 2021-09-10; mark is stale
no quotes for T0023 at 2021-11-17; mark is stale
no quotes for T0024 at 2021-11-17; mark is stale
no quotes for T0023 at 2021-11-19; mark is stale
no quotes for T0024 at 2021-11-19; mark is stale
no quotes for T0030 at 2023-08-24; mark is stale
no quotes for T0031 at 2023-08-24; mark is stale
no quotes for T0032 at 2023-12-28; mark is stale
d0.20_w15_dte45 -34.39611667845613
T0004 expires today with no quotes; closing at intrinsic
no quotes for T0011 at 2021-11-17; mark is stale
no quotes for T0011 at 2021-11-19; mark is stale
d0.25_w5_dte7 -17.94683302769521
T0011 expires today with no quotes; closing at intrinsic
no quotes for T0025 at 2021-01-05; mark is stale
no quotes for T0032 at 2021-11-17; mark is stale
no quotes for T0033 at 2021-11-17; mark is stale
no quotes for T0032 at 2021-11-19; mark is stale
no quotes for T0033 at 2021-11-19; mark is stale
T0041 expires today with no quotes; closing at intrinsic
no quotes for T0044 at 2023-12-28; mark is stale
d0.25_w5_dte14 -2.991803278688524
T0009 expires today with no quotes; closing at intrinsic
no quotes for T0016 at 2020-06-23; mark is stale
no quotes for T0022 at 2021-01-05; mark is stale
no quotes for T0026 at 2021-07-21; mark is stale
no quotes for T0028 at 2021-11-17; mark is stale
no quotes for T0029 at 2021-11-17; mark is stale
no quotes for T0028 at 2021-11-19; mark is stale
no quotes for T0029 at 2021-11-19; mark is stale
no quotes for T0039 at 2023-12-28; mark is stale
d0.25_w5_dte21 2.2236842105263133
no quotes for T0014 at 2020-06-23; mark is stale
no quotes for T0018 at 2021-01-05; mark is stale
no quotes for T0019 at 2021-01-05; mark is stale
no quotes for T0022 at 2021-07-21; mark is stale
no quotes for T0023 at 2021-07-21; mark is stale
no quotes for T0025 at 2021-11-17; mark is stale
no quotes for T0026 at 2021-11-17; mark is stale
no quotes for T0025 at 2021-11-19; mark is stale
no quotes for T0026 at 2021-11-19; mark is stale
no quotes for T0034 at 2023-08-24; mark is stale
no quotes for T0035 at 2023-12-28; mark is stale
no quotes for T0035 at 2023-12-29; mark is stale
no quotes for T0035 at 2024-01-02; mark is stale
no quotes for T0035 at 2024-01-03; mark is stale
no quotes for T0035 at 2024-01-04; mark is stale
no quotes for T0035 at 2024-01-05; mark is stale
no quotes for T0035 at 2024-01-08; mark is stale
no quotes for T0035 at 2024-01-09; mark is stale
no quotes for T0035 at 2024-01-10; mark is stale
d0.25_w5_dte30 -45.535
no quotes for T0013 at 2020-06-23; mark is stale
no quotes for T0016 at 2021-01-05; mark is stale
no quotes for T0017 at 2021-01-05; mark is stale
no quotes for T0020 at 2021-07-21; mark is stale
no quotes for T0021 at 2021-07-21; mark is stale
no quotes for T0020 at 2021-08-05; mark is stale
no quotes for T0021 at 2021-08-05; mark is stale
T0020 expires today with no quotes; closing at intrinsic
no quotes for T0021 at 2021-08-06; mark is stale
no quotes for T0022 at 2021-09-10; mark is stale
no quotes for T0023 at 2021-11-17; mark is stale
no quotes for T0024 at 2021-11-17; mark is stale
no quotes for T0023 at 2021-11-19; mark is stale
no quotes for T0024 at 2021-11-19; mark is stale
no quotes for T0030 at 2023-08-24; mark is stale
no quotes for T0031 at 2023-08-24; mark is stale
no quotes for T0032 at 2023-12-28; mark is stale
d0.25_w5_dte45 -37.94893617021269
T0004 expires today with no quotes; closing at intrinsic
no quotes for T0011 at 2021-11-17; mark is stale
no quotes for T0011 at 2021-11-19; mark is stale
d0.25_w10_dte7 -31.167071122933304
T0011 expires today with no quotes; closing at intrinsic
no quotes for T0025 at 2021-01-05; mark is stale
no quotes for T0032 at 2021-11-17; mark is stale
no quotes for T0033 at 2021-11-17; mark is stale
no quotes for T0032 at 2021-11-19; mark is stale
no quotes for T0033 at 2021-11-19; mark is stale
T0041 expires today with no quotes; closing at intrinsic
no quotes for T0044 at 2023-12-28; mark is stale
T0044 expires today with no quotes; closing at intrinsic
d0.25_w10_dte14 -12.151639344262295
T0009 expires today with no quotes; closing at intrinsic
no quotes for T0016 at 2020-06-23; mark is stale
no quotes for T0022 at 2021-01-05; mark is stale
no quotes for T0026 at 2021-07-21; mark is stale
no quotes for T0028 at 2021-11-17; mark is stale
no quotes for T0029 at 2021-11-17; mark is stale
no quotes for T0028 at 2021-11-19; mark is stale
no quotes for T0029 at 2021-11-19; mark is stale
no quotes for T0039 at 2023-12-28; mark is stale
no quotes for T0039 at 2023-12-29; mark is stale
no quotes for T0039 at 2024-01-02; mark is stale
no quotes for T0039 at 2024-01-03; mark is stale
no quotes for T0039 at 2024-01-04; mark is stale
T0039 expires today with no quotes; closing at intrinsic
d0.25_w10_dte21 -1.4166666666666647
no quotes for T0014 at 2020-06-23; mark is stale
no quotes for T0018 at 2021-01-05; mark is stale
no quotes for T0019 at 2021-01-05; mark is stale
no quotes for T0022 at 2021-07-21; mark is stale
no quotes for T0023 at 2021-07-21; mark is stale
no quotes for T0025 at 2021-11-17; mark is stale
no quotes for T0026 at 2021-11-17; mark is stale
no quotes for T0025 at 2021-11-19; mark is stale
no quotes for T0026 at 2021-11-19; mark is stale
no quotes for T0034 at 2023-08-24; mark is stale
no quotes for T0035 at 2023-12-28; mark is stale
d0.25_w10_dte30 -63.43299999999992
no quotes for T0013 at 2020-06-23; mark is stale
no quotes for T0016 at 2021-01-05; mark is stale
no quotes for T0017 at 2021-01-05; mark is stale
no quotes for T0020 at 2021-07-21; mark is stale
no quotes for T0021 at 2021-07-21; mark is stale
no quotes for T0020 at 2021-08-05; mark is stale
no quotes for T0021 at 2021-08-05; mark is stale
T0020 expires today with no quotes; closing at intrinsic
no quotes for T0021 at 2021-08-06; mark is stale
no quotes for T0022 at 2021-09-10; mark is stale
no quotes for T0023 at 2021-11-17; mark is stale
no quotes for T0024 at 2021-11-17; mark is stale
no quotes for T0023 at 2021-11-19; mark is stale
no quotes for T0024 at 2021-11-19; mark is stale
no quotes for T0030 at 2023-08-24; mark is stale
no quotes for T0031 at 2023-08-24; mark is stale
no quotes for T0032 at 2023-12-28; mark is stale
d0.25_w10_dte45 -38.623404255319016
T0004 expires today with no quotes; closing at intrinsic
no quotes for T0011 at 2021-11-17; mark is stale
no quotes for T0011 at 2021-11-19; mark is stale
d0.25_w15_dte7 -39.565880646742826
T0011 expires today with no quotes; closing at intrinsic
no quotes for T0025 at 2021-01-05; mark is stale
no quotes for T0032 at 2021-11-17; mark is stale
no quotes for T0033 at 2021-11-17; mark is stale
no quotes for T0032 at 2021-11-19; mark is stale
no quotes for T0033 at 2021-11-19; mark is stale
T0041 expires today with no quotes; closing at intrinsic
no quotes for T0044 at 2023-12-28; mark is stale
T0044 expires today with no quotes; closing at intrinsic
d0.25_w15_dte14 -15.721311475409836
T0009 expires today with no quotes; closing at intrinsic
no quotes for T0016 at 2020-06-23; mark is stale
no quotes for T0022 at 2021-01-05; mark is stale
no quotes for T0026 at 2021-07-21; mark is stale
no quotes for T0028 at 2021-11-17; mark is stale
no quotes for T0029 at 2021-11-17; mark is stale
no quotes for T0028 at 2021-11-19; mark is stale
no quotes for T0029 at 2021-11-19; mark is stale
no quotes for T0039 at 2023-12-28; mark is stale
d0.25_w15_dte21 4.324561403508786
no quotes for T0014 at 2020-06-23; mark is stale
no quotes for T0018 at 2021-01-05; mark is stale
no quotes for T0019 at 2021-01-05; mark is stale
no quotes for T0022 at 2021-07-21; mark is stale
no quotes for T0023 at 2021-07-21; mark is stale
no quotes for T0025 at 2021-11-17; mark is stale
no quotes for T0026 at 2021-11-17; mark is stale
no quotes for T0025 at 2021-11-19; mark is stale
no quotes for T0026 at 2021-11-19; mark is stale
no quotes for T0034 at 2023-08-24; mark is stale
no quotes for T0035 at 2023-12-28; mark is stale
d0.25_w15_dte30 -68.19799999999992
no quotes for T0013 at 2020-06-23; mark is stale
no quotes for T0016 at 2021-01-05; mark is stale
no quotes for T0017 at 2021-01-05; mark is stale
no quotes for T0020 at 2021-07-21; mark is stale
no quotes for T0021 at 2021-07-21; mark is stale
no quotes for T0020 at 2021-08-05; mark is stale
no quotes for T0021 at 2021-08-05; mark is stale
T0020 expires today with no quotes; closing at intrinsic
no quotes for T0021 at 2021-08-06; mark is stale
no quotes for T0022 at 2021-09-10; mark is stale
no quotes for T0023 at 2021-11-17; mark is stale
no quotes for T0024 at 2021-11-17; mark is stale
no quotes for T0023 at 2021-11-19; mark is stale
no quotes for T0024 at 2021-11-19; mark is stale
no quotes for T0030 at 2023-08-24; mark is stale
no quotes for T0031 at 2023-08-24; mark is stale
no quotes for T0032 at 2023-12-28; mark is stale
d0.25_w15_dte45 -35.44255319148923
