preloaded 1977 session snapshots in 14s
no quotes for T0008 at 2021-01-05; mark is stale
no quotes for T0009 at 2021-01-05; mark is stale
no quotes for T0017 at 2021-09-10; mark is stale
no quotes for T0018 at 2021-09-10; mark is stale
no quotes for T0022 at 2021-11-17; mark is stale
no quotes for T0023 at 2021-11-17; mark is stale
no quotes for T0022 at 2021-11-19; mark is stale
no quotes for T0023 at 2021-11-19; mark is stale
T0026 expires today with no quotes; closing at intrinsic
no quotes for T0030 at 2023-08-24; mark is stale
0.05 5.0 14 7.048245614035087
no quotes for T0008 at 2021-01-05; mark is stale
no quotes for T0009 at 2021-01-05; mark is stale
T0015 expires today with no quotes; closing at intrinsic
no quotes for T0016 at 2021-09-10; mark is stale
no quotes for T0017 at 2021-09-10; mark is stale
no quotes for T0020 at 2021-11-17; mark is stale
no quotes for T0021 at 2021-11-17; mark is stale
no quotes for T0020 at 2021-11-19; mark is stale
no quotes for T0021 at 2021-11-19; mark is stale
no quotes for T0029 at 2023-08-24; mark is stale
no quotes for T0030 at 2023-08-24; mark is stale
0.05 5.0 21 4.547413793103449
no quotes for T0007 at 2021-01-05; mark is stale
no quotes for T0008 at 2021-01-05; mark is stale
no quotes for T0011 at 2021-06-01; mark is stale
no quotes for T0012 at 2021-09-10; mark is stale
no quotes for T0013 at 2021-09-10; mark is stale
no quotes for T0014 at 2021-11-17; mark is stale
no quotes for T0015 at 2021-11-17; mark is stale
no quotes for T0014 at 2021-11-19; mark is stale
no quotes for T0015 at 2021-11-19; mark is stale
no quotes for T0019 at 2023-08-24; mark is stale
no quotes for T0020 at 2023-08-24; mark is stale
0.05 5.0 30 11.875
no quotes for T0006 at 2021-01-05; mark is stale
no quotes for T0007 at 2021-01-05; mark is stale
no quotes for T0011 at 2021-09-10; mark is stale
no quotes for T0012 at 2021-09-10; mark is stale
no quotes for T0013 at 2021-11-17; mark is stale
no quotes for T0014 at 2021-11-17; mark is stale
no quotes for T0013 at 2021-11-19; mark is stale
no quotes for T0014 at 2021-11-19; mark is stale
no quotes for T0017 at 2023-08-24; mark is stale
no quotes for T0018 at 2023-08-24; mark is stale
0.05 5.0 45 12.541666666666666
no quotes for T0008 at 2021-01-05; mark is stale
no quotes for T0009 at 2021-01-05; mark is stale
no quotes for T0017 at 2021-09-10; mark is stale
no quotes for T0018 at 2021-09-10; mark is stale
no quotes for T0022 at 2021-11-17; mark is stale
no quotes for T0023 at 2021-11-17; mark is stale
no quotes for T0022 at 2021-11-19; mark is stale
no quotes for T0023 at 2021-11-19; mark is stale
T0026 expires today with no quotes; closing at intrinsic
no quotes for T0030 at 2023-08-24; mark is stale
0.05 10.0 14 12.201754385964913
no quotes for T0008 at 2021-01-05; mark is stale
no quotes for T0009 at 2021-01-05; mark is stale
T0015 expires today with no quotes; closing at intrinsic
no quotes for T0016 at 2021-09-10; mark is stale
no quotes for T0017 at 2021-09-10; mark is stale
no quotes for T0020 at 2021-11-17; mark is stale
no quotes for T0021 at 2021-11-17; mark is stale
no quotes for T0020 at 2021-11-19; mark is stale
no quotes for T0021 at 2021-11-19; mark is stale
no quotes for T0029 at 2023-08-24; mark is stale
no quotes for T0030 at 2023-08-24; mark is stale
0.05 10.0 21 12.077586206896552
no quotes for T0007 at 2021-01-05; mark is stale
no quotes for T0008 at 2021-01-05; mark is stale
no quotes for T0011 at 2021-06-01; mark is stale
no quotes for T0012 at 2021-09-10; mark is stale
no quotes for T0013 at 2021-09-10; mark is stale
no quotes for T0014 at 2021-11-17; mark is stale
no quotes for T0015 at 2021-11-17; mark is stale
no quotes for T0014 at 2021-11-19; mark is stale
no quotes for T0015 at 2021-11-19; mark is stale
no quotes for T0019 at 2023-08-24; mark is stale
no quotes for T0020 at 2023-08-24; mark is stale
0.05 10.0 30 20.03125
no quotes for T0006 at 2021-01-05; mark is stale
no quotes for T0007 at 2021-01-05; mark is stale
no quotes for T0011 at 2021-09-10; mark is stale
no quotes for T0012 at 2021-09-10; mark is stale
no quotes for T0013 at 2021-11-17; mark is stale
no quotes for T0014 at 2021-11-17; mark is stale
no quotes for T0013 at 2021-11-19; mark is stale
no quotes for T0014 at 2021-11-19; mark is stale
no quotes for T0017 at 2023-08-24; mark is stale
no quotes for T0018 at 2023-08-24; mark is stale
0.05 10.0 45 21.541666666666668
no quotes for T0008 at 2021-01-05; mark is stale
no quotes for T0009 at 2021-01-05; mark is stale
no quotes for T0017 at 2021-09-10; mark is stale
no quotes for T0018 at 2021-09-10; mark is stale
no quotes for T0022 at 2021-11-17; mark is stale
no quotes for T0023 at 2021-11-17; mark is stale
no quotes for T0022 at 2021-11-19; mark is stale
no quotes for T0023 at 2021-11-19; mark is stale
T0026 expires today with no quotes; closing at intrinsic
no quotes for T0030 at 2023-08-24; mark is stale
0.05 15.0 14 14.75438596491228
no quotes for T0008 at 2021-01-05; mark is stale
no quotes for T0009 at 2021-01-05; mark is stale
T0015 expires today with no quotes; closing at intrinsic
no quotes for T0016 at 2021-09-10; mark is stale
no quotes for T0017 at 2021-09-10; mark is stale
no quotes for T0020 at 2021-11-17; mark is stale
no quotes for T0021 at 2021-11-17; mark is stale
no quotes for T0020 at 2021-11-19; mark is stale
no quotes for T0021 at 2021-11-19; mark is stale
no quotes for T0029 at 2023-08-24; mark is stale
no quotes for T0030 at 2023-08-24; mark is stale
0.05 15.0 21 16.07758620689655
no quotes for T0007 at 2021-01-05; mark is stale
no quotes for T0008 at 2021-01-05; mark is stale
no quotes for T0011 at 2021-06-01; mark is stale
no quotes for T0012 at 2021-09-10; mark is stale
no quotes for T0013 at 2021-09-10; mark is stale
no quotes for T0014 at 2021-11-17; mark is stale
no quotes for T0015 at 2021-11-17; mark is stale
no quotes for T0014 at 2021-11-19; mark is stale
no quotes for T0015 at 2021-11-19; mark is stale
no quotes for T0019 at 2023-08-24; mark is stale
no quotes for T0020 at 2023-08-24; mark is stale
0.05 15.0 30 25.55
no quotes for T0006 at 2021-01-05; mark is stale
no quotes for T0007 at 2021-01-05; mark is stale
no quotes for T0011 at 2021-09-10; mark is stale
no quotes for T0012 at 2021-09-10; mark is stale
no quotes for T0013 at 2021-11-17; mark is stale
no quotes for T0014 at 2021-11-17; mark is stale
no quotes for T0013 at 2021-11-19; mark is stale
no quotes for T0014 at 2021-11-19; mark is stale
no quotes for T0017 at 2023-08-24; mark is stale
no quotes for T0018 at 2023-08-24; mark is stale
0.05 15.0 45 27.055555555555557
no quotes for T0008 at 2021-01-05; mark is stale
no quotes for T0009 at 2021-01-05; mark is stale
no quotes for T0017 at 2021-09-10; mark is stale
no quotes for T0018 at 2021-09-10; mark is stale
no quotes for T0022 at 2021-11-17; mark is stale
no quotes for T0023 at 2021-11-17; mark is stale
no quotes for T0022 at 2021-11-19; mark is stale
no quotes for T0023 at 2021-11-19; mark is stale
T0026 expires today with no quotes; closing at intrinsic
no quotes for T0030 at 2023-08-24; mark is stale
0.05 20.0 14 16.346491228070175
no quotes for T0008 at 2021-01-05; mark is stale
no quotes for T0009 at 2021-01-05; mark is stale
T0015 expires today with no quotes; closing at intrinsic
no quotes for T0016 at 2021-09-10; mark is stale
no quotes for T0017 at 2021-09-10; mark is stale
no quotes for T0020 at 2021-11-17; mark is stale
no quotes for T0021 at 2021-11-17; mark is stale
no quotes for T0020 at 2021-11-19; mark is stale
no quotes for T0021 at 2021-11-19; mark is stale
no quotes for T0029 at 2023-08-24; mark is stale
no quotes for T0030 at 2023-08-24; mark is stale
0.05 20.0 21 18.599137931034484
no quotes for T0007 at 2021-01-05; mark is stale
no quotes for T0008 at 2021-01-05; mark is stale
no quotes for T0011 at 2021-06-01; mark is stale
no quotes for T0012 at 2021-09-10; mark is stale
no quotes for T0013 at 2021-09-10; mark is stale
no quotes for T0014 at 2021-11-17; mark is stale
no quotes for T0015 at 2021-11-17; mark is stale
no quotes for T0014 at 2021-11-19; mark is stale
no quotes for T0015 at 2021-11-19; mark is stale
no quotes for T0019 at 2023-08-24; mark is stale
no quotes for T0020 at 2023-08-24; mark is stale
0.05 20.0 30 29.33125
no quotes for T0006 at 2021-01-05; mark is stale
no quotes for T0007 at 2021-01-05; mark is stale
no quotes for T0011 at 2021-09-10; mark is stale
no quotes for T0012 at 2021-09-10; mark is stale
no quotes for T0013 at 2021-11-17; mark is stale
no quotes for T0014 at 2021-11-17; mark is stale
no quotes for T0013 at 2021-11-19; mark is stale
no quotes for T0014 at 2021-11-19; mark is stale
no quotes for T0017 at 2023-08-24; mark is stale
no quotes for T0018 at 2023-08-24; mark is stale
0.05 20.0 45 31.319444444444443
no quotes for T0009 at 2021-01-05; mark is stale
no quotes for T0010 at 2021-01-05; mark is stale
no quotes for T0019 at 2021-09-10; mark is stale
no quotes for T0020 at 2021-09-10; mark is stale
no quotes for T0024 at 2021-11-17; mark is stale
no quotes for T0025 at 2021-11-17; mark is stale
no quotes for T0024 at 2021-11-19; mark is stale
no quotes for T0025 at 2021-11-19; mark is stale
T0028 expires today with no quotes; closing at intrinsic
no quotes for T0033 at 2023-08-24; mark is stale
0.08 5.0 14 7.972222222222222
no quotes for T0008 at 2021-01-05; mark is stale
no quotes for T0009 at 2021-01-05; mark is stale
T0015 expires today with no quotes; closing at intrinsic
no quotes for T0016 at 2021-09-10; mark is stale
no quotes for T0017 at 2021-09-10; mark is stale
no quotes for T0020 at 2021-11-17; mark is stale
no quotes for T0021 at 2021-11-17; mark is stale
no quotes for T0020 at 2021-11-19; mark is stale
no quotes for T0021 at 2021-11-19; mark is stale
no quotes for T0029 at 2023-08-24; mark is stale
no quotes for T0030 at 2023-08-24; mark is stale
0.08 5.0 21 7.737068965517241
no quotes for T0007 at 2021-01-05; mark is stale
no quotes for T0008 at 2021-01-05; mark is stale
no quotes for T0011 at 2021-06-01; mark is stale
no quotes for T0012 at 2021-09-10; mark is stale
no quotes for T0013 at 2021-09-10; mark is stale
no quotes for T0014 at 2021-11-17; mark is stale
no quotes for T0015 at 2021-11-17; mark is stale
no quotes for T0014 at 2021-11-19; mark is stale
no quotes for T0015 at 2021-11-19; mark is stale
no quotes for T0019 at 2023-08-24; mark is stale
no quotes for T0020 at 2023-08-24; mark is stale
0.08 5.0 30 24.65625
no quotes for T0006 at 2021-01-05; mark is stale
no quotes for T0007 at 2021-01-05; mark is stale
no quotes for T0011 at 2021-09-10; mark is stale
no quotes for T0012 at 2021-09-10; mark is stale
no quotes for T0013 at 2021-11-17; mark is stale
no quotes for T0014 at 2021-11-17; mark is stale
no quotes for T0013 at 2021-11-19; mark is stale
no quotes for T0014 at 2021-11-19; mark is stale
no quotes for T0017 at 2023-08-24; mark is stale
no quotes for T0018 at 2023-08-24; mark is stale
0.08 5.0 45 23.694444444444443
no quotes for T0009 at 2021-01-05; mark is stale
no quotes for T0010 at 2021-01-05; mark is stale
no quotes for T0019 at 2021-09-10; mark is stale
no quotes for T0020 at 2021-09-10; mark is stale
no quotes for T0024 at 2021-11-17; mark is stale
no quotes for T0025 at 2021-11-17; mark is stale
no quotes for T0024 at 2021-11-19; mark is stale
no quotes for T0025 at 2021-11-19; mark is stale
T0028 expires today with no quotes; closing at intrinsic
no quotes for T0033 at 2023-08-24; mark is stale
0.08 10.0 14 16.305555555555557
no quotes for T0008 at 2021-01-05; mark is stale
no quotes for T0009 at 2021-01-05; mark is stale
T0015 expires today with no quotes; closing at intrinsic
no quotes for T0016 at 2021-09-10; mark is stale
no quotes for T0017 at 2021-09-10; mark is stale
no quotes for T0020 at 2021-11-17; mark is stale
no quotes for T0021 at 2021-11-17; mark is stale
no quotes for T0020 at 2021-11-19; mark is stale
no quotes for T0021 at 2021-11-19; mark is stale
no quotes for T0029 at 2023-08-24; mark is stale
no quotes for T0030 at 2023-08-24; mark is stale
0.08 10.0 21 20.92241379310345
no quotes for T0007 at 2021-01-05; mark is stale
no quotes for T0008 at 2021-01-05; mark is stale
no quotes for T0011 at 2021-06-01; mark is stale
no quotes for T0012 at 2021-09-10; mark is stale
no quotes for T0013 at 2021-09-10; mark is stale
no quotes for T0014 at 2021-11-17; mark is stale
no quotes for T0015 at 2021-11-17; mark is stale
no quotes for T0014 at 2021-11-19; mark is stale
no quotes for T0015 at 2021-11-19; mark is stale
no quotes for T0019 at 2023-08-24; mark is stale
no quotes for T0020 at 2023-08-24; mark is stale
0.08 10.0 30 40.675
no quotes for T0006 at 2021-01-05; mark is stale
no quotes for T0007 at 2021-01-05; mark is stale
no quotes for T0011 at 2021-09-10; mark is stale
no quotes for T0012 at 2021-09-10; mark is stale
no quotes for T0013 at 2021-11-17; mark is stale
no quotes for T0014 at 2021-11-17; mark is stale
no quotes for T0013 at 2021-11-19; mark is stale
no quotes for T0014 at 2021-11-19; mark is stale
no quotes for T0017 at 2023-08-24; mark is stale
no quotes for T0018 at 2023-08-24; mark is stale
0.08 10.0 45 40.34722222222222
no quotes for T0009 at 2021-01-05; mark is stale
no quotes for T0010 at 2021-01-05; mark is stale
no quotes for T0019 at 2021-09-10; mark is stale
no quotes for T0020 at 2021-09-10; mark is stale
no quotes for T0024 at 2021-11-17; mark is stale
no quotes for T0025 at 2021-11-17; mark is stale
no quotes for T0024 at 2021-11-19; mark is stale
no quotes for T0025 at 2021-11-19; mark is stale
T0028 expires today with no quotes; closing at intrinsic
no quotes for T0033 at 2023-08-24; mark is stale
0.08 15.0 14 20.24206349206349
no quotes for T0008 at 2021-01-05; mark is stale
no quotes for T0009 at 2021-01-05; mark is stale
T0015 expires today with no quotes; closing at intrinsic
no quotes for T0016 at 2021-09-10; mark is stale
no quotes for T0017 at 2021-09-10; mark is stale
no quotes for T0020 at 2021-11-17; mark is stale
no quotes for T0021 at 2021-11-17; mark is stale
no quotes for T0020 at 2021-11-19; mark is stale
no quotes for T0021 at 2021-11-19; mark is stale
no quotes for T0029 at 2023-08-24; mark is stale
no quotes for T0030 at 2023-08-24; mark is stale
0.08 15.0 21 27.94396551724138
no quotes for T0007 at 2021-01-05; mark is stale
no quotes for T0008 at 2021-01-05; mark is stale
no quotes for T0011 at 2021-06-01; mark is stale
no quotes for T0012 at 2021-09-10; mark is stale
no quotes for T0013 at 2021-09-10; mark is stale
no quotes for T0014 at 2021-11-17; mark is stale
no quotes for T0015 at 2021-11-17; mark is stale
no quotes for T0014 at 2021-11-19; mark is stale
no quotes for T0015 at 2021-11-19; mark is stale
no quotes for T0019 at 2023-08-24; mark is stale
no quotes for T0020 at 2023-08-24; mark is stale
0.08 15.0 30 50.18125
no quotes for T0006 at 2021-01-05; mark is stale
no quotes for T0007 at 2021-01-05; mark is stale
no quotes for T0011 at 2021-09-10; mark is stale
no quotes for T0012 at 2021-09-10; mark is stale
no quotes for T0013 at 2021-11-17; mark is stale
no quotes for T0014 at 2021-11-17; mark is stale
no quotes for T0013 at 2021-11-19; mark is stale
no quotes for T0014 at 2021-11-19; mark is stale
no quotes for T0017 at 2023-08-24; mark is stale
no quotes for T0018 at 2023-08-24; mark is stale
0.08 15.0 45 50.61805555555556
no quotes for T0009 at 2021-01-05; mark is stale
no quotes for T0010 at 2021-01-05; mark is stale
no quotes for T0019 at 2021-09-10; mark is stale
no quotes for T0020 at 2021-09-10; mark is stale
no quotes for T0024 at 2021-11-17; mark is stale
no quotes for T0025 at 2021-11-17; mark is stale
no quotes for T0024 at 2021-11-19; mark is stale
no quotes for T0025 at 2021-11-19; mark is stale
T0028 expires today with no quotes; closing at intrinsic
no quotes for T0033 at 2023-08-24; mark is stale
0.08 20.0 14 23.146825396825395
no quotes for T0008 at 2021-01-05; mark is stale
no quotes for T0009 at 2021-01-05; mark is stale
T0015 expires today with no quotes; closing at intrinsic
no quotes for T0016 at 2021-09-10; mark is stale
no quotes for T0017 at 2021-09-10; mark is stale
no quotes for T0020 at 2021-11-17; mark is stale
no quotes for T0021 at 2021-11-17; mark is stale
no quotes for T0020 at 2021-11-19; mark is stale
no quotes for T0021 at 2021-11-19; mark is stale
no quotes for T0029 at 2023-08-24; mark is stale
no quotes for T0030 at 2023-08-24; mark is stale
0.08 20.0 21 32.5
no quotes for T0007 at 2021-01-05; mark is stale
no quotes for T0008 at 2021-01-05; mark is stale
no quotes for T0011 at 2021-06-01; mark is stale
no quotes for T0012 at 2021-09-10; mark is stale
no quotes for T0013 at 2021-09-10; mark is stale
no quotes for T0014 at 2021-11-17; mark is stale
no quotes for T0015 at 2021-11-17; mark is stale
no quotes for T0014 at 2021-11-19; mark is stale
no quotes for T0015 at 2021-11-19; mark is stale
no quotes for T0019 at 2023-08-24; mark is stale
no quotes for T0020 at 2023-08-24; mark is stale
0.08 20.0 30 57.39375
no quotes for T0006 at 2021-01-05; mark is stale
no quotes for T0007 at 2021-01-05; mark is stale
no quotes for T0011 at 2021-09-10; mark is stale
no quotes for T0012 at 2021-09-10; mark is stale
no quotes for T0013 at 2021-11-17; mark is stale
no quotes for T0014 at 2021-11-17; mark is stale
no quotes for T0013 at 2021-11-19; mark is stale
no quotes for T0014 at 2021-11-19; mark is stale
no quotes for T0017 at 2023-08-24; mark is stale
no quotes for T0018 at 2023-08-24; mark is stale
0.08 20.0 45 58.94444444444444
no quotes for T0009 at 2021-01-05; mark is stale
no quotes for T0010 at 2021-01-05; mark is stale
no quotes for T0019 at 2021-09-10; mark is stale
no quotes for T0020 at 2021-09-10; mark is stale
no quotes for T0024 at 2021-11-17; mark is stale
no quotes for T0025 at 2021-11-17; mark is stale
no quotes for T0024 at 2021-11-19; mark is stale
no quotes for T0025 at 2021-11-19; mark is stale
T0028 expires today with no quotes; closing at intrinsic
no quotes for T0034 at 2023-08-24; mark is stale
0.1 5.0 14 -1.3659090909090923
no quotes for T0008 at 2021-01-05; mark is stale
no quotes for T0009 at 2021-01-05; mark is stale
T0015 expires today with no quotes; closing at intrinsic
no quotes for T0016 at 2021-09-10; mark is stale
no quotes for T0017 at 2021-09-10; mark is stale
no quotes for T0020 at 2021-11-17; mark is stale
no quotes for T0021 at 2021-11-17; mark is stale
no quotes for T0020 at 2021-11-19; mark is stale
no quotes for T0021 at 2021-11-19; mark is stale
no quotes for T0029 at 2023-08-24; mark is stale
no quotes for T0030 at 2023-08-24; mark is stale
0.1 5.0 21 11.163793103448276
no quotes for T0007 at 2021-01-05; mark is stale
no quotes for T0008 at 2021-01-05; mark is stale
no quotes for T0011 at 2021-06-01; mark is stale
no quotes for T0012 at 2021-09-10; mark is stale
no quotes for T0013 at 2021-09-10; mark is stale
no quotes for T0014 at 2021-11-17; mark is stale
no quotes for T0015 at 2021-11-17; mark is stale
no quotes for T0014 at 2021-11-19; mark is stale
no quotes for T0015 at 2021-11-19; mark is stale
no quotes for T0019 at 2023-08-24; mark is stale
no quotes for T0020 at 2023-08-24; mark is stale
0.1 5.0 30 32.6875
no quotes for T0006 at 2021-01-05; mark is stale
no quotes for T0007 at 2021-01-05; mark is stale
no quotes for T0011 at 2021-09-10; mark is stale
no quotes for T0012 at 2021-09-10; mark is stale
no quotes for T0013 at 2021-11-17; mark is stale
no quotes for T0014 at 2021-11-17; mark is stale
no quotes for T0013 at 2021-11-19; mark is stale
no quotes for T0014 at 2021-11-19; mark is stale
no quotes for T0017 at 2023-08-24; mark is stale
no quotes for T0018 at 2023-08-24; mark is stale
0.1 5.0 45 32.770833333333336
no quotes for T0009 at 2021-01-05; mark is stale
no quotes for T0010 at 2021-01-05; mark is stale
no quotes for T0019 at 2021-09-10; mark is stale
no quotes for T0020 at 2021-09-10; mark is stale
no quotes for T0024 at 2021-11-17; mark is stale
no quotes for T0025 at 2021-11-17; mark is stale
no quotes for T0024 at 2021-11-19; mark is stale
no quotes for T0025 at 2021-11-19; mark is stale
T0028 expires today with no quotes; closing at intrinsic
no quotes for T0034 at 2023-08-24; mark is stale
0.1 10.0 14 2.6568181818181786
no quotes for T0008 at 2021-01-05; mark is stale
no quotes for T0009 at 2021-01-05; mark is stale
T0015 expires today with no quotes; closing at intrinsic
no quotes for T0016 at 2021-09-10; mark is stale
no quotes for T0017 at 2021-09-10; mark is stale
no quotes for T0020 at 2021-11-17; mark is stale
no quotes for T0021 at 2021-11-17; mark is stale
no quotes for T0020 at 2021-11-19; mark is stale
no quotes for T0021 at 2021-11-19; mark is stale
no quotes for T0029 at 2023-08-24; mark is stale
no quotes for T0030 at 2023-08-24; mark is stale
0.1 10.0 21 24.603448275862068
no quotes for T0007 at 2021-01-05; mark is stale
no quotes for T0008 at 2021-01-05; mark is stale
no quotes for T0011 at 2021-06-01; mark is stale
no quotes for T0012 at 2021-09-10; mark is stale
no quotes for T0013 at 2021-09-10; mark is stale
no quotes for T0014 at 2021-11-17; mark is stale
no quotes for T0015 at 2021-11-17; mark is stale
no quotes for T0014 at 2021-11-19; mark is stale
no quotes for T0015 at 2021-11-19; mark is stale
no quotes for T0019 at 2023-08-24; mark is stale
no quotes for T0020 at 2023-08-24; mark is stale
0.1 10.0 30 53.9375
no quotes for T0006 at 2021-01-05; mark is stale
no quotes for T0007 at 2021-01-05; mark is stale
no quotes for T0011 at 2021-09-10; mark is stale
no quotes for T0012 at 2021-09-10; mark is stale
no quotes for T0013 at 2021-11-17; mark is stale
no quotes for T0014 at 2021-11-17; mark is stale
no quotes for T0013 at 2021-11-19; mark is stale
no quotes for T0014 at 2021-11-19; mark is stale
no quotes for T0017 at 2023-08-24; mark is stale
no quotes for T0018 at 2023-08-24; mark is stale
0.1 10.0 45 53.97222222222222
no quotes for T0009 at 2021-01-05; mark is stale
no quotes for T0010 at 2021-01-05; mark is stale
no quotes for T0019 at 2021-09-10; mark is stale
no quotes for T0020 at 2021-09-10; mark is stale
no quotes for T0024 at 2021-11-17; mark is stale
no quotes for T0025 at 2021-11-17; mark is stale
no quotes for T0024 at 2021-11-19; mark is stale
no quotes for T0025 at 2021-11-19; mark is stale
T0028 expires today with no quotes; closing at intrinsic
no quotes for T0034 at 2023-08-24; mark is stale
0.1 15.0 14 7.509090909090908
no quotes for T0008 at 2021-01-05; mark is stale
no quotes for T0009 at 2021-01-05; mark is stale
T0015 expires today with no quotes; closing at intrinsic
no quotes for T0016 at 2021-09-10; mark is stale
no quotes for T0017 at 2021-09-10; mark is stale
no quotes for T0020 at 2021-11-17; mark is stale
no quotes for T0021 at 2021-11-17; mark is stale
no quotes for T0020 at 2021-11-19; mark is stale
no quotes for T0021 at 2021-11-19; mark is stale
no quotes for T0029 at 2023-08-24; mark is stale
no quotes for T0030 at 2023-08-24; mark is stale
0.1 15.0 21 33.69827586206897
no quotes for T0007 at 2021-01-05; mark is stale
no quotes for T0008 at 2021-01-05; mark is stale
no quotes for T0011 at 2021-06-01; mark is stale
no quotes for T0012 at 2021-09-10; mark is stale
no quotes for T0013 at 2021-09-10; mark is stale
no quotes for T0014 at 2021-11-17; mark is stale
no quotes for T0015 at 2021-11-17; mark is stale
no quotes for T0014 at 2021-11-19; mark is stale
no quotes for T0015 at 2021-11-19; mark is stale
no quotes for T0019 at 2023-08-24; mark is stale
no quotes for T0020 at 2023-08-24; mark is stale
0.1 15.0 30 66.06875
no quotes for T0006 at 2021-01-05; mark is stale
no quotes for T0007 at 2021-01-05; mark is stale
no quotes for T0011 at 2021-09-10; mark is stale
no quotes for T0012 at 2021-09-10; mark is stale
no quotes for T0013 at 2021-11-17; mark is stale
no quotes for T0014 at 2021-11-17; mark is stale
no quotes for T0013 at 2021-11-19; mark is stale
no quotes for T0014 at 2021-11-19; mark is stale
no quotes for T0017 at 2023-08-24; mark is stale
no quotes for T0018 at 2023-08-24; mark is stale
0.1 15.0 45 67.73611111111111
no quotes for T0009 at 2021-01-05; mark is stale
no quotes for T0010 at 2021-01-05; mark is stale
no quotes for T0019 at 2021-09-10; mark is stale
no quotes for T0020 at 2021-09-10; mark is stale
no quotes for T0024 at 2021-11-17; mark is stale
no quotes for T0025 at 2021-11-17; mark is stale
no quotes for T0024 at 2021-11-19; mark is stale
no quotes for T0025 at 2021-11-19; mark is stale
T0028 expires today with no quotes; closing at intrinsic
no quotes for T0034 at 2023-08-24; mark is stale
0.1 20.0 14 11.467424242424244
no quotes for T0008 at 2021-01-05; mark is stale
no quotes for T0009 at 2021-01-05; mark is stale
T0015 expires today with no quotes; closing at intrinsic
no quotes for T0016 at 2021-09-10; mark is stale
no quotes for T0017 at 2021-09-10; mark is stale
no quotes for T0020 at 2021-11-17; mark is stale
no quotes for T0021 at 2021-11-17; mark is stale
no quotes for T0020 at 2021-11-19; mark is stale
no quotes for T0021 at 2021-11-19; mark is stale
no quotes for T0029 at 2023-08-24; mark is stale
no quotes for T0030 at 2023-08-24; mark is stale
0.1 20.0 21 39.41379310344828
no quotes for T0007 at 2021-01-05; mark is stale
no quotes for T0008 at 2021-01-05; mark is stale
no quotes for T0011 at 2021-06-01; mark is stale
no quotes for T0012 at 2021-09-10; mark is stale
no quotes for T0013 at 2021-09-10; mark is stale
no quotes for T0014 at 2021-11-17; mark is stale
no quotes for T0015 at 2021-11-17; mark is stale
no quotes for T0014 at 2021-11-19; mark is stale
no quotes for T0015 at 2021-11-19; mark is stale
no quotes for T0019 at 2023-08-24; mark is stale
no quotes for T0020 at 2023-08-24; mark is stale
0.1 20.0 30 75.13125
no quotes for T0006 at 2021-01-05; mark is stale
no quotes for T0007 at 2021-01-05; mark is stale
no quotes for T0011 at 2021-09-10; mark is stale
no quotes for T0012 at 2021-09-10; mark is stale
no quotes for T0013 at 2021-11-17; mark is stale
no quotes for T0014 at 2021-11-17; mark is stale
no quotes for T0013 at 2021-11-19; mark is stale
no quotes for T0014 at 2021-11-19; mark is stale
no quotes for T0017 at 2023-08-24; mark is stale
no quotes for T0018 at 2023-08-24; mark is stale
0.1 20.0 45 78.35416666666667
no quotes for T0009 at 2021-01-05; mark is stale
no quotes for T0010 at 2021-01-05; mark is stale
no quotes for T0019 at 2021-09-10; mark is stale
no quotes for T0020 at 2021-09-10; mark is stale
no quotes for T0024 at 2021-11-17; mark is stale
no quotes for T0025 at 2021-11-17; mark is stale
no quotes for T0024 at 2021-11-19; mark is stale
no quotes for T0025 at 2021-11-19; mark is stale
T0028 expires today with no quotes; closing at intrinsic
no quotes for T0034 at 2023-08-24; mark is stale
0.12 5.0 14 4.303731343283581
no quotes for T0008 at 2021-01-05; mark is stale
no quotes for T0009 at 2021-01-05; mark is stale
T0015 expires today with no quotes; closing at intrinsic
no quotes for T0016 at 2021-09-10; mark is stale
no quotes for T0017 at 2021-09-10; mark is stale
no quotes for T0020 at 2021-11-17; mark is stale
no quotes for T0021 at 2021-11-17; mark is stale
no quotes for T0020 at 2021-11-19; mark is stale
no quotes for T0021 at 2021-11-19; mark is stale
no quotes for T0029 at 2023-08-24; mark is stale
no quotes for T0030 at 2023-08-24; mark is stale
0.12 5.0 21 12.72844827586207
no quotes for T0007 at 2021-01-05; mark is stale
no quotes for T0008 at 2021-01-05; mark is stale
no quotes for T0011 at 2021-06-01; mark is stale
no quotes for T0012 at 2021-09-10; mark is stale
no quotes for T0013 at 2021-09-10; mark is stale
no quotes for T0014 at 2021-11-17; mark is stale
no quotes for T0015 at 2021-11-17; mark is stale
no quotes for T0014 at 2021-11-19; mark is stale
no quotes for T0015 at 2021-11-19; mark is stale
no quotes for T0019 at 2023-08-24; mark is stale
no quotes for T0020 at 2023-08-24; mark is stale
0.12 5.0 30 38.35625
no quotes for T0006 at 2021-01-05; mark is stale
no quotes for T0007 at 2021-01-05; mark is stale
no quotes for T0011 at 2021-09-10; mark is stale
no quotes for T0012 at 2021-09-10; mark is stale
no quotes for T0013 at 2021-11-17; mark is stale
no quotes for T0014 at 2021-11-17; mark is stale
no quotes for T0013 at 2021-11-19; mark is stale
no quotes for T0014 at 2021-11-19; mark is stale
no quotes for T0017 at 2023-08-24; mark is stale
no quotes for T0018 at 2023-08-24; mark is stale
0.12 5.0 45 32.09027777777778
no quotes for T0009 at 2021-01-05; mark is stale
no quotes for T0010 at 2021-01-05; mark is stale
no quotes for T0019 at 2021-09-10; mark is stale
no quotes for T0020 at 2021-09-10; mark is stale
no quotes for T0024 at 2021-11-17; mark is stale
no quotes for T0025 at 2021-11-17; mark is stale
no quotes for T0024 at 2021-11-19; mark is stale
no quotes for T0025 at 2021-11-19; mark is stale
T0028 expires today with no quotes; closing at intrinsic
no quotes for T0034 at 2023-08-24; mark is stale
0.12 10.0 14 10.82238805970149
no quotes for T0008 at 2021-01-05; mark is stale
no quotes for T0009 at 2021-01-05; mark is stale
T0015 expires today with no quotes; closing at intrinsic
no quotes for T0016 at 2021-09-10; mark is stale
no quotes for T0017 at 2021-09-10; mark is stale
no quotes for T0020 at 2021-11-17; mark is stale
no quotes for T0021 at 2021-11-17; mark is stale
no quotes for T0020 at 2021-11-19; mark is stale
no quotes for T0021 at 2021-11-19; mark is stale
no quotes for T0029 at 2023-08-24; mark is stale
no quotes for T0030 at 2023-08-24; mark is stale
0.12 10.0 21 28.74137931034483
no quotes for T0007 at 2021-01-05; mark is stale
no quotes for T0008 at 2021-01-05; mark is stale
no quotes for T0011 at 2021-06-01; mark is stale
no quotes for T0012 at 2021-09-10; mark is stale
no quotes for T0013 at 2021-09-10; mark is stale
no quotes for T0014 at 2021-11-17; mark is stale
no quotes for T0015 at 2021-11-17; mark is stale
no quotes for T0014 at 2021-11-19; mark is stale
no quotes for T0015 at 2021-11-19; mark is stale
no quotes for T0019 at 2023-08-24; mark is stale
no quotes for T0020 at 2023-08-24; mark is stale
0.12 10.0 30 64.975
no quotes for T0006 at 2021-01-05; mark is stale
no quotes for T0007 at 2021-01-05; mark is stale
no quotes for T0011 at 2021-09-10; mark is stale
no quotes for T0012 at 2021-09-10; mark is stale
no quotes for T0013 at 2021-11-17; mark is stale
no quotes for T0014 at 2021-11-17; mark is stale
no quotes for T0013 at 2021-11-19; mark is stale
no quotes for T0014 at 2021-11-19; mark is stale
no quotes for T0017 at 2023-08-24; mark is stale
no quotes for T0018 at 2023-08-24; mark is stale
0.12 10.0 45 58.97222222222222
no quotes for T0009 at 2021-01-05; mark is stale
no quotes for T0010 at 2021-01-05; mark is stale
no quotes for T0019 at 2021-09-10; mark is stale
no quotes for T0020 at 2021-09-10; mark is stale
no quotes for T0024 at 2021-11-17; mark is stale
no quotes for T0025 at 2021-11-17; mark is stale
no quotes for T0024 at 2021-11-19; mark is stale
no quotes for T0025 at 2021-11-19; mark is stale
T0028 expires today with no quotes; closing at intrinsic
no quotes for T0034 at 2023-08-24; mark is stale
0.12 15.0 14 17.96791044776119
no quotes for T0008 at 2021-01-05; mark is stale
no quotes for T0009 at 2021-01-05; mark is stale
T0015 expires today with no quotes; closing at intrinsic
no quotes for T0016 at 2021-09-10; mark is stale
no quotes for T0017 at 2021-09-10; mark is stale
no quotes for T0020 at 2021-11-17; mark is stale
no quotes for T0021 at 2021-11-17; mark is stale
no quotes for T0020 at 2021-11-19; mark is stale
no quotes for T0021 at 2021-11-19; mark is stale
no quotes for T0029 at 2023-08-24; mark is stale
no quotes for T0030 at 2023-08-24; mark is stale
0.12 15.0 21 40.94396551724138
no quotes for T0007 at 2021-01-05; mark is stale
no quotes for T0008 at 2021-01-05; mark is stale
no quotes for T0011 at 2021-06-01; mark is stale
no quotes for T0012 at 2021-09-10; mark is stale
no quotes for T0013 at 2021-09-10; mark is stale
no quotes for T0014 at 2021-11-17; mark is stale
no quotes for T0015 at 2021-11-17; mark is stale
no quotes for T0014 at 2021-11-19; mark is stale
no quotes for T0015 at 2021-11-19; mark is stale
no quotes for T0019 at 2023-08-24; mark is stale
no quotes for T0020 at 2023-08-24; mark is stale
0.12 15.0 30 80.50625
no quotes for T0006 at 2021-01-05; mark is stale
no quotes for T0007 at 2021-01-05; mark is stale
no quotes for T0011 at 2021-09-10; mark is stale
no quotes for T0012 at 2021-09-10; mark is stale
no quotes for T0013 at 2021-11-17; mark is stale
no quotes for T0014 at 2021-11-17; mark is stale
no quotes for T0013 at 2021-11-19; mark is stale
no quotes for T0014 at 2021-11-19; mark is stale
no quotes for T0017 at 2023-08-24; mark is stale
no quotes for T0018 at 2023-08-24; mark is stale
0.12 15.0 45 76.99305555555556
no quotes for T0009 at 2021-01-05; mark is stale
no quotes for T0010 at 2021-01-05; mark is stale
no quotes for T0019 at 2021-09-10; mark is stale
no quotes for T0020 at 2021-09-10; mark is stale
no quotes for T0024 at 2021-11-17; mark is stale
no quotes for T0025 at 2021-11-17; mark is stale
no quotes for T0024 at 2021-11-19; mark is stale
no quotes for T0025 at 2021-11-19; mark is stale
T0028 expires today with no quotes; closing at intrinsic
no quotes for T0034 at 2023-08-24; mark is stale
0.12 20.0 14 22.58731343283582
no quotes for T0008 at 2021-01-05; mark is stale
no quotes for T0009 at 2021-01-05; mark is stale
T0015 expires today with no quotes; closing at intrinsic
no quotes for T0016 at 2021-09-10; mark is stale
no quotes for T0017 at 2021-09-10; mark is stale
no quotes for T0020 at 2021-11-17; mark is stale
no quotes for T0021 at 2021-11-17; mark is stale
no quotes for T0020 at 2021-11-19; mark is stale
no quotes for T0021 at 2021-11-19; mark is stale
no quotes for T0029 at 2023-08-24; mark is stale
no quotes for T0030 at 2023-08-24; mark is stale
0.12 20.0 21 48.793103448275865
no quotes for T0007 at 2021-01-05; mark is stale
no quotes for T0008 at 2021-01-05; mark is stale
no quotes for T0011 at 2021-06-01; mark is stale
no quotes for T0012 at 2021-09-10; mark is stale
no quotes for T0013 at 2021-09-10; mark is stale
no quotes for T0014 at 2021-11-17; mark is stale
no quotes for T0015 at 2021-11-17; mark is stale
no quotes for T0014 at 2021-11-19; mark is stale
no quotes for T0015 at 2021-11-19; mark is stale
no quotes for T0019 at 2023-08-24; mark is stale
no quotes for T0020 at 2023-08-24; mark is stale
0.12 20.0 30 91.325
no quotes for T0006 at 2021-01-05; mark is stale
no quotes for T0007 at 2021-01-05; mark is stale
no quotes for T0011 at 2021-09-10; mark is stale
no quotes for T0012 at 2021-09-10; mark is stale
no quotes for T0013 at 2021-11-17; mark is stale
no quotes for T0014 at 2021-11-17; mark is stale
no quotes for T0013 at 2021-11-19; mark is stale
no quotes for T0014 at 2021-11-19; mark is stale
no quotes for T0017 at 2023-08-24; mark is stale
no quotes for T0018 at 2023-08-24; mark is stale
0.12 20.0 45 90.86805555555556
no quotes for T0009 at 2021-01-05; mark is stale
no quotes for T0010 at 2021-01-05; mark is stale
no quotes for T0019 at 2021-09-10; mark is stale
no quotes for T0020 at 2021-09-10; mark is stale
no quotes for T0024 at 2021-11-17; mark is stale
no quotes for T0025 at 2021-11-17; mark is stale
no quotes for T0024 at 2021-11-19; mark is stale
no quotes for T0025 at 2021-11-19; mark is stale
T0028 expires today with no quotes; closing at intrinsic
no quotes for T0034 at 2023-08-24; mark is stale
no quotes for T0035 at 2023-08-24; mark is stale
0.15 5.0 14 8.369117647058825
no quotes for T0008 at 2021-01-05; mark is stale
no quotes for T0009 at 2021-01-05; mark is stale
T0015 expires today with no quotes; closing at intrinsic
no quotes for T0016 at 2021-09-10; mark is stale
no quotes for T0017 at 2021-09-10; mark is stale
no quotes for T0020 at 2021-11-17; mark is stale
no quotes for T0021 at 2021-11-17; mark is stale
no quotes for T0020 at 2021-11-19; mark is stale
no quotes for T0021 at 2021-11-19; mark is stale
no quotes for T0029 at 2023-08-24; mark is stale
no quotes for T0030 at 2023-08-24; mark is stale
0.15 5.0 21 7.137931034482758
no quotes for T0007 at 2021-01-05; mark is stale
no quotes for T0008 at 2021-01-05; mark is stale
no quotes for T0011 at 2021-06-01; mark is stale
no quotes for T0012 at 2021-09-10; mark is stale
no quotes for T0013 at 2021-09-10; mark is stale
no quotes for T0014 at 2021-11-17; mark is stale
no quotes for T0015 at 2021-11-17; mark is stale
no quotes for T0014 at 2021-11-19; mark is stale
no quotes for T0015 at 2021-11-19; mark is stale
no quotes for T0019 at 2023-08-24; mark is stale
no quotes for T0020 at 2023-08-24; mark is stale
0.15 5.0 30 40.10625
no quotes for T0006 at 2021-01-05; mark is stale
no quotes for T0007 at 2021-01-05; mark is stale
no quotes for T0011 at 2021-09-10; mark is stale
no quotes for T0012 at 2021-09-10; mark is stale
no quotes for T0013 at 2021-11-17; mark is stale
no quotes for T0014 at 2021-11-17; mark is stale
no quotes for T0013 at 2021-11-19; mark is stale
no quotes for T0014 at 2021-11-19; mark is stale
no quotes for T0017 at 2023-08-24; mark is stale
no quotes for T0018 at 2023-08-24; mark is stale
0.15 5.0 45 29.854166666666668
no quotes for T0009 at 2021-01-05; mark is stale
no quotes for T0010 at 2021-01-05; mark is stale
no quotes for T0019 at 2021-09-10; mark is stale
no quotes for T0020 at 2021-09-10; mark is stale
no quotes for T0024 at 2021-11-17; mark is stale
no quotes for T0025 at 2021-11-17; mark is stale
no quotes for T0024 at 2021-11-19; mark is stale
no quotes for T0025 at 2021-11-19; mark is stale
T0028 expires today with no quotes; closing at intrinsic
no quotes for T0034 at 2023-08-24; mark is stale
no quotes for T0035 at 2023-08-24; mark is stale
0.15 10.0 14 13.5860294117647
no quotes for T0008 at 2021-01-05; mark is stale
no quotes for T0009 at 2021-01-05; mark is stale
T0015 expires today with no quotes; closing at intrinsic
no quotes for T0016 at 2021-09-10; mark is stale
no quotes for T0017 at 2021-09-10; mark is stale
no quotes for T0020 at 2021-11-17; mark is stale
no quotes for T0021 at 2021-11-17; mark is stale
no quotes for T0020 at 2021-11-19; mark is stale
no quotes for T0021 at 2021-11-19; mark is stale
no quotes for T0029 at 2023-08-24; mark is stale
no quotes for T0030 at 2023-08-24; mark is stale
0.15 10.0 21 25.840517241379306
no quotes for T0007 at 2021-01-05; mark is stale
no quotes for T0008 at 2021-01-05; mark is stale
no quotes for T0011 at 2021-06-01; mark is stale
no quotes for T0012 at 2021-09-10; mark is stale
no quotes for T0013 at 2021-09-10; mark is stale
no quotes for T0014 at 2021-11-17; mark is stale
no quotes for T0015 at 2021-11-17; mark is stale
no quotes for T0014 at 2021-11-19; mark is stale
no quotes for T0015 at 2021-11-19; mark is stale
no quotes for T0019 at 2023-08-24; mark is stale
no quotes for T0020 at 2023-08-24; mark is stale
0.15 10.0 30 74.9
no quotes for T0006 at 2021-01-05; mark is stale
no quotes for T0007 at 2021-01-05; mark is stale
no quotes for T0011 at 2021-09-10; mark is stale
no quotes for T0012 at 2021-09-10; mark is stale
no quotes for T0013 at 2021-11-17; mark is stale
no quotes for T0014 at 2021-11-17; mark is stale
no quotes for T0013 at 2021-11-19; mark is stale
no quotes for T0014 at 2021-11-19; mark is stale
no quotes for T0017 at 2023-08-24; mark is stale
no quotes for T0018 at 2023-08-24; mark is stale
0.15 10.0 45 57.701388888888886
no quotes for T0009 at 2021-01-05; mark is stale
no quotes for T0010 at 2021-01-05; mark is stale
no quotes for T0019 at 2021-09-10; mark is stale
no quotes for T0020 at 2021-09-10; mark is stale
no quotes for T0024 at 2021-11-17; mark is stale
no quotes for T0025 at 2021-11-17; mark is stale
no quotes for T0024 at 2021-11-19; mark is stale
no quotes for T0025 at 2021-11-19; mark is stale
T0028 expires today with no quotes; closing at intrinsic
no quotes for T0034 at 2023-08-24; mark is stale
no quotes for T0035 at 2023-08-24; mark is stale
0.15 15.0 14 16.40955882352941
no quotes for T0008 at 2021-01-05; mark is stale
no quotes for T0009 at 2021-01-05; mark is stale
T0015 expires today with no quotes; closing at intrinsic
no quotes for T0016 at 2021-09-10; mark is stale
no quotes for T0017 at 2021-09-10; mark is stale
no quotes for T0020 at 2021-11-17; mark is stale
no quotes for T0021 at 2021-11-17; mark is stale
no quotes for T0020 at 2021-11-19; mark is stale
no quotes for T0021 at 2021-11-19; mark is stale
no quotes for T0029 at 2023-08-24; mark is stale
no quotes for T0030 at 2023-08-24; mark is stale
0.15 15.0 21 41.75431034482759
no quotes for T0007 at 2021-01-05; mark is stale
no quotes for T0008 at 2021-01-05; mark is stale
no quotes for T0011 at 2021-06-01; mark is stale
no quotes for T0012 at 2021-09-10; mark is stale
no quotes for T0013 at 2021-09-10; mark is stale
no quotes for T0014 at 2021-11-17; mark is stale
no quotes for T0015 at 2021-11-17; mark is stale
no quotes for T0014 at 2021-11-19; mark is stale
no quotes for T0015 at 2021-11-19; mark is stale
no quotes for T0019 at 2023-08-24; mark is stale
no quotes for T0020 at 2023-08-24; mark is stale
0.15 15.0 30 95.575
no quotes for T0006 at 2021-01-05; mark is stale
no quotes for T0007 at 2021-01-05; mark is stale
no quotes for T0011 at 2021-09-10; mark is stale
no quotes for T0012 at 2021-09-10; mark is stale
no quotes for T0013 at 2021-11-17; mark is stale
no quotes for T0014 at 2021-11-17; mark is stale
no quotes for T0013 at 2021-11-19; mark is stale
no quotes for T0014 at 2021-11-19; mark is stale
no quotes for T0017 at 2023-08-24; mark is stale
no quotes for T0018 at 2023-08-24; mark is stale
0.15 15.0 45 82.11805555555556
no quotes for T0009 at 2021-01-05; mark is stale
no quotes for T0010 at 2021-01-05; mark is stale
no quotes for T0019 at 2021-09-10; mark is stale
no quotes for T0020 at 2021-09-10; mark is stale
no quotes for T0024 at 2021-11-17; mark is stale
no quotes for T0025 at 2021-11-17; mark is stale
no quotes for T0024 at 2021-11-19; mark is stale
no quotes for T0025 at 2021-11-19; mark is stale
T0028 expires today with no quotes; closing at intrinsic
no quotes for T0034 at 2023-08-24; mark is stale
no quotes for T0035 at 2023-08-24; mark is stale
0.15 20.0 14 23.527205882352945
no quotes for T0008 at 2021-01-05; mark is stale
no quotes for T0009 at 2021-01-05; mark is stale
T0015 expires today with no quotes; closing at intrinsic
no quotes for T0016 at 2021-09-10; mark is stale
no quotes for T0017 at 2021-09-10; mark is stale
no quotes for T0020 at 2021-11-17; mark is stale
no quotes for T0021 at 2021-11-17; mark is stale
no quotes for T0020 at 2021-11-19; mark is stale
no quotes for T0021 at 2021-11-19; mark is stale
no quotes for T0029 at 2023-08-24; mark is stale
no quotes for T0030 at 2023-08-24; mark is stale
0.15 20.0 21 51.76724137931034
no quotes for T0007 at 2021-01-05; mark is stale
no quotes for T0008 at 2021-01-05; mark is stale
no quotes for T0011 at 2021-06-01; mark is stale
no quotes for T0012 at 2021-09-10; mark is stale
no quotes for T0013 at 2021-09-10; mark is stale
no quotes for T0014 at 2021-11-17; mark is stale
no quotes for T0015 at 2021-11-17; mark is stale
no quotes for T0014 at 2021-11-19; mark is stale
no quotes for T0015 at 2021-11-19; mark is stale
no quotes for T0019 at 2023-08-24; mark is stale
no quotes for T0020 at 2023-08-24; mark is stale
0.15 20.0 30 111.2375
no quotes for T0006 at 2021-01-05; mark is stale
no quotes for T0007 at 2021-01-05; mark is stale
no quotes for T0011 at 2021-09-10; mark is stale
no quotes for T0012 at 2021-09-10; mark is stale
no quotes for T0013 at 2021-11-17; mark is stale
no quotes for T0014 at 2021-11-17; mark is stale
no quotes for T0013 at 2021-11-19; mark is stale
no quotes for T0014 at 2021-11-19; mark is stale
no quotes for T0017 at 2023-08-24; mark is stale
no quotes for T0018 at 2023-08-24; mark is stale
0.15 20.0 45 100.65277777777777
no quotes for T0009 at 2021-01-05; mark is stale
no quotes for T0010 at 2021-01-05; mark is stale
no quotes for T0019 at 2021-09-10; mark is stale
no quotes for T0020 at 2021-09-10; mark is stale
no quotes for T0024 at 2021-11-17; mark is stale
no quotes for T0025 at 2021-11-17; mark is stale
no quotes for T0024 at 2021-11-19; mark is stale
no quotes for T0025 at 2021-11-19; mark is stale
T0028 expires today with no quotes; closing at intrinsic
no quotes for T0035 at 2023-08-24; mark is stale
no quotes for T0036 at 2023-08-24; mark is stale
0.2 5.0 14 7.821428571428569
no quotes for T0008 at 2021-01-05; mark is stale
no quotes for T0009 at 2021-01-05; mark is stale
T0015 expires today with no quotes; closing at intrinsic
no quotes for T0016 at 2021-09-10; mark is stale
no quotes for T0017 at 2021-09-10; mark is stale
no quotes for T0020 at 2021-11-17; mark is stale
no quotes for T0021 at 2021-11-17; mark is stale
no quotes for T0020 at 2021-11-19; mark is stale
no quotes for T0021 at 2021-11-19; mark is stale
no quotes for T0029 at 2023-08-24; mark is stale
no quotes for T0030 at 2023-08-24; mark is stale
0.2 5.0 21 1.1206896551724137
no quotes for T0007 at 2021-01-05; mark is stale
no quotes for T0008 at 2021-01-05; mark is stale
no quotes for T0011 at 2021-06-01; mark is stale
no quotes for T0012 at 2021-09-10; mark is stale
no quotes for T0013 at 2021-09-10; mark is stale
no quotes for T0014 at 2021-11-17; mark is stale
no quotes for T0015 at 2021-11-17; mark is stale
no quotes for T0014 at 2021-11-19; mark is stale
no quotes for T0015 at 2021-11-19; mark is stale
no quotes for T0019 at 2023-08-24; mark is stale
no quotes for T0020 at 2023-08-24; mark is stale
0.2 5.0 30 40.0
no quotes for T0006 at 2021-01-05; mark is stale
no quotes for T0007 at 2021-01-05; mark is stale
no quotes for T0011 at 2021-09-10; mark is stale
no quotes for T0012 at 2021-09-10; mark is stale
no quotes for T0013 at 2021-11-17; mark is stale
no quotes for T0014 at 2021-11-17; mark is stale
no quotes for T0013 at 2021-11-19; mark is stale
no quotes for T0014 at 2021-11-19; mark is stale
no quotes for T0017 at 2023-08-24; mark is stale
no quotes for T0018 at 2023-08-24; mark is stale
0.2 5.0 45 27.805555555555557
no quotes for T0009 at 2021-01-05; mark is stale
no quotes for T0010 at 2021-01-05; mark is stale
no quotes for T0019 at 2021-09-10; mark is stale
no quotes for T0020 at 2021-09-10; mark is stale
no quotes for T0024 at 2021-11-17; mark is stale
no quotes for T0025 at 2021-11-17; mark is stale
no quotes for T0024 at 2021-11-19; mark is stale
no quotes for T0025 at 2021-11-19; mark is stale
T0028 expires today with no quotes; closing at intrinsic
no quotes for T0035 at 2023-08-24; mark is stale
no quotes for T0036 at 2023-08-24; mark is stale
0.2 10.0 14 10.737142857142857
no quotes for T0008 at 2021-01-05; mark is stale
no quotes for T0009 at 2021-01-05; mark is stale
T0015 expires today with no quotes; closing at intrinsic
no quotes for T0016 at 2021-09-10; mark is stale
no quotes for T0017 at 2021-09-10; mark is stale
no quotes for T0020 at 2021-11-17; mark is stale
no quotes for T0021 at 2021-11-17; mark is stale
no quotes for T0020 at 2021-11-19; mark is stale
no quotes for T0021 at 2021-11-19; mark is stale
no quotes for T0029 at 2023-08-24; mark is stale
no quotes for T0030 at 2023-08-24; mark is stale
0.2 10.0 21 17.70689655172414
no quotes for T0007 at 2021-01-05; mark is stale
no quotes for T0008 at 2021-01-05; mark is stale
no quotes for T0011 at 2021-06-01; mark is stale
no quotes for T0012 at 2021-09-10; mark is stale
no quotes for T0013 at 2021-09-10; mark is stale
no quotes for T0014 at 2021-11-17; mark is stale
no quotes for T0015 at 2021-11-17; mark is stale
no quotes for T0014 at 2021-11-19; mark is stale
no quotes for T0015 at 2021-11-19; mark is stale
no quotes for T0019 at 2023-08-24; mark is stale
no quotes for T0020 at 2023-08-24; mark is stale
0.2 10.0 30 78.56875
no quotes for T0006 at 2021-01-05; mark is stale
no quotes for T0007 at 2021-01-05; mark is stale
no quotes for T0011 at 2021-09-10; mark is stale
no quotes for T0012 at 2021-09-10; mark is stale
no quotes for T0013 at 2021-11-17; mark is stale
no quotes for T0014 at 2021-11-17; mark is stale
no quotes for T0013 at 2021-11-19; mark is stale
no quotes for T0014 at 2021-11-19; mark is stale
no quotes for T0017 at 2023-08-24; mark is stale
no quotes for T0018 at 2023-08-24; mark is stale
0.2 10.0 45 57.71527777777778
no quotes for T0009 at 2021-01-05; mark is stale
no quotes for T0010 at 2021-01-05; mark is stale
no quotes for T0019 at 2021-09-10; mark is stale
no quotes for T0020 at 2021-09-10; mark is stale
no quotes for T0024 at 2021-11-17; mark is stale
no quotes for T0025 at 2021-11-17; mark is stale
no quotes for T0024 at 2021-11-19; mark is stale
no quotes for T0025 at 2021-11-19; mark is stale
T0028 expires today with no quotes; closing at intrinsic
no quotes for T0035 at 2023-08-24; mark is stale
no quotes for T0036 at 2023-08-24; mark is stale
0.2 15.0 14 19.069285714285712
no quotes for T0008 at 2021-01-05; mark is stale
no quotes for T0009 at 2021-01-05; mark is stale
T0015 expires today with no quotes; closing at intrinsic
no quotes for T0016 at 2021-09-10; mark is stale
no quotes for T0017 at 2021-09-10; mark is stale
no quotes for T0020 at 2021-11-17; mark is stale
no quotes for T0021 at 2021-11-17; mark is stale
no quotes for T0020 at 2021-11-19; mark is stale
no quotes for T0021 at 2021-11-19; mark is stale
no quotes for T0029 at 2023-08-24; mark is stale
no quotes for T0030 at 2023-08-24; mark is stale
0.2 15.0 21 39.9051724137931
no quotes for T0007 at 2021-01-05; mark is stale
no quotes for T0008 at 2021-01-05; mark is stale
no quotes for T0011 at 2021-06-01; mark is stale
no quotes for T0012 at 2021-09-10; mark is stale
no quotes for T0013 at 2021-09-10; mark is stale
no quotes for T0014 at 2021-11-17; mark is stale
no quotes for T0015 at 2021-11-17; mark is stale
no quotes for T0014 at 2021-11-19; mark is stale
no quotes for T0015 at 2021-11-19; mark is stale
no quotes for T0019 at 2023-08-24; mark is stale
no quotes for T0020 at 2023-08-24; mark is stale
0.2 15.0 30 110.15625
no quotes for T0006 at 2021-01-05; mark is stale
no quotes for T0007 at 2021-01-05; mark is stale
no quotes for T0011 at 2021-09-10; mark is stale
no quotes for T0012 at 2021-09-10; mark is stale
no quotes for T0013 at 2021-11-17; mark is stale
no quotes for T0014 at 2021-11-17; mark is stale
no quotes for T0013 at 2021-11-19; mark is stale
no quotes for T0014 at 2021-11-19; mark is stale
no quotes for T0017 at 2023-08-24; mark is stale
no quotes for T0018 at 2023-08-24; mark is stale
0.2 15.0 45 85.72916666666667
no quotes for T0009 at 2021-01-05; mark is stale
no quotes for T0010 at 2021-01-05; mark is stale
no quotes for T0019 at 2021-09-10; mark is stale
no quotes for T0020 at 2021-09-10; mark is stale
no quotes for T0024 at 2021-11-17; mark is stale
no quotes for T0025 at 2021-11-17; mark is stale
no quotes for T0024 at 2021-11-19; mark is stale
no quotes for T0025 at 2021-11-19; mark is stale
T0028 expires today with no quotes; closing at intrinsic
no quotes for T0035 at 2023-08-24; mark is stale
no quotes for T0036 at 2023-08-24; mark is stale
0.2 20.0 14 22.43
no quotes for T0008 at 2021-01-05; mark is stale
no quotes for T0009 at 2021-01-05; mark is stale
T0015 expires today with no quotes; closing at intrinsic
no quotes for T0016 at 2021-09-10; mark is stale
no quotes for T0017 at 2021-09-10; mark is stale
no quotes for T0020 at 2021-11-17; mark is stale
no quotes for T0021 at 2021-11-17; mark is stale
no quotes for T0020 at 2021-11-19; mark is stale
no quotes for T0021 at 2021-11-19; mark is stale
no quotes for T0029 at 2023-08-24; mark is stale
no quotes for T0030 at 2023-08-24; mark is stale
0.2 20.0 21 54.19396551724138
no quotes for T0007 at 2021-01-05; mark is stale
no quotes for T0008 at 2021-01-05; mark is stale
no quotes for T0011 at 2021-06-01; mark is stale
no quotes for T0012 at 2021-09-10; mark is stale
no quotes for T0013 at 2021-09-10; mark is stale
no quotes for T0014 at 2021-11-17; mark is stale
no quotes for T0015 at 2021-11-17; mark is stale
no quotes for T0014 at 2021-11-19; mark is stale
no quotes for T0015 at 2021-11-19; mark is stale
no quotes for T0019 at 2023-08-24; mark is stale
no quotes for T0020 at 2023-08-24; mark is stale
0.2 20.0 30 133.475
no quotes for T0006 at 2021-01-05; mark is stale
no quotes for T0007 at 2021-01-05; mark is stale
no quotes for T0011 at 2021-09-10; mark is stale
no quotes for T0012 at 2021-09-10; mark is stale
no quotes for T0013 at 2021-11-17; mark is stale
no quotes for T0014 at 2021-11-17; mark is stale
no quotes for T0013 at 2021-11-19; mark is stale
no quotes for T0014 at 2021-11-19; mark is stale
no quotes for T0017 at 2023-08-24; mark is stale
no quotes for T0018 at 2023-08-24; mark is stale
0.2 20.0 45 112.47916666666667
no quotes for T0009 at 2021-01-05; mark is stale
no quotes for T0010 at 2021-01-05; mark is stale
no quotes for T0019 at 2021-09-10; mark is stale
no quotes for T0020 at 2021-09-10; mark is stale
no quotes for T0024 at 2021-11-17; mark is stale
no quotes for T0025 at 2021-11-17; mark is stale
no quotes for T0024 at 2021-11-19; mark is stale
no quotes for T0025 at 2021-11-19; mark is stale
T0029 expires today with no quotes; closing at intrinsic
no quotes for T0036 at 2023-08-24; mark is stale
no quotes for T0037 at 2023-08-24; mark is stale
0.25 5.0 14 -1.8908450704225368
no quotes for T0008 at 2021-01-05; mark is stale
no quotes for T0009 at 2021-01-05; mark is stale
T0015 expires today with no quotes; closing at intrinsic
no quotes for T0016 at 2021-09-10; mark is stale
no quotes for T0017 at 2021-09-10; mark is stale
no quotes for T0020 at 2021-11-17; mark is stale
no quotes for T0021 at 2021-11-17; mark is stale
no quotes for T0020 at 2021-11-19; mark is stale
no quotes for T0021 at 2021-11-19; mark is stale
no quotes for T0029 at 2023-08-24; mark is stale
no quotes for T0030 at 2023-08-24; mark is stale
0.25 5.0 21 11.64655172413793
no quotes for T0007 at 2021-01-05; mark is stale
no quotes for T0008 at 2021-01-05; mark is stale
no quotes for T0011 at 2021-06-01; mark is stale
no quotes for T0012 at 2021-09-10; mark is stale
no quotes for T0013 at 2021-09-10; mark is stale
no quotes for T0014 at 2021-11-17; mark is stale
no quotes for T0015 at 2021-11-17; mark is stale
no quotes for T0014 at 2021-11-19; mark is stale
no quotes for T0015 at 2021-11-19; mark is stale
no quotes for T0019 at 2023-08-24; mark is stale
no quotes for T0020 at 2023-08-24; mark is stale
0.25 5.0 30 29.88125
no quotes for T0006 at 2021-01-05; mark is stale
no quotes for T0007 at 2021-01-05; mark is stale
no quotes for T0011 at 2021-09-10; mark is stale
no quotes for T0012 at 2021-09-10; mark is stale
no quotes for T0013 at 2021-11-17; mark is stale
no quotes for T0014 at 2021-11-17; mark is stale
no quotes for T0013 at 2021-11-19; mark is stale
no quotes for T0014 at 2021-11-19; mark is stale
no quotes for T0017 at 2023-08-24; mark is stale
no quotes for T0018 at 2023-08-24; mark is stale
0.25 5.0 45 39.5
no quotes for T0009 at 2021-01-05; mark is stale
no quotes for T0010 at 2021-01-05; mark is stale
no quotes for T0019 at 2021-09-10; mark is stale
no quotes for T0020 at 2021-09-10; mark is stale
no quotes for T0024 at 2021-11-17; mark is stale
no quotes for T0025 at 2021-11-17; mark is stale
no quotes for T0024 at 2021-11-19; mark is stale
no quotes for T0025 at 2021-11-19; mark is stale
T0029 expires today with no quotes; closing at intrinsic
no quotes for T0036 at 2023-08-24; mark is stale
no quotes for T0037 at 2023-08-24; mark is stale
0.25 10.0 14 2.8816901408450675
no quotes for T0008 at 2021-01-05; mark is stale
no quotes for T0009 at 2021-01-05; mark is stale
T0015 expires today with no quotes; closing at intrinsic
no quotes for T0016 at 2021-09-10; mark is stale
no quotes for T0017 at 2021-09-10; mark is stale
no quotes for T0020 at 2021-11-17; mark is stale
no quotes for T0021 at 2021-11-17; mark is stale
no quotes for T0020 at 2021-11-19; mark is stale
no quotes for T0021 at 2021-11-19; mark is stale
no quotes for T0029 at 2023-08-24; mark is stale
no quotes for T0030 at 2023-08-24; mark is stale
0.25 10.0 21 14.219827586206897
no quotes for T0007 at 2021-01-05; mark is stale
no quotes for T0008 at 2021-01-05; mark is stale
no quotes for T0011 at 2021-06-01; mark is stale
no quotes for T0012 at 2021-09-10; mark is stale
no quotes for T0013 at 2021-09-10; mark is stale
no quotes for T0014 at 2021-11-17; mark is stale
no quotes for T0015 at 2021-11-17; mark is stale
no quotes for T0014 at 2021-11-19; mark is stale
no quotes for T0015 at 2021-11-19; mark is stale
no quotes for T0019 at 2023-08-24; mark is stale
no quotes for T0020 at 2023-08-24; mark is stale
0.25 10.0 30 61.35
no quotes for T0006 at 2021-01-05; mark is stale
no quotes for T0007 at 2021-01-05; mark is stale
no quotes for T0011 at 2021-09-10; mark is stale
no quotes for T0012 at 2021-09-10; mark is stale
no quotes for T0013 at 2021-11-17; mark is stale
no quotes for T0014 at 2021-11-17; mark is stale
no quotes for T0013 at 2021-11-19; mark is stale
no quotes for T0014 at 2021-11-19; mark is stale
no quotes for T0017 at 2023-08-24; mark is stale
no quotes for T0018 at 2023-08-24; mark is stale
0.25 10.0 45 81.09722222222223
no quotes for T0009 at 2021-01-05; mark is stale
no quotes for T0010 at 2021-01-05; mark is stale
no quotes for T0019 at 2021-09-10; mark is stale
no quotes for T0020 at 2021-09-10; mark is stale
no quotes for T0024 at 2021-11-17; mark is stale
no quotes for T0025 at 2021-11-17; mark is stale
no quotes for T0024 at 2021-11-19; mark is stale
no quotes for T0025 at 2021-11-19; mark is stale
T0029 expires today with no quotes; closing at intrinsic
no quotes for T0036 at 2023-08-24; mark is stale
no quotes for T0037 at 2023-08-24; mark is stale
0.25 15.0 14 17.142253521126765
no quotes for T0008 at 2021-01-05; mark is stale
no quotes for T0009 at 2021-01-05; mark is stale
T0015 expires today with no quotes; closing at intrinsic
no quotes for T0016 at 2021-09-10; mark is stale
no quotes for T0017 at 2021-09-10; mark is stale
no quotes for T0020 at 2021-11-17; mark is stale
no quotes for T0021 at 2021-11-17; mark is stale
no quotes for T0020 at 2021-11-19; mark is stale
no quotes for T0021 at 2021-11-19; mark is stale
no quotes for T0029 at 2023-08-24; mark is stale
no quotes for T0030 at 2023-08-24; mark is stale
0.25 15.0 21 40.625
no quotes for T0007 at 2021-01-05; mark is stale
no quotes for T0008 at 2021-01-05; mark is stale
no quotes for T0011 at 2021-06-01; mark is stale
no quotes for T0012 at 2021-09-10; mark is stale
no quotes for T0013 at 2021-09-10; mark is stale
no quotes for T0014 at 2021-11-17; mark is stale
no quotes for T0015 at 2021-11-17; mark is stale
no quotes for T0014 at 2021-11-19; mark is stale
no quotes for T0015 at 2021-11-19; mark is stale
no quotes for T0019 at 2023-08-24; mark is stale
no quotes for T0020 at 2023-08-24; mark is stale
0.25 15.0 30 102.94375
no quotes for T0006 at 2021-01-05; mark is stale
no quotes for T0007 at 2021-01-05; mark is stale
no quotes for T0011 at 2021-09-10; mark is stale
no quotes for T0012 at 2021-09-10; mark is stale
no quotes for T0013 at 2021-11-17; mark is stale
no quotes for T0014 at 2021-11-17; mark is stale
no quotes for T0013 at 2021-11-19; mark is stale
no quotes for T0014 at 2021-11-19; mark is stale
no quotes for T0017 at 2023-08-24; mark is stale
no quotes for T0018 at 2023-08-24; mark is stale
0.25 15.0 45 116.80555555555556
no quotes for T0009 at 2021-01-05; mark is stale
no quotes for T0010 at 2021-01-05; mark is stale
no quotes for T0019 at 2021-09-10; mark is stale
no quotes for T0020 at 2021-09-10; mark is stale
no quotes for T0024 at 2021-11-17; mark is stale
no quotes for T0025 at 2021-11-17; mark is stale
no quotes for T0024 at 2021-11-19; mark is stale
no quotes for T0025 at 2021-11-19; mark is stale
T0029 expires today with no quotes; closing at intrinsic
no quotes for T0036 at 2023-08-24; mark is stale
no quotes for T0037 at 2023-08-24; mark is stale
0.25 20.0 14 22.378169014084516
no quotes for T0008 at 2021-01-05; mark is stale
no quotes for T0009 at 2021-01-05; mark is stale
T0015 expires today with no quotes; closing at intrinsic
no quotes for T0016 at 2021-09-10; mark is stale
no quotes for T0017 at 2021-09-10; mark is stale
no quotes for T0020 at 2021-11-17; mark is stale
no quotes for T0021 at 2021-11-17; mark is stale
no quotes for T0020 at 2021-11-19; mark is stale
no quotes for T0021 at 2021-11-19; mark is stale
no quotes for T0029 at 2023-08-24; mark is stale
no quotes for T0030 at 2023-08-24; mark is stale
0.25 20.0 21 60.400862068965516
no quotes for T0007 at 2021-01-05; mark is stale
no quotes for T0008 at 2021-01-05; mark is stale
no quotes for T0011 at 2021-06-01; mark is stale
no quotes for T0012 at 2021-09-10; mark is stale
no quotes for T0013 at 2021-09-10; mark is stale
no quotes for T0014 at 2021-11-17; mark is stale
no quotes for T0015 at 2021-11-17; mark is stale
no quotes for T0014 at 2021-11-19; mark is stale
no quotes for T0015 at 2021-11-19; mark is stale
no quotes for T0019 at 2023-08-24; mark is stale
no quotes for T0020 at 2023-08-24; mark is stale
0.25 20.0 30 132.525
no quotes for T0006 at 2021-01-05; mark is stale
no quotes for T0007 at 2021-01-05; mark is stale
no quotes for T0011 at 2021-09-10; mark is stale
no quotes for T0012 at 2021-09-10; mark is stale
no quotes for T0013 at 2021-11-17; mark is stale
no quotes for T0014 at 2021-11-17; mark is stale
no quotes for T0013 at 2021-11-19; mark is stale
no quotes for T0014 at 2021-11-19; mark is stale
no quotes for T0017 at 2023-08-24; mark is stale
no quotes for T0018 at 2023-08-24; mark is stale
0.25 20.0 45 144.24305555555554
no quotes for T0009 at 2021-01-05; mark is stale
no quotes for T0010 at 2021-01-05; mark is stale
no quotes for T0019 at 2021-09-10; mark is stale
no quotes for T0020 at 2021-09-10; mark is stale
no quotes for T0024 at 2021-11-17; mark is stale
no quotes for T0025 at 2021-11-17; mark is stale
no quotes for T0024 at 2021-11-19; mark is stale
no quotes for T0025 at 2021-11-19; mark is stale
T0029 expires today with no quotes; closing at intrinsic
no quotes for T0036 at 2023-08-24; mark is stale
no quotes for T0037 at 2023-08-24; mark is stale
0.3 5.0 14 5.03169014084507
no quotes for T0008 at 2021-01-05; mark is stale
no quotes for T0009 at 2021-01-05; mark is stale
T0015 expires today with no quotes; closing at intrinsic
no quotes for T0016 at 2021-09-10; mark is stale
no quotes for T0017 at 2021-09-10; mark is stale
no quotes for T0020 at 2021-11-17; mark is stale
no quotes for T0021 at 2021-11-17; mark is stale
no quotes for T0020 at 2021-11-19; mark is stale
no quotes for T0021 at 2021-11-19; mark is stale
no quotes for T0029 at 2023-08-24; mark is stale
no quotes for T0030 at 2023-08-24; mark is stale
0.3 5.0 21 -0.633620689655176
no quotes for T0007 at 2021-01-05; mark is stale
no quotes for T0008 at 2021-01-05; mark is stale
no quotes for T0011 at 2021-06-01; mark is stale
no quotes for T0012 at 2021-09-10; mark is stale
no quotes for T0013 at 2021-09-10; mark is stale
no quotes for T0014 at 2021-11-17; mark is stale
no quotes for T0015 at 2021-11-17; mark is stale
no quotes for T0014 at 2021-11-19; mark is stale
no quotes for T0015 at 2021-11-19; mark is stale
no quotes for T0019 at 2023-08-24; mark is stale
no quotes for T0020 at 2023-08-24; mark is stale
0.3 5.0 30 40.40625
no quotes for T0006 at 2021-01-05; mark is stale
no quotes for T0007 at 2021-01-05; mark is stale
no quotes for T0011 at 2021-09-10; mark is stale
no quotes for T0012 at 2021-09-10; mark is stale
no quotes for T0013 at 2021-11-17; mark is stale
no quotes for T0014 at 2021-11-17; mark is stale
no quotes for T0013 at 2021-11-19; mark is stale
no quotes for T0014 at 2021-11-19; mark is stale
no quotes for T0017 at 2023-08-24; mark is stale
no quotes for T0018 at 2023-08-24; mark is stale
0.3 5.0 45 40.47361111111119
no quotes for T0009 at 2021-01-05; mark is stale
no quotes for T0010 at 2021-01-05; mark is stale
no quotes for T0019 at 2021-09-10; mark is stale
no quotes for T0020 at 2021-09-10; mark is stale
no quotes for T0024 at 2021-11-17; mark is stale
no quotes for T0025 at 2021-11-17; mark is stale
no quotes for T0024 at 2021-11-19; mark is stale
no quotes for T0025 at 2021-11-19; mark is stale
T0029 expires today with no quotes; closing at intrinsic
no quotes for T0036 at 2023-08-24; mark is stale
no quotes for T0037 at 2023-08-24; mark is stale
0.3 10.0 14 15.165492957746478
no quotes for T0008 at 2021-01-05; mark is stale
no quotes for T0009 at 2021-01-05; mark is stale
T0015 expires today with no quotes; closing at intrinsic
no quotes for T0016 at 2021-09-10; mark is stale
no quotes for T0017 at 2021-09-10; mark is stale
no quotes for T0020 at 2021-11-17; mark is stale
no quotes for T0021 at 2021-11-17; mark is stale
no quotes for T0020 at 2021-11-19; mark is stale
no quotes for T0021 at 2021-11-19; mark is stale
no quotes for T0029 at 2023-08-24; mark is stale
no quotes for T0030 at 2023-08-24; mark is stale
0.3 10.0 21 2.870689655172414
no quotes for T0007 at 2021-01-05; mark is stale
no quotes for T0008 at 2021-01-05; mark is stale
no quotes for T0011 at 2021-06-01; mark is stale
no quotes for T0012 at 2021-09-10; mark is stale
no quotes for T0013 at 2021-09-10; mark is stale
no quotes for T0014 at 2021-11-17; mark is stale
no quotes for T0015 at 2021-11-17; mark is stale
no quotes for T0014 at 2021-11-19; mark is stale
no quotes for T0015 at 2021-11-19; mark is stale
no quotes for T0019 at 2023-08-24; mark is stale
no quotes for T0020 at 2023-08-24; mark is stale
0.3 10.0 30 72.125
no quotes for T0006 at 2021-01-05; mark is stale
no quotes for T0007 at 2021-01-05; mark is stale
no quotes for T0011 at 2021-09-10; mark is stale
no quotes for T0012 at 2021-09-10; mark is stale
no quotes for T0013 at 2021-11-17; mark is stale
no quotes for T0014 at 2021-11-17; mark is stale
no quotes for T0013 at 2021-11-19; mark is stale
no quotes for T0014 at 2021-11-19; mark is stale
no quotes for T0017 at 2023-08-24; mark is stale
no quotes for T0018 at 2023-08-24; mark is stale
0.3 10.0 45 79.66805555555564
no quotes for T0009 at 2021-01-05; mark is stale
no quotes for T0010 at 2021-01-05; mark is stale
no quotes for T0019 at 2021-09-10; mark is stale
no quotes for T0020 at 2021-09-10; mark is stale
no quotes for T0024 at 2021-11-17; mark is stale
no quotes for T0025 at 2021-11-17; mark is stale
no quotes for T0024 at 2021-11-19; mark is stale
no quotes for T0025 at 2021-11-19; mark is stale
T0029 expires today with no quotes; closing at intrinsic
no quotes for T0036 at 2023-08-24; mark is stale
no quotes for T0037 at 2023-08-24; mark is stale
0.3 15.0 14 26.36408450704226
no quotes for T0008 at 2021-01-05; mark is stale
no quotes for T0009 at 2021-01-05; mark is stale
T0015 expires today with no quotes; closing at intrinsic
no quotes for T0016 at 2021-09-10; mark is stale
no quotes for T0017 at 2021-09-10; mark is stale
no quotes for T0020 at 2021-11-17; mark is stale
no quotes for T0021 at 2021-11-17; mark is stale
no quotes for T0020 at 2021-11-19; mark is stale
no quotes for T0021 at 2021-11-19; mark is stale
no quotes for T0029 at 2023-08-24; mark is stale
no quotes for T0030 at 2023-08-24; mark is stale
0.3 15.0 21 27.857758620689655
no quotes for T0007 at 2021-01-05; mark is stale
no quotes for T0008 at 2021-01-05; mark is stale
no quotes for T0011 at 2021-06-01; mark is stale
no quotes for T0012 at 2021-09-10; mark is stale
no quotes for T0013 at 2021-09-10; mark is stale
no quotes for T0014 at 2021-11-17; mark is stale
no quotes for T0015 at 2021-11-17; mark is stale
no quotes for T0014 at 2021-11-19; mark is stale
no quotes for T0015 at 2021-11-19; mark is stale
no quotes for T0019 at 2023-08-24; mark is stale
no quotes for T0020 at 2023-08-24; mark is stale
0.3 15.0 30 102.99375
no quotes for T0006 at 2021-01-05; mark is stale
no quotes for T0007 at 2021-01-05; mark is stale
no quotes for T0011 at 2021-09-10; mark is stale
no quotes for T0012 at 2021-09-10; mark is stale
no quotes for T0013 at 2021-11-17; mark is stale
no quotes for T0014 at 2021-11-17; mark is stale
no quotes for T0013 at 2021-11-19; mark is stale
no quotes for T0014 at 2021-11-19; mark is stale
no quotes for T0017 at 2023-08-24; mark is stale
no quotes for T0018 at 2023-08-24; mark is stale
0.3 15.0 45 120.30000000000008
no quotes for T0009 at 2021-01-05; mark is stale
no quotes for T0010 at 2021-01-05; mark is stale
no quotes for T0019 at 2021-09-10; mark is stale
no quotes for T0020 at 2021-09-10; mark is stale
no quotes for T0024 at 2021-11-17; mark is stale
no quotes for T0025 at 2021-11-17; mark is stale
no quotes for T0024 at 2021-11-19; mark is stale
no quotes for T0025 at 2021-11-19; mark is stale
T0029 expires today with no quotes; closing at intrinsic
no quotes for T0036 at 2023-08-24; mark is stale
no quotes for T0037 at 2023-08-24; mark is stale
0.3 20.0 14 35.48732394366198
no quotes for T0008 at 2021-01-05; mark is stale
no quotes for T0009 at 2021-01-05; mark is stale
T0015 expires today with no quotes; closing at intrinsic
no quotes for T0016 at 2021-09-10; mark is stale
no quotes for T0017 at 2021-09-10; mark is stale
no quotes for T0020 at 2021-11-17; mark is stale
no quotes for T0021 at 2021-11-17; mark is stale
no quotes for T0020 at 2021-11-19; mark is stale
no quotes for T0021 at 2021-11-19; mark is stale
no quotes for T0029 at 2023-08-24; mark is stale
no quotes for T0030 at 2023-08-24; mark is stale
0.3 20.0 21 53.560344827586206
no quotes for T0007 at 2021-01-05; mark is stale
no quotes for T0008 at 2021-01-05; mark is stale
no quotes for T0011 at 2021-06-01; mark is stale
no quotes for T0012 at 2021-09-10; mark is stale
no quotes for T0013 at 2021-09-10; mark is stale
no quotes for T0014 at 2021-11-17; mark is stale
no quotes for T0015 at 2021-11-17; mark is stale
no quotes for T0014 at 2021-11-19; mark is stale
no quotes for T0015 at 2021-11-19; mark is stale
no quotes for T0019 at 2023-08-24; mark is stale
no quotes for T0020 at 2023-08-24; mark is stale
0.3 20.0 30 142.2
no quotes for T0006 at 2021-01-05; mark is stale
no quotes for T0007 at 2021-01-05; mark is stale
no quotes for T0011 at 2021-09-10; mark is stale
no quotes for T0012 at 2021-09-10; mark is stale
no quotes for T0013 at 2021-11-17; mark is stale
no quotes for T0014 at 2021-11-17; mark is stale
no quotes for T0013 at 2021-11-19; mark is stale
no quotes for T0014 at 2021-11-19; mark is stale
no quotes for T0017 at 2023-08-24; mark is stale
no quotes for T0018 at 2023-08-24; mark is stale
0.3 20.0 45 147.3347222222223
