preloaded 1990 session snapshots in 17s
base|d0.08_w2 10.617924528301886
base|d0.08_w3 13.367924528301886
base|d0.08_w5 18.589622641509433
base|d0.08_w8 28.169811320754718
base|d0.08_w10 30.5188679245283
base|d0.08_w15 35.721698113207545
base|d0.10_w2 10.429245283018869
base|d0.10_w3 14.028301886792454
base|d0.10_w5 20.28301886792453
base|d0.10_w8 30.066037735849058
base|d0.10_w10 32.570754716981135
base|d0.10_w15 39.7311320754717
base|d0.12_w2 14.85377358490566
base|d0.12_w3 19.382075471698112
base|d0.12_w5 28.27358490566038
base|d0.12_w8 40.820754716981135
base|d0.12_w10 44.448113207547166
base|d0.12_w15 53.37264150943396
base|d0.15_w2 17.566037735849058
base|d0.15_w3 21.735849056603772
base|d0.15_w5 35.132075471698116
base|d0.15_w8 46.27358490566038
base|d0.15_w10 53.216981132075475
base|d0.15_w15 61.84905660377358
base|d0.18_w2 10.327358490566159
base|d0.18_w3 16.80377358490578
base|d0.18_w5 30.591509433962383
base|d0.18_w8 53.37924528301899
base|d0.18_w10 52.10094339622653
base|d0.18_w15 64.58207547169822
base|d0.20_w2 4.400943396226413
base|d0.20_w3 10.020754716981253
base|d0.20_w5 26.2613207547171
base|d0.20_w8 49.48301886792465
base|d0.20_w10 58.25660377358503
base|d0.20_w15 68.08207547169822
base|d0.25_w2 -12.424528301886792
base|d0.25_w3 -8.764150943396226
base|d0.25_w5 2.1179245283018857
base|d0.25_w8 25.964150943396284
base|d0.25_w10 38.50660377358496
base|d0.25_w15 59.983018867924585
base|d0.30_w2 -24.80120608100058
base|d0.30_w3 -23.876677779113788
base|d0.30_w5 -20.92856457156662
base|d0.30_w8 -7.572904194208006
base|d0.30_w10 7.837473164282554
base|d0.30_w15 30.219548635980658
base|d0.35_w2 -16.886111741377935
base|d0.35_w3 -19.14554570364209
base|d0.35_w5 -22.18799853383077
base|d0.35_w8 -36.2776211753402
base|d0.35_w10 -21.511583439491083
base|d0.35_w15 6.776152409565515
conservative|d0.08_w2 8.196078431372548
conservative|d0.08_w3 10.701923076923077
conservative|d0.08_w5 15.773584905660377
conservative|d0.08_w8 25.452830188679247
conservative|d0.08_w10 27.81132075471698
conservative|d0.08_w15 33.0188679245283
conservative|d0.10_w2 7.644230769230769
conservative|d0.10_w3 11.132075471698114
conservative|d0.10_w5 17.39622641509434
conservative|d0.10_w8 27.20754716981132
conservative|d0.10_w10 29.735849056603772
conservative|d0.10_w15 36.971698113207545
conservative|d0.12_w2 11.877358490566039
conservative|d0.12_w3 16.42452830188679
conservative|d0.12_w5 25.349056603773583
conservative|d0.12_w8 37.95283018867924
conservative|d0.12_w10 41.575471698113205
conservative|d0.12_w15 50.60377358490566
conservative|d0.15_w2 14.367924528301886
conservative|d0.15_w3 18.641509433962263
conservative|d0.15_w5 32.08490566037736
conservative|d0.15_w8 43.31132075471698
conservative|d0.15_w10 50.27358490566038
conservative|d0.15_w15 58.93396226415094
conservative|d0.18_w2 6.770754716981252
conservative|d0.18_w3 13.431132075471819
conservative|d0.18_w5 27.383962264151062
conservative|d0.18_w8 50.346226415094456
conservative|d0.18_w10 49.119811320754835
conservative|d0.18_w15 61.629245283018975
conservative|d0.20_w2 0.6179245283018868
conservative|d0.20_w3 6.402830188679366
conservative|d0.20_w5 22.86509433962276
conservative|d0.20_w8 46.28962264150955
conservative|d0.20_w10 55.1481132075473
conservative|d0.20_w15 65.03490566037746
conservative|d0.25_w2 -17.15566037735849
conservative|d0.25_w3 -13.410377358490566
conservative|d0.25_w5 -2.042452830188678
conservative|d0.25_w8 22.3650943396227
conservative|d0.25_w10 34.893396226415156
conservative|d0.25_w15 56.8084905660378
conservative|d0.30_w2 -30.494602307415672
conservative|d0.30_w3 -29.296489099868502
conservative|d0.30_w5 -26.04177211873643
conservative|d0.30_w8 -11.653092873453298
conservative|d0.30_w10 3.8752090133391577
conservative|d0.30_w15 26.89407693786746
conservative|d0.35_w2 -23.749319288547753
conservative|d0.35_w3 -25.66441362817039
conservative|d0.35_w5 -28.13611174137794
conservative|d0.35_w8 -41.36252683571755
conservative|d0.35_w10 -26.011583439491087
conservative|d0.35_w15 2.922378824659853
