preloaded 1990 session snapshots in 20s
T0008 expires today with no quotes; closing at intrinsic
T0035 expires today with no quotes; closing at intrinsic
T0025 expires today with no quotes; closing at intrinsic
T0008 expires today with no quotes; closing at intrinsic
T0007 expires today with no quotes; closing at intrinsic
T0007 expires today with no quotes; closing at intrinsic
T0007 expires today with no quotes; closing at intrinsic
T0035 expires today with no quotes; closing at intrinsic
T0025 expires today with no quotes; closing at intrinsic
T0007 expires today with no quotes; closing at intrinsic
T0006 expires today with no quotes; closing at intrinsic
T0006 expires today with no quotes; closing at intrinsic
preloaded 1977 session snapshots in 17s
no quotes for T0022 at 2021-06-14; mark is stale
T0023 expires today with no quotes; closing at intrinsic
no quotes for T0024 at 2021-07-21; mark is stale
no quotes for T0024 at 2021-08-05; mark is stale
no quotes for T0025 at 2021-08-05; mark is stale
no quotes for T0024 at 2021-08-06; mark is stale
no quotes for T0025 at 2021-08-06; mark is stale
no quotes for T0026 at 2021-09-10; mark is stale
no quotes for T0027 at 2021-09-10; mark is stale
no quotes for T0028 at 2021-10-18; mark is stale
no quotes for T0029 at 2021-10-18; mark is stale
no quotes for T0030 at 2021-11-17; mark is stale
no quotes for T0031 at 2021-11-17; mark is stale
no quotes for T0030 at 2021-11-19; mark is stale
no quotes for T0031 at 2021-11-19; mark is stale
T0034 expires today with no quotes; closing at intrinsic
T0057 expires today with no quotes; closing at intrinsic
no quotes for T0013 at 2021-07-21; mark is stale
no quotes for T0014 at 2021-07-21; mark is stale
no quotes for T0015 at 2021-08-05; mark is stale
no quotes for T0015 at 2021-08-06; mark is stale
no quotes for T0016 at 2021-09-10; mark is stale
no quotes for T0017 at 2021-09-10; mark is stale
no quotes for T0018 at 2021-11-17; mark is stale
no quotes for T0019 at 2021-11-17; mark is stale
no quotes for T0018 at 2021-11-19; mark is stale
no quotes for T0019 at 2021-11-19; mark is stale
T0036 expires today with no quotes; closing at intrinsic
T0008 expires today with no quotes; closing at intrinsic
no quotes for T0012 at 2021-06-14; mark is stale
T0013 expires today with no quotes; closing at intrinsic
no quotes for T0014 at 2021-07-21; mark is stale
no quotes for T0014 at 2021-08-05; mark is stale
no quotes for T0014 at 2021-08-06; mark is stale
no quotes for T0016 at 2021-09-10; mark is stale
no quotes for T0018 at 2021-10-18; mark is stale
T0020 expires today with no quotes; closing at intrinsic
T0039 expires today with no quotes; closing at intrinsic
no quotes for T0008 at 2021-07-21; mark is stale
no quotes for T0009 at 2021-07-21; mark is stale
no quotes for T0010 at 2021-09-10; mark is stale
no quotes for T0011 at 2021-09-10; mark is stale
T0027 expires today with no quotes; closing at intrinsic
no quotes for T0016 at 2021-06-14; mark is stale
T0017 expires today with no quotes; closing at intrinsic
no quotes for T0018 at 2021-08-05; mark is stale
no quotes for T0019 at 2021-08-05; mark is stale
no quotes for T0018 at 2021-08-06; mark is stale
no quotes for T0019 at 2021-08-06; mark is stale
no quotes for T0020 at 2021-09-10; mark is stale
no quotes for T0021 at 2021-09-10; mark is stale
no quotes for T0022 at 2021-11-17; mark is stale
no quotes for T0023 at 2021-11-17; mark is stale
no quotes for T0022 at 2021-11-19; mark is stale
no quotes for T0023 at 2021-11-19; mark is stale
no quotes for T0009 at 2021-07-21; mark is stale
no quotes for T0010 at 2021-07-21; mark is stale
no quotes for T0011 at 2021-08-05; mark is stale
no quotes for T0011 at 2021-08-06; mark is stale
no quotes for T0012 at 2021-09-10; mark is stale
no quotes for T0013 at 2021-09-10; mark is stale
no quotes for T0014 at 2021-11-17; mark is stale
no quotes for T0015 at 2021-11-17; mark is stale
no quotes for T0014 at 2021-11-19; mark is stale
no quotes for T0015 at 2021-11-19; mark is stale
T0008 expires today with no quotes; closing at intrinsic
no quotes for T0010 at 2021-06-14; mark is stale
T0011 expires today with no quotes; closing at intrinsic
no quotes for T0013 at 2021-09-10; mark is stale
T0016 expires today with no quotes; closing at intrinsic
no quotes for T0006 at 2021-07-21; mark is stale
no quotes for T0007 at 2021-07-21; mark is stale
no quotes for T0008 at 2021-09-10; mark is stale
no quotes for T0009 at 2021-09-10; mark is stale
no quotes for T0005 at 2021-06-14; mark is stale
no quotes for T0005 at 2021-06-14; mark is stale
no quotes for T0005 at 2021-06-14; mark is stale
no quotes for T0005 at 2021-06-14; mark is stale
no quotes for T0020 at 2021-06-14; mark is stale
T0021 expires today with no quotes; closing at intrinsic
no quotes for T0022 at 2021-07-21; mark is stale
no quotes for T0022 at 2021-08-05; mark is stale
no quotes for T0023 at 2021-08-05; mark is stale
no quotes for T0022 at 2021-08-06; mark is stale
no quotes for T0023 at 2021-08-06; mark is stale
no quotes for T0024 at 2021-09-10; mark is stale
no quotes for T0025 at 2021-09-10; mark is stale
no quotes for T0026 at 2021-10-18; mark is stale
no quotes for T0027 at 2021-10-18; mark is stale
no quotes for T0028 at 2021-11-17; mark is stale
no quotes for T0029 at 2021-11-17; mark is stale
no quotes for T0028 at 2021-11-19; mark is stale
no quotes for T0029 at 2021-11-19; mark is stale
T0054 expires today with no quotes; closing at intrinsic
no quotes for T0013 at 2021-07-21; mark is stale
no quotes for T0014 at 2021-07-21; mark is stale
no quotes for T0015 at 2021-08-05; mark is stale
no quotes for T0015 at 2021-08-06; mark is stale
no quotes for T0016 at 2021-09-10; mark is stale
no quotes for T0017 at 2021-09-10; mark is stale
no quotes for T0018 at 2021-11-17; mark is stale
no quotes for T0019 at 2021-11-17; mark is stale
no quotes for T0018 at 2021-11-19; mark is stale
no quotes for T0019 at 2021-11-19; mark is stale
T0036 expires today with no quotes; closing at intrinsic
T0008 expires today with no quotes; closing at intrinsic
no quotes for T0012 at 2021-06-14; mark is stale
T0013 expires today with no quotes; closing at intrinsic
no quotes for T0014 at 2021-07-21; mark is stale
no quotes for T0014 at 2021-08-05; mark is stale
no quotes for T0014 at 2021-08-06; mark is stale
no quotes for T0016 at 2021-09-10; mark is stale
no quotes for T0018 at 2021-10-18; mark is stale
T0038 expires today with no quotes; closing at intrinsic
no quotes for T0008 at 2021-07-21; mark is stale
no quotes for T0009 at 2021-07-21; mark is stale
no quotes for T0010 at 2021-09-10; mark is stale
no quotes for T0011 at 2021-09-10; mark is stale
T0027 expires today with no quotes; closing at intrinsic
no quotes for T0014 at 2021-06-14; mark is stale
T0015 expires today with no quotes; closing at intrinsic
no quotes for T0016 at 2021-08-05; mark is stale
no quotes for T0017 at 2021-08-05; mark is stale
no quotes for T0016 at 2021-08-06; mark is stale
no quotes for T0017 at 2021-08-06; mark is stale
no quotes for T0018 at 2021-09-10; mark is stale
no quotes for T0019 at 2021-09-10; mark is stale
no quotes for T0020 at 2021-11-17; mark is stale
no quotes for T0021 at 2021-11-17; mark is stale
no quotes for T0020 at 2021-11-19; mark is stale
no quotes for T0021 at 2021-11-19; mark is stale
no quotes for T0009 at 2021-07-21; mark is stale
no quotes for T0010 at 2021-07-21; mark is stale
no quotes for T0011 at 2021-08-05; mark is stale
no quotes for T0011 at 2021-08-06; mark is stale
no quotes for T0012 at 2021-09-10; mark is stale
no quotes for T0013 at 2021-09-10; mark is stale
no quotes for T0014 at 2021-11-17; mark is stale
no quotes for T0015 at 2021-11-17; mark is stale
no quotes for T0014 at 2021-11-19; mark is stale
no quotes for T0015 at 2021-11-19; mark is stale
T0008 expires today with no quotes; closing at intrinsic
no quotes for T0010 at 2021-06-14; mark is stale
T0011 expires today with no quotes; closing at intrinsic
no quotes for T0013 at 2021-09-10; mark is stale
no quotes for T0006 at 2021-07-21; mark is stale
no quotes for T0007 at 2021-07-21; mark is stale
no quotes for T0008 at 2021-09-10; mark is stale
no quotes for T0009 at 2021-09-10; mark is stale
no quotes for T0005 at 2021-06-14; mark is stale
no quotes for T0005 at 2021-06-14; mark is stale
no quotes for T0005 at 2021-06-14; mark is stale
no quotes for T0005 at 2021-06-14; mark is stale
T0007 expires today with no quotes; closing at intrinsic
T0009 expires today with no quotes; closing at intrinsic
no quotes for T0016 at 2021-06-14; mark is stale
T0017 expires today with no quotes; closing at intrinsic
no quotes for T0018 at 2021-07-21; mark is stale
no quotes for T0018 at 2021-08-05; mark is stale
no quotes for T0019 at 2021-08-05; mark is stale
no quotes for T0018 at 2021-08-06; mark is stale
no quotes for T0019 at 2021-08-06; mark is stale
no quotes for T0020 at 2021-09-10; mark is stale
no quotes for T0021 at 2021-09-10; mark is stale
no quotes for T0022 at 2021-11-17; mark is stale
no quotes for T0023 at 2021-11-17; mark is stale
no quotes for T0022 at 2021-11-19; mark is stale
no quotes for T0023 at 2021-11-19; mark is stale
no quotes for T0009 at 2021-07-21; mark is stale
no quotes for T0010 at 2021-07-21; mark is stale
no quotes for T0011 at 2021-09-10; mark is stale
no quotes for T0012 at 2021-09-10; mark is stale
no quotes for T0013 at 2021-11-17; mark is stale
no quotes for T0014 at 2021-11-17; mark is stale
no quotes for T0013 at 2021-11-19; mark is stale
no quotes for T0014 at 2021-11-19; mark is stale
T0006 expires today with no quotes; closing at intrinsic
no quotes for T0009 at 2021-06-14; mark is stale
T0010 expires today with no quotes; closing at intrinsic
no quotes for T0011 at 2021-07-21; mark is stale
no quotes for T0011 at 2021-08-05; mark is stale
no quotes for T0011 at 2021-08-06; mark is stale
no quotes for T0013 at 2021-09-10; mark is stale
no quotes for T0005 at 2021-07-21; mark is stale
no quotes for T0006 at 2021-07-21; mark is stale
no quotes for T0007 at 2021-09-10; mark is stale
no quotes for T0008 at 2021-09-10; mark is stale
no quotes for T0010 at 2021-06-14; mark is stale
T0011 expires today with no quotes; closing at intrinsic
no quotes for T0012 at 2021-08-05; mark is stale
no quotes for T0012 at 2021-08-06; mark is stale
no quotes for T0014 at 2021-09-10; mark is stale
no quotes for T0016 at 2021-11-17; mark is stale
no quotes for T0017 at 2021-11-17; mark is stale
no quotes for T0016 at 2021-11-19; mark is stale
no quotes for T0017 at 2021-11-19; mark is stale
no quotes for T0006 at 2021-07-21; mark is stale
no quotes for T0007 at 2021-07-21; mark is stale
no quotes for T0008 at 2021-09-10; mark is stale
no quotes for T0009 at 2021-09-10; mark is stale
no quotes for T0010 at 2021-11-17; mark is stale
no quotes for T0011 at 2021-11-17; mark is stale
no quotes for T0010 at 2021-11-19; mark is stale
no quotes for T0011 at 2021-11-19; mark is stale
T0006 expires today with no quotes; closing at intrinsic
no quotes for T0007 at 2021-06-14; mark is stale
T0008 expires today with no quotes; closing at intrinsic
no quotes for T0010 at 2021-09-10; mark is stale
no quotes for T0003 at 2021-07-21; mark is stale
no quotes for T0004 at 2021-07-21; mark is stale
no quotes for T0005 at 2021-09-10; mark is stale
no quotes for T0006 at 2021-09-10; mark is stale
no quotes for T0003 at 2021-06-14; mark is stale
no quotes for T0003 at 2021-06-14; mark is stale
no quotes for T0003 at 2021-06-14; mark is stale
no quotes for T0003 at 2021-06-14; mark is stale
T0007 expires today with no quotes; closing at intrinsic
T0009 expires today with no quotes; closing at intrinsic
no quotes for T0016 at 2021-06-14; mark is stale
T0017 expires today with no quotes; closing at intrinsic
no quotes for T0018 at 2021-07-21; mark is stale
no quotes for T0018 at 2021-08-05; mark is stale
no quotes for T0019 at 2021-08-05; mark is stale
no quotes for T0018 at 2021-08-06; mark is stale
no quotes for T0019 at 2021-08-06; mark is stale
no quotes for T0020 at 2021-09-10; mark is stale
no quotes for T0021 at 2021-09-10; mark is stale
no quotes for T0022 at 2021-11-17; mark is stale
no quotes for T0023 at 2021-11-17; mark is stale
no quotes for T0022 at 2021-11-19; mark is stale
no quotes for T0023 at 2021-11-19; mark is stale
no quotes for T0009 at 2021-07-21; mark is stale
no quotes for T0010 at 2021-07-21; mark is stale
no quotes for T0011 at 2021-09-10; mark is stale
no quotes for T0012 at 2021-09-10; mark is stale
no quotes for T0013 at 2021-11-17; mark is stale
no quotes for T0014 at 2021-11-17; mark is stale
no quotes for T0013 at 2021-11-19; mark is stale
no quotes for T0014 at 2021-11-19; mark is stale
T0006 expires today with no quotes; closing at intrinsic
no quotes for T0009 at 2021-06-14; mark is stale
T0010 expires today with no quotes; closing at intrinsic
no quotes for T0011 at 2021-07-21; mark is stale
no quotes for T0011 at 2021-08-05; mark is stale
no quotes for T0011 at 2021-08-06; mark is stale
no quotes for T0013 at 2021-09-10; mark is stale
no quotes for T0005 at 2021-07-21; mark is stale
no quotes for T0006 at 2021-07-21; mark is stale
no quotes for T0007 at 2021-09-10; mark is stale
no quotes for T0008 at 2021-09-10; mark is stale
no quotes for T0010 at 2021-06-14; mark is stale
T0011 expires today with no quotes; closing at intrinsic
no quotes for T0012 at 2021-08-05; mark is stale
no quotes for T0012 at 2021-08-06; mark is stale
no quotes for T0014 at 2021-09-10; mark is stale
no quotes for T0016 at 2021-11-17; mark is stale
no quotes for T0017 at 2021-11-17; mark is stale
no quotes for T0016 at 2021-11-19; mark is stale
no quotes for T0017 at 2021-11-19; mark is stale
no quotes for T0006 at 2021-07-21; mark is stale
no quotes for T0007 at 2021-07-21; mark is stale
no quotes for T0008 at 2021-09-10; mark is stale
no quotes for T0009 at 2021-09-10; mark is stale
no quotes for T0010 at 2021-11-17; mark is stale
no quotes for T0011 at 2021-11-17; mark is stale
no quotes for T0010 at 2021-11-19; mark is stale
no quotes for T0011 at 2021-11-19; mark is stale
T0006 expires today with no quotes; closing at intrinsic
no quotes for T0007 at 2021-06-14; mark is stale
T0008 expires today with no quotes; closing at intrinsic
no quotes for T0010 at 2021-09-10; mark is stale
no quotes for T0003 at 2021-07-21; mark is stale
no quotes for T0004 at 2021-07-21; mark is stale
no quotes for T0005 at 2021-09-10; mark is stale
no quotes for T0006 at 2021-09-10; mark is stale
no quotes for T0003 at 2021-06-14; mark is stale
no quotes for T0003 at 2021-06-14; mark is stale
no quotes for T0003 at 2021-06-14; mark is stale
no quotes for T0003 at 2021-06-14; mark is stale
preloaded 1948 session snapshots in 13s
no quotes for T0010 at 2021-06-11; mark is stale
no quotes for T0011 at 2021-06-11; mark is stale
no quotes for T0020 at 2021-11-29; mark is stale
no quotes for T0021 at 2025-11-28; mark is stale
no quotes for T0022 at 2025-11-28; mark is stale
no quotes for T0023 at 2025-12-24; mark is stale
no quotes for T0024 at 2025-12-24; mark is stale
no quotes for T0023 at 2025-12-29; mark is stale
no quotes for T0024 at 2025-12-29; mark is stale
T0008 expires today with no quotes; closing at intrinsic
no quotes for T0009 at 2021-06-11; mark is stale
no quotes for T0016 at 2021-11-29; mark is stale
no quotes for T0017 at 2025-11-28; mark is stale
no quotes for T0018 at 2025-11-28; mark is stale
no quotes for T0019 at 2025-12-24; mark is stale
no quotes for T0020 at 2025-12-24; mark is stale
no quotes for T0019 at 2025-12-29; mark is stale
no quotes for T0020 at 2025-12-29; mark is stale
no quotes for T0003 at 2021-06-11; mark is stale
no quotes for T0004 at 2021-06-11; mark is stale
no quotes for T0010 at 2025-11-28; mark is stale
no quotes for T0011 at 2025-11-28; mark is stale
no quotes for T0012 at 2025-12-24; mark is stale
no quotes for T0013 at 2025-12-24; mark is stale
no quotes for T0012 at 2025-12-29; mark is stale
no quotes for T0013 at 2025-12-29; mark is stale
T0002 expires today with no quotes; closing at intrinsic
no quotes for T0003 at 2021-06-11; mark is stale
no quotes for T0009 at 2025-11-28; mark is stale
no quotes for T0010 at 2025-11-28; mark is stale
no quotes for T0011 at 2025-12-24; mark is stale
no quotes for T0012 at 2025-12-24; mark is stale
no quotes for T0011 at 2025-12-29; mark is stale
no quotes for T0012 at 2025-12-29; mark is stale
T0009 expires today with no quotes; closing at intrinsic
no quotes for T0010 at 2021-06-11; mark is stale
no quotes for T0017 at 2021-11-29; mark is stale
no quotes for T0018 at 2021-11-29; mark is stale
no quotes for T0019 at 2025-11-28; mark is stale
no quotes for T0020 at 2025-11-28; mark is stale
no quotes for T0021 at 2025-12-24; mark is stale
no quotes for T0022 at 2025-12-24; mark is stale
no quotes for T0021 at 2025-12-29; mark is stale
no quotes for T0022 at 2025-12-29; mark is stale
T0007 expires today with no quotes; closing at intrinsic
no quotes for T0008 at 2021-06-11; mark is stale
no quotes for T0013 at 2021-11-29; mark is stale
no quotes for T0014 at 2025-11-28; mark is stale
no quotes for T0015 at 2025-11-28; mark is stale
no quotes for T0016 at 2025-12-24; mark is stale
no quotes for T0017 at 2025-12-24; mark is stale
no quotes for T0016 at 2025-12-29; mark is stale
no quotes for T0017 at 2025-12-29; mark is stale
T0001 expires today with no quotes; closing at intrinsic
no quotes for T0002 at 2021-06-11; mark is stale
no quotes for T0008 at 2025-11-28; mark is stale
no quotes for T0009 at 2025-11-28; mark is stale
no quotes for T0010 at 2025-12-24; mark is stale
no quotes for T0011 at 2025-12-24; mark is stale
no quotes for T0010 at 2025-12-29; mark is stale
no quotes for T0011 at 2025-12-29; mark is stale
T0001 expires today with no quotes; closing at intrinsic
no quotes for T0002 at 2021-06-11; mark is stale
no quotes for T0007 at 2025-11-28; mark is stale
no quotes for T0008 at 2025-11-28; mark is stale
no quotes for T0009 at 2025-12-24; mark is stale
no quotes for T0010 at 2025-12-24; mark is stale
no quotes for T0009 at 2025-12-29; mark is stale
no quotes for T0010 at 2025-12-29; mark is stale
no quotes for T0008 at 2021-11-29; mark is stale
no quotes for T0009 at 2025-11-28; mark is stale
no quotes for T0010 at 2025-12-24; mark is stale
no quotes for T0011 at 2025-12-24; mark is stale
no quotes for T0010 at 2025-12-29; mark is stale
no quotes for T0011 at 2025-12-29; mark is stale
T0005 expires today with no quotes; closing at intrinsic
no quotes for T0006 at 2025-11-28; mark is stale
no quotes for T0007 at 2025-12-24; mark is stale
no quotes for T0008 at 2025-12-24; mark is stale
no quotes for T0007 at 2025-12-29; mark is stale
no quotes for T0008 at 2025-12-29; mark is stale
no quotes for T0003 at 2025-11-28; mark is stale
no quotes for T0004 at 2025-12-24; mark is stale
no quotes for T0005 at 2025-12-24; mark is stale
no quotes for T0004 at 2025-12-29; mark is stale
no quotes for T0005 at 2025-12-29; mark is stale
T0002 expires today with no quotes; closing at intrinsic
no quotes for T0003 at 2025-11-28; mark is stale
no quotes for T0004 at 2025-12-24; mark is stale
no quotes for T0005 at 2025-12-24; mark is stale
no quotes for T0004 at 2025-12-29; mark is stale
no quotes for T0005 at 2025-12-29; mark is stale
T0007 expires today with no quotes; closing at intrinsic
no quotes for T0008 at 2021-11-29; mark is stale
no quotes for T0009 at 2025-11-28; mark is stale
no quotes for T0010 at 2025-12-24; mark is stale
no quotes for T0011 at 2025-12-24; mark is stale
no quotes for T0010 at 2025-12-29; mark is stale
no quotes for T0011 at 2025-12-29; mark is stale
T0004 expires today with no quotes; closing at intrinsic
no quotes for T0005 at 2025-11-28; mark is stale
no quotes for T0006 at 2025-12-24; mark is stale
no quotes for T0007 at 2025-12-24; mark is stale
no quotes for T0006 at 2025-12-29; mark is stale
no quotes for T0007 at 2025-12-29; mark is stale
T0001 expires today with no quotes; closing at intrinsic
no quotes for T0002 at 2025-11-28; mark is stale
no quotes for T0003 at 2025-12-24; mark is stale
no quotes for T0004 at 2025-12-24; mark is stale
no quotes for T0003 at 2025-12-29; mark is stale
no quotes for T0004 at 2025-12-29; mark is stale
T0001 expires today with no quotes; closing at intrinsic
no quotes for T0002 at 2025-11-28; mark is stale
no quotes for T0003 at 2025-12-24; mark is stale
no quotes for T0004 at 2025-12-24; mark is stale
no quotes for T0003 at 2025-12-29; mark is stale
no quotes for T0004 at 2025-12-29; mark is stale
no quotes for T0008 at 2021-06-11; mark is stale
no quotes for T0009 at 2021-06-11; mark is stale
no quotes for T0018 at 2021-11-29; mark is stale
no quotes for T0019 at 2025-12-24; mark is stale
no quotes for T0020 at 2025-12-24; mark is stale
no quotes for T0019 at 2025-12-29; mark is stale
no quotes for T0020 at 2025-12-29; mark is stale
T0006 expires today with no quotes; closing at intrinsic
no quotes for T0007 at 2021-06-11; mark is stale
no quotes for T0014 at 2021-11-29; mark is stale
no quotes for T0015 at 2025-12-24; mark is stale
no quotes for T0016 at 2025-12-24; mark is stale
no quotes for T0015 at 2025-12-29; mark is stale
no quotes for T0016 at 2025-12-29; mark is stale
no quotes for T0003 at 2021-06-11; mark is stale
no quotes for T0004 at 2021-06-11; mark is stale
no quotes for T0010 at 2025-12-24; mark is stale
no quotes for T0011 at 2025-12-24; mark is stale
no quotes for T0010 at 2025-12-29; mark is stale
no quotes for T0011 at 2025-12-29; mark is stale
T0002 expires today with no quotes; closing at intrinsic
no quotes for T0003 at 2021-06-11; mark is stale
no quotes for T0009 at 2025-12-24; mark is stale
no quotes for T0010 at 2025-12-24; mark is stale
no quotes for T0009 at 2025-12-29; mark is stale
no quotes for T0010 at 2025-12-29; mark is stale
T0007 expires today with no quotes; closing at intrinsic
no quotes for T0008 at 2021-06-11; mark is stale
no quotes for T0015 at 2021-11-29; mark is stale
no quotes for T0016 at 2021-11-29; mark is stale
no quotes for T0017 at 2025-12-24; mark is stale
no quotes for T0018 at 2025-12-24; mark is stale
no quotes for T0017 at 2025-12-29; mark is stale
no quotes for T0018 at 2025-12-29; mark is stale
T0005 expires today with no quotes; closing at intrinsic
no quotes for T0006 at 2021-06-11; mark is stale
no quotes for T0011 at 2021-11-29; mark is stale
no quotes for T0012 at 2025-12-24; mark is stale
no quotes for T0013 at 2025-12-24; mark is stale
no quotes for T0012 at 2025-12-29; mark is stale
no quotes for T0013 at 2025-12-29; mark is stale
T0001 expires today with no quotes; closing at intrinsic
no quotes for T0002 at 2021-06-11; mark is stale
no quotes for T0008 at 2025-12-24; mark is stale
no quotes for T0009 at 2025-12-24; mark is stale
no quotes for T0008 at 2025-12-29; mark is stale
no quotes for T0009 at 2025-12-29; mark is stale
T0001 expires today with no quotes; closing at intrinsic
no quotes for T0002 at 2021-06-11; mark is stale
no quotes for T0007 at 2025-12-24; mark is stale
no quotes for T0008 at 2025-12-24; mark is stale
no quotes for T0007 at 2025-12-29; mark is stale
no quotes for T0008 at 2025-12-29; mark is stale
no quotes for T0006 at 2021-11-29; mark is stale
no quotes for T0007 at 2025-12-24; mark is stale
no quotes for T0008 at 2025-12-24; mark is stale
no quotes for T0007 at 2025-12-29; mark is stale
no quotes for T0008 at 2025-12-29; mark is stale
T0004 expires today with no quotes; closing at intrinsic
no quotes for T0005 at 2025-12-24; mark is stale
no quotes for T0006 at 2025-12-24; mark is stale
no quotes for T0005 at 2025-12-29; mark is stale
no quotes for T0006 at 2025-12-29; mark is stale
no quotes for T0003 at 2025-12-24; mark is stale
no quotes for T0004 at 2025-12-24; mark is stale
no quotes for T0003 at 2025-12-29; mark is stale
no quotes for T0004 at 2025-12-29; mark is stale
T0002 expires today with no quotes; closing at intrinsic
no quotes for T0003 at 2025-12-24; mark is stale
no quotes for T0004 at 2025-12-24; mark is stale
no quotes for T0003 at 2025-12-29; mark is stale
no quotes for T0004 at 2025-12-29; mark is stale
T0005 expires today with no quotes; closing at intrinsic
no quotes for T0006 at 2021-11-29; mark is stale
no quotes for T0007 at 2025-12-24; mark is stale
no quotes for T0008 at 2025-12-24; mark is stale
no quotes for T0007 at 2025-12-29; mark is stale
no quotes for T0008 at 2025-12-29; mark is stale
T0003 expires today with no quotes; closing at intrinsic
no quotes for T0004 at 2025-12-24; mark is stale
no quotes for T0005 at 2025-12-24; mark is stale
no quotes for T0004 at 2025-12-29; mark is stale
no quotes for T0005 at 2025-12-29; mark is stale
T0001 expires today with no quotes; closing at intrinsic
no quotes for T0002 at 2025-12-24; mark is stale
no quotes for T0003 at 2025-12-24; mark is stale
no quotes for T0002 at 2025-12-29; mark is stale
no quotes for T0003 at 2025-12-29; mark is stale
T0001 expires today with no quotes; closing at intrinsic
no quotes for T0002 at 2025-12-24; mark is stale
no quotes for T0003 at 2025-12-24; mark is stale
no quotes for T0002 at 2025-12-29; mark is stale
no quotes for T0003 at 2025-12-29; mark is stale

====================================================================================
SPY — veto-only baseline: n=90 mean=$6.72 total=$605
top 10 (of 29 combos with n>=15):
signals                                        n   mean$ credit$             epCI   win  worst  total
seccorr60+trend84                             27   57.45    76.3  [  38.1,  78.2]  0.89    -87   1551
seccorr60+trend84+ma200_5                     27   57.45    76.3  [  38.1,  78.2]  0.89    -87   1551
seccorr60+trend84+rsi60                       20   56.40    73.5  [  28.6,  79.0]  0.90    -87   1128
seccorr60+trend84+rsi60+ma200_5               20   56.40    73.5  [  28.6,  79.0]  0.90    -87   1128
seccorr60+trend84+absorb                      18   51.75    74.6  [  26.9,  75.7]  0.89    -87    932
seccorr60+trend84+absorb+ma200_5              18   51.75    74.6  [  26.9,  75.7]  0.89    -87    932
trend84                                       37   45.74    73.8  [  26.5,  73.3]  0.86   -236   1692
trend84+ma200_5                               37   45.74    73.8  [  26.5,  73.3]  0.86   -236   1692
seccorr60+absorb+ma200_5                      49   42.32    80.9  [  -0.6,  76.4]  0.88   -787   2074
trend84+absorb+rsi60                          21   40.75    70.5  [   5.4,  69.9]  0.86   -236    856
inclusion in top 10: trend84 90%, seccorr60 70%, ma200_5 50%, absorb 40%, rsi60 30%

====================================================================================
QQQ — veto-only baseline: n=64 mean=$-12.37 total=$-792
top 10 (of 37 combos with n>=15):
signals                                        n   mean$ credit$             epCI   win  worst  total
trend84+seccorr60+absorb                      22   61.49    81.1  [  34.2,  80.2]  0.91   -125   1353
trend84+seccorr60+absorb+ma200_5              22   61.49    81.1  [  34.2,  80.2]  0.91   -125   1353
trend84+seccorr60                             28   43.71    81.7  [  -9.1,  81.0]  0.89   -450   1224
trend84+seccorr60+ma200_5                     28   43.71    81.7  [  -9.1,  81.0]  0.89   -450   1224
absorb+beta13                                 24   43.25    93.7  [ -81.2,  98.0]  0.92   -733   1038
trend84+seccorr60+rsi60                       16   39.33    72.2  [ -30.1,  80.3]  0.94   -450    629
trend84+seccorr60+ma200_5+rsi60               16   39.33    72.2  [ -30.1,  80.3]  0.94   -450    629
seccorr60+beta13                              23   37.01    91.5  [-118.4,  98.0]  0.91   -733    851
seccorr60+absorb+beta13                       23   37.01    91.5  [-118.4,  98.0]  0.91   -733    851
absorb+beta13+ma200_5                         22   35.89    90.8  [ -84.8,  93.1]  0.91   -733    790
inclusion in top 10: seccorr60 80%, trend84 60%, absorb 50%, ma200_5 40%, beta13 40%, rsi60 20%

====================================================================================
IWM — veto-only baseline: n=30 mean=$18.12 total=$544
top 10 (of 10 combos with n>=15):
signals                                        n   mean$ credit$             epCI   win  worst  total
beta13                                        15   30.78    32.4  [  28.5,  32.4]  1.00     12    462
seccorr60+ivrank50                            20   28.64    31.4  [  21.9,  31.8]  1.00     12    573
seccorr60+rvx25+ivrank50                      17   27.84    30.8  [  23.3,  31.0]  1.00     12    473
seccorr60                                     26   27.69    32.0  [  17.7,  33.4]  0.96    -46    720
seccorr60+rvx25                               21   26.05    31.0  [  17.4,  33.2]  0.95    -46    547
trend84                                       15   23.47    30.0  [  11.3,  32.5]  0.93    -46    352
rvx25+trend84                                 15   23.45    30.0  [  11.3,  32.5]  0.93    -46    352
ivrank50                                      24   16.61    32.3  [  10.9,  27.4]  0.96   -268    399
rvx25                                         26   15.75    32.0  [  -6.7,  32.0]  0.92   -268    410
rvx25+ivrank50                                22   15.38    31.9  [  -9.0,  30.5]  0.95   -268    338
inclusion in top 10: rvx25 50%, seccorr60 40%, ivrank50 40%, trend84 20%, beta13 10%
