
============================================================================
SPY: panel n=417 mean=$-34.4
factor              IC(P&L)      p | good-side mean$ bad-side mean$    gap$  n_ok
sector_corr_60       +0.157  0.002 |             5.7          -72.5    78.2   393
4m_trend             +0.037  0.469 |            23.7          -90.0   113.7   393
rsi_14               -0.069  0.157 |            -8.9          -59.8    51.0   417
absorption_shift     +0.110  0.025 |            19.0          -88.0   107.0   417
price_vs_ma200       +0.046  0.351 |             7.5          -76.1    83.6   417
own_vol (VIX)        -0.194  0.000 |            -6.9          -62.0    55.1   417
iv_minus_rv20        +0.082  0.096 |           -11.5          -57.2    45.8   417

============================================================================
QQQ: panel n=414 mean=$-46.8
factor              IC(P&L)      p | good-side mean$ bad-side mean$    gap$  n_ok
4m_trend             +0.115  0.020 |             3.1          -97.8   100.9   412
sector_corr_60       +0.260  0.000 |            -7.5          -87.2    79.7   412
absorption_shift     +0.135  0.006 |            -0.7          -92.9    92.1   414
beta_to_spy_60       +0.251  0.000 |            -4.7          -88.9    84.2   414
price_vs_ma200       +0.133  0.007 |            -8.6          -85.0    76.4   414
own_vol (VXN)        -0.123  0.012 |           -30.5          -63.1    32.6   414
rsi_14               -0.096  0.051 |           -35.1          -58.4    23.3   414

============================================================================
IWM: panel n=401 mean=$-3.5
factor              IC(P&L)      p | good-side mean$ bad-side mean$    gap$  n_ok
sector_corr_60       +0.082  0.101 |            13.7          -20.8    34.5   401
own_vol (RVX)        -0.222  0.000 |             7.7          -14.7    22.4   401
rsi_14               -0.016  0.749 |            -1.3           -5.6     4.2   401
4m_trend             -0.023  0.644 |             6.3          -13.2    19.4   401
iv_rank_252          -0.235  0.000 |            -1.8           -4.5     2.7   399
absorption_shift     -0.009  0.864 |             2.1           -9.0    11.1   401
beta_to_spy_60       +0.159  0.001 |             9.8          -16.7    26.5   401
