preloaded 1948 session snapshots in 13s
T0013 expires today with no quotes; closing at intrinsic
no quotes for T0014 at 2018-11-23; mark is stale
no quotes for T0015 at 2018-11-23; mark is stale
no quotes for T0016 at 2018-11-23; mark is stale
no quotes for T0017 at 2018-11-23; mark is stale
T0066 expires today with no quotes; closing at intrinsic
no quotes for T0067 at 2019-11-29; mark is stale
no quotes for T0068 at 2019-11-29; mark is stale
no quotes for T0069 at 2019-11-29; mark is stale
no quotes for T0070 at 2019-11-29; mark is stale
T0118 expires today with no quotes; closing at intrinsic
no quotes for T0119 at 2020-11-27; mark is stale
no quotes for T0120 at 2020-11-27; mark is stale
no quotes for T0121 at 2020-11-27; mark is stale
no quotes for T0122 at 2020-11-27; mark is stale
T0122 expires today with no quotes; closing at intrinsic
no quotes for T0123 at 2020-12-24; mark is stale
no quotes for T0124 at 2020-12-24; mark is stale
no quotes for T0125 at 2020-12-24; mark is stale
no quotes for T0126 at 2020-12-24; mark is stale
T0146 expires today with no quotes; closing at intrinsic
no quotes for T0147 at 2021-06-11; mark is stale
no quotes for T0148 at 2021-06-11; mark is stale
no quotes for T0149 at 2021-06-11; mark is stale
no quotes for T0150 at 2021-06-11; mark is stale
no quotes for T0171 at 2021-11-29; mark is stale
no quotes for T0172 at 2021-11-29; mark is stale
no quotes for T0173 at 2021-11-29; mark is stale
no quotes for T0174 at 2021-11-29; mark is stale
T0184 expires today with no quotes; closing at intrinsic
no quotes for T0185 at 2022-03-09; mark is stale
no quotes for T0186 at 2022-03-09; mark is stale
no quotes for T0187 at 2022-03-09; mark is stale
no quotes for T0188 at 2022-03-09; mark is stale
T0187 expires today with no quotes; closing at intrinsic
no quotes for T0188 at 2022-03-30; mark is stale
no quotes for T0189 at 2022-03-30; mark is stale
no quotes for T0190 at 2022-03-30; mark is stale
no quotes for T0191 at 2022-03-30; mark is stale
no quotes for T0192 at 2022-05-02; mark is stale
no quotes for T0193 at 2022-05-02; mark is stale
no quotes for T0194 at 2022-05-02; mark is stale
no quotes for T0195 at 2022-05-02; mark is stale
no quotes for T0202 at 2022-07-18; mark is stale
no quotes for T0203 at 2022-07-18; mark is stale
no quotes for T0204 at 2022-07-18; mark is stale
no quotes for T0205 at 2022-07-18; mark is stale
no quotes for T0220 at 2022-11-25; mark is stale
no quotes for T0221 at 2022-11-25; mark is stale
no quotes for T0222 at 2022-11-25; mark is stale
no quotes for T0223 at 2022-11-25; mark is stale
no quotes for T0221 at 2022-12-05; mark is stale
no quotes for T0222 at 2022-12-05; mark is stale
no quotes for T0223 at 2022-12-05; mark is stale
no quotes for T0224 at 2022-12-05; mark is stale
no quotes for T0224 at 2022-12-28; mark is stale
no quotes for T0225 at 2022-12-28; mark is stale
no quotes for T0226 at 2022-12-28; mark is stale
no quotes for T0227 at 2022-12-28; mark is stale
no quotes for T0225 at 2023-01-11; mark is stale
no quotes for T0226 at 2023-01-11; mark is stale
no quotes for T0227 at 2023-01-11; mark is stale
no quotes for T0228 at 2023-01-11; mark is stale
no quotes for T0229 at 2023-01-11; mark is stale
no quotes for T0243 at 2023-05-15; mark is stale
no quotes for T0244 at 2023-05-15; mark is stale
no quotes for T0245 at 2023-05-15; mark is stale
no quotes for T0246 at 2023-05-15; mark is stale
no quotes for T0249 at 2023-07-03; mark is stale
no quotes for T0250 at 2023-07-03; mark is stale
no quotes for T0251 at 2023-07-03; mark is stale
no quotes for T0252 at 2023-07-03; mark is stale
no quotes for T0250 at 2023-07-12; mark is stale
no quotes for T0251 at 2023-07-12; mark is stale
no quotes for T0252 at 2023-07-12; mark is stale
no quotes for T0253 at 2023-07-12; mark is stale
no quotes for T0253 at 2023-08-07; mark is stale
no quotes for T0254 at 2023-08-07; mark is stale
no quotes for T0255 at 2023-08-07; mark is stale
no quotes for T0256 at 2023-08-07; mark is stale
no quotes for T0256 at 2023-08-30; mark is stale
no quotes for T0257 at 2023-08-30; mark is stale
no quotes for T0258 at 2023-08-30; mark is stale
no quotes for T0259 at 2023-08-30; mark is stale
no quotes for T0257 at 2023-09-11; mark is stale
no quotes for T0258 at 2023-09-11; mark is stale
no quotes for T0259 at 2023-09-11; mark is stale
no quotes for T0260 at 2023-09-11; mark is stale
no quotes for T0258 at 2023-09-18; mark is stale
no quotes for T0259 at 2023-09-18; mark is stale
no quotes for T0260 at 2023-09-18; mark is stale
no quotes for T0261 at 2023-10-09; mark is stale
no quotes for T0262 at 2023-10-09; mark is stale
no quotes for T0263 at 2023-11-13; mark is stale
no quotes for T0264 at 2023-11-13; mark is stale
no quotes for T0265 at 2023-11-13; mark is stale
no quotes for T0266 at 2023-11-13; mark is stale
no quotes for T0264 at 2023-11-22; mark is stale
no quotes for T0265 at 2023-11-22; mark is stale
no quotes for T0266 at 2023-11-22; mark is stale
no quotes for T0267 at 2023-11-22; mark is stale
T0264 expires today with no quotes; closing at intrinsic
no quotes for T0265 at 2023-11-24; mark is stale
no quotes for T0266 at 2023-11-24; mark is stale
no quotes for T0267 at 2023-11-24; mark is stale
no quotes for T0267 at 2023-12-11; mark is stale
no quotes for T0268 at 2023-12-11; mark is stale
no quotes for T0269 at 2023-12-11; mark is stale
no quotes for T0280 at 2024-03-25; mark is stale
no quotes for T0281 at 2024-03-25; mark is stale
no quotes for T0282 at 2024-03-25; mark is stale
no quotes for T0283 at 2024-03-25; mark is stale
no quotes for T0286 at 2024-05-15; mark is stale
no quotes for T0287 at 2024-05-15; mark is stale
no quotes for T0288 at 2024-05-15; mark is stale
no quotes for T0289 at 2024-05-15; mark is stale
no quotes for T0290 at 2024-05-15; mark is stale
no quotes for T0292 at 2024-06-24; mark is stale
no quotes for T0293 at 2024-06-24; mark is stale
no quotes for T0294 at 2024-06-24; mark is stale
no quotes for T0295 at 2024-06-24; mark is stale
no quotes for T0293 at 2024-07-02; mark is stale
no quotes for T0294 at 2024-07-02; mark is stale
no quotes for T0295 at 2024-07-02; mark is stale
no quotes for T0296 at 2024-07-02; mark is stale
no quotes for T0293 at 2024-07-03; mark is stale
no quotes for T0294 at 2024-07-03; mark is stale
no quotes for T0295 at 2024-07-03; mark is stale
no quotes for T0296 at 2024-07-03; mark is stale
no quotes for T0304 at 2024-09-24; mark is stale
no quotes for T0305 at 2024-09-24; mark is stale
no quotes for T0306 at 2024-09-24; mark is stale
no quotes for T0307 at 2024-09-24; mark is stale
no quotes for T0308 at 2024-09-24; mark is stale
no quotes for T0304 at 2024-09-26; mark is stale
no quotes for T0305 at 2024-09-26; mark is stale
no quotes for T0306 at 2024-09-26; mark is stale
no quotes for T0307 at 2024-09-26; mark is stale
no quotes for T0308 at 2024-09-26; mark is stale
no quotes for T0309 at 2024-10-29; mark is stale
no quotes for T0310 at 2024-10-29; mark is stale
no quotes for T0311 at 2024-10-29; mark is stale
no quotes for T0312 at 2024-10-29; mark is stale
no quotes for T0313 at 2024-10-29; mark is stale
T0313 expires today with no quotes; closing at intrinsic
no quotes for T0314 at 2024-11-29; mark is stale
no quotes for T0315 at 2024-11-29; mark is stale
no quotes for T0316 at 2024-11-29; mark is stale
no quotes for T0317 at 2024-11-29; mark is stale
no quotes for T0314 at 2024-12-03; mark is stale
no quotes for T0315 at 2024-12-03; mark is stale
no quotes for T0316 at 2024-12-03; mark is stale
no quotes for T0317 at 2024-12-03; mark is stale
no quotes for T0318 at 2024-12-03; mark is stale
no quotes for T0315 at 2024-12-09; mark is stale
no quotes for T0316 at 2024-12-09; mark is stale
no quotes for T0317 at 2024-12-09; mark is stale
no quotes for T0318 at 2024-12-09; mark is stale
no quotes for T0315 at 2024-12-10; mark is stale
no quotes for T0316 at 2024-12-10; mark is stale
no quotes for T0317 at 2024-12-10; mark is stale
no quotes for T0318 at 2024-12-10; mark is stale
no quotes for T0317 at 2024-12-24; mark is stale
no quotes for T0318 at 2024-12-24; mark is stale
no quotes for T0319 at 2024-12-24; mark is stale
no quotes for T0320 at 2024-12-24; mark is stale
no quotes for T0319 at 2025-01-09; mark is stale
no quotes for T0320 at 2025-01-09; mark is stale
no quotes for T0321 at 2025-01-09; mark is stale
no quotes for T0322 at 2025-01-09; mark is stale
no quotes for T0320 at 2025-01-23; mark is stale
no quotes for T0321 at 2025-01-23; mark is stale
no quotes for T0322 at 2025-01-23; mark is stale
no quotes for T0323 at 2025-01-23; mark is stale
no quotes for T0324 at 2025-01-23; mark is stale
T0343 expires today with no quotes; closing at intrinsic
no quotes for T0344 at 2025-07-03; mark is stale
no quotes for T0345 at 2025-07-03; mark is stale
no quotes for T0346 at 2025-07-03; mark is stale
no quotes for T0347 at 2025-07-03; mark is stale
T0364 expires today with no quotes; closing at intrinsic
no quotes for T0365 at 2025-11-28; mark is stale
no quotes for T0366 at 2025-11-28; mark is stale
no quotes for T0367 at 2025-11-28; mark is stale
no quotes for T0368 at 2025-11-28; mark is stale
no quotes for T0368 at 2025-12-24; mark is stale
no quotes for T0369 at 2025-12-24; mark is stale
no quotes for T0370 at 2025-12-24; mark is stale
no quotes for T0371 at 2025-12-24; mark is stale
no quotes for T0372 at 2025-12-24; mark is stale
no quotes for T0369 at 2025-12-29; mark is stale
no quotes for T0370 at 2025-12-29; mark is stale
no quotes for T0371 at 2025-12-29; mark is stale
no quotes for T0372 at 2025-12-29; mark is stale
panel: n=401 mean=$-3.48 win=0.86 total=$-1394

=== TERCILE SCAN, top 20 of 52 by |hi-lo| (panel mean $-3.5) ===
feature                          lo      mid       hi    hi-lo
sector_avg_corr_20             13.8     10.5    -34.6    -48.4
iwm_beta_spy_60               -26.4      7.1      8.9     35.3
pc1_loading_dispersion        -20.4     -0.2     10.2     30.6
vix_level                       3.6     13.0    -26.8    -30.4
ret_60d                       -22.7      5.3      7.1     29.8
ma50_slope_20d                -20.3      2.3      7.5     27.8
rv_60                           8.8     -2.3    -16.9    -25.7
absorption_ratio                4.8      5.8    -21.0    -25.7
spy_rsp_ret60_diff            -20.9      6.6      3.9     24.7
rv_20                          13.6    -14.6     -9.6    -23.2
sector_ret20_dispersion        10.1     -7.7    -12.9    -23.0
eqw_capw_vol_ratio_20           9.3     -6.6    -13.2    -22.5
vix_pct_252                     9.7     -7.7    -12.4    -22.1
dist_ma200                    -14.7     -2.7      7.0     21.8
spy_rsp_ratio_z60             -17.7      5.1      2.3     20.0
rv_5                           13.3    -17.6     -6.3    -19.5
dist_ma50                     -13.3     -1.9      4.8     18.1
qqq_spy_ret20_diff              6.4     -8.0     -8.9    -15.3
vol_of_vol_20                   2.2      0.3    -12.9    -15.1
rspspy_vs_ema60                -2.5      9.4    -17.3    -14.8

=== PER-SIGNAL (panel n=401) ===
signal        freq | n_on  mean_on  win   18-20   21-23   24-26 | mean_off
rsi70         0.16 |   65    -14.3 0.83   -66.5    -3.8    37.3 |     -1.4
trend120      0.21 |   85    -10.4 0.84  -129.8    15.3    33.2 |     -1.6
trend60       0.27 |  109      2.2 0.88   -43.6    14.3    30.8 |     -5.6
ma200_10      0.20 |   81     -5.0 0.84  -208.2    17.4    33.7 |     -3.1
ma50_up       0.36 |  143      7.6 0.87   -22.5    18.1    24.6 |     -9.6
beta_hi       0.24 |   97     20.1 0.94    13.8    20.1    22.2 |    -11.0
absorb_fall   0.56 |  225      4.8 0.88   -19.5    13.8    20.0 |    -14.1
seccorr_lo    0.44 |  178     10.5 0.90    18.5    11.8     6.2 |    -14.6
iv_rich       0.77 |  307     -1.6 0.86   -22.3     9.6     4.9 |     -9.6
iwm_decor     0.34 |  137      3.7 0.88     2.6    -4.0    12.4 |     -7.2
rvx_lo        0.58 |  231      8.5 0.90     4.5    -4.8    20.4 |    -19.8

=== YEARLY UNFILTERED ===
  2018: n= 23 mean=$   -2.5 win=0.87
  2019: n= 52 mean=$   -4.9 win=0.85
  2020: n= 52 mean=$  -48.3 win=0.71
  2021: n= 51 mean=$   10.9 win=0.90
  2022: n= 49 mean=$   15.9 win=0.94
  2023: n= 44 mean=$  -21.9 win=0.80
  2024: n= 50 mean=$   19.9 win=0.94
  2025: n= 51 mean=$    6.6 win=0.88
  2026: n= 29 mean=$   -9.4 win=0.79
